07-26 16:13:33.302  4613  4613 E stagram.android: Invalid resource ID 0x00000009.
07-26 16:13:33.305  4613  4613 E stagram.android: Invalid resource ID 0x00000009.
07-26 16:13:33.305  4613  4613 E stagram.android: Invalid resource ID 0x00000009.
07-26 16:13:33.308  4613  4613 E stagram.android: Invalid resource ID 0x00000009.
07-26 16:13:33.309  4613  4613 E stagram.android: Invalid resource ID 0x00000009.
07-26 16:13:33.312  4613  4613 E stagram.android: Invalid resource ID 0x00000009.
07-26 16:13:33.312  4613  4613 E stagram.android: Invalid resource ID 0x00000009.
07-26 16:13:33.315  4613  4613 E stagram.android: Invalid resource ID 0x00000009.
07-26 16:13:33.382  4613 10651 E ExoDav1dDecoder_JNI: Dav1dDecoder::dav1dInit -- setup signal action
07-26 16:13:33.386  4613  4613 E VideoPlayerImpl: IgBaseVideoPlayer Warning: AV1_INSTANTIATION AV1_INSTANTIATION AV1 decoding using Dav1d;meta.dav1d.av1.decoder
07-26 16:13:33.643  4613 10563 E IdleQueuePayloadBasedServiceLayer: Request empty, but still some servings left: 40960
07-26 16:13:33.663  4613 10544 E IdleQueuePayloadBasedServiceLayer: Request empty, but still some servings left: -40960
07-26 16:13:35.852  4613 10563 E IdleQueuePayloadBasedServiceLayer: Request empty, but still some servings left: 104875
07-26 16:13:35.862  4613 10563 E IdleQueuePayloadBasedServiceLayer: Request empty, but still some servings left: -104875
07-26 16:13:38.234  4613  4613 E stagram.android: Invalid resource ID 0x00000009.
07-26 16:13:38.237  4613  4613 E stagram.android: Invalid resource ID 0x00000009.
07-26 16:13:38.238  4613  4613 E stagram.android: Invalid resource ID 0x00000009.
07-26 16:13:38.241  4613  4613 E stagram.android: Invalid resource ID 0x00000009.
07-26 16:13:38.241  4613  4613 E stagram.android: Invalid resource ID 0x00000009.
07-26 16:13:38.244  4613  4613 E stagram.android: Invalid resource ID 0x00000009.
07-26 16:13:38.245  4613  4613 E stagram.android: Invalid resource ID 0x00000009.
07-26 16:13:38.248  4613  4613 E stagram.android: Invalid resource ID 0x00000009.
07-26 16:13:38.314  4613  4613 E VideoViewsTrackerWithTrace: Adding video view to container without calling setVideoSource() first!
07-26 16:13:38.343  4613  4613 E VideoPlayerImpl: IgBaseVideoPlayer Warning: AV1_INSTANTIATION AV1_INSTANTIATION AV1 decoding using Dav1d;meta.dav1d.av1.decoder
07-26 16:13:38.344  4613 10684 E ExoDav1dDecoder_JNI: Dav1dDecoder::dav1dInit -- setup signal action
07-26 16:13:40.630  4613 10531 E IdleQueuePayloadBasedServiceLayer: Request empty, but still some servings left: 45283
07-26 16:13:40.642  4613 10531 E IdleQueuePayloadBasedServiceLayer: Request empty, but still some servings left: 213705
07-26 16:13:40.742  4613 10240 E IdleQueuePayloadBasedServiceLayer: Request empty, but still some servings left: -258988
07-26 16:13:41.895  4613  4613 E stagram.android: No package ID ff found for resource ID 0xffffffff.
07-26 16:13:41.899  4613  4613 E stagram.android: No package ID ff found for resource ID 0xffffffff.
07-26 16:13:41.899  4613  4613 E stagram.android: Invalid resource ID 0x00000009.
07-26 16:13:41.903  4613  4613 E stagram.android: Invalid resource ID 0x00000009.
07-26 16:13:41.903  4613  4613 E stagram.android: Invalid resource ID 0x00000009.
07-26 16:13:41.907  4613  4613 E stagram.android: Invalid resource ID 0x00000009.
07-26 16:13:41.960  4613  4613 E VideoPlayerImpl: IgBaseVideoPlayer Warning: AV1_INSTANTIATION AV1_INSTANTIATION AV1 decoding using Dav1d;meta.dav1d.av1.decoder
07-26 16:13:41.983  4613 10725 E ExoDav1dDecoder_JNI: Dav1dDecoder::dav1dInit -- setup signal action
07-26 16:13:42.014  4613 10731 E MediaCodec: [decoder] audio output stuck act:46 ms, cal:0 ms
07-26 16:13:42.014  4613 10731 E MediaCodec: [decoder] audio output stuck act:46 ms, cal:0 ms
07-26 16:13:44.333  4613 10240 E IdleQueuePayloadBasedServiceLayer: Request empty, but still some servings left: 266796
07-26 16:13:44.431  4613 10240 E IdleQueuePayloadBasedServiceLayer: Request empty, but still some servings left: -266796
07-26 16:13:45.380  4613  4613 E stagram.android: Invalid resource ID 0x00000009.
07-26 16:13:45.384  4613  4613 E stagram.android: Invalid resource ID 0x00000009.
07-26 16:13:45.384  4613  4613 E stagram.android: Invalid resource ID 0x00000009.
07-26 16:13:45.387  4613  4613 E stagram.android: Invalid resource ID 0x00000009.
07-26 16:13:45.387  4613  4613 E stagram.android: Invalid resource ID 0x00000009.
07-26 16:13:45.390  4613  4613 E stagram.android: Invalid resource ID 0x00000009.
07-26 16:13:45.391  4613  4613 E stagram.android: Invalid resource ID 0x00000009.
07-26 16:13:45.394  4613  4613 E stagram.android: Invalid resource ID 0x00000009.
07-26 16:13:46.733  4613  9905 E IdleQueuePayloadBasedServiceLayer: Request empty, but still some servings left: 509404
07-26 16:13:46.867  4613 10531 E IdleQueuePayloadBasedServiceLayer: Request empty, but still some servings left: -509404
07-26 16:13:47.896  4613  4613 E stagram.android: Invalid resource ID 0x00000009.
07-26 16:13:47.899  4613  4613 E stagram.android: Invalid resource ID 0x00000009.
07-26 16:13:47.899  4613  4613 E stagram.android: Invalid resource ID 0x00000009.
07-26 16:13:47.902  4613  4613 E stagram.android: Invalid resource ID 0x00000009.
07-26 16:13:47.902  4613  4613 E stagram.android: Invalid resource ID 0x00000009.
07-26 16:13:47.906  4613  4613 E stagram.android: Invalid resource ID 0x00000009.
07-26 16:13:47.906  4613  4613 E stagram.android: Invalid resource ID 0x00000009.
07-26 16:13:47.909  4613  4613 E stagram.android: Invalid resource ID 0x00000009.
07-26 16:13:48.103  4613  8759 E OpenGLRenderer: Unable to match the desired swap behavior.
07-26 16:13:48.523  4613  9905 E IdleQueuePayloadBasedServiceLayer: Request empty, but still some servings left: 568
07-26 16:13:48.528  4613  9905 E IdleQueuePayloadBasedServiceLayer: Request empty, but still some servings left: -568
07-26 16:13:50.060  4613 10544 E IdleQueuePayloadBasedServiceLayer: Request empty, but still some servings left: 289762
07-26 16:13:50.159  4613 10544 E IdleQueuePayloadBasedServiceLayer: Request empty, but still some servings left: -289762
07-26 16:13:55.005  4613 10531 E IdleQueuePayloadBasedServiceLayer: Request empty, but still some servings left: 438904
07-26 16:13:55.158  4613 10544 E IdleQueuePayloadBasedServiceLayer: Request empty, but still some servings left: -438904
07-26 16:13:59.973  4613 10240 E IdleQueuePayloadBasedServiceLayer: Request empty, but still some servings left: 424077
07-26 16:14:00.118  4613 10240 E IdleQueuePayloadBasedServiceLayer: Request empty, but still some servings left: -424077
07-26 16:14:04.849  4613 10544 E IdleQueuePayloadBasedServiceLayer: Request empty, but still some servings left: 458159
07-26 16:14:04.994  4613 10544 E IdleQueuePayloadBasedServiceLayer: Request empty, but still some servings left: -458159
07-26 16:14:09.763  4613 10531 E IdleQueuePayloadBasedServiceLayer: Request empty, but still some servings left: 448819
07-26 16:14:09.928  4613 10544 E IdleQueuePayloadBasedServiceLayer: Request empty, but still some servings left: -448819
07-26 16:14:14.736  4613 10240 E IdleQueuePayloadBasedServiceLayer: Request empty, but still some servings left: 463732
07-26 16:14:14.858  4613 10240 E IdleQueuePayloadBasedServiceLayer: Request empty, but still some servings left: -463732
07-26 16:14:19.658  4613 10531 E IdleQueuePayloadBasedServiceLayer: Request empty, but still some servings left: 509253
07-26 16:14:19.913  4613 10240 E IdleQueuePayloadBasedServiceLayer: Request empty, but still some servings left: -509253
07-26 16:14:24.649  4613 10544 E IdleQueuePayloadBasedServiceLayer: Request empty, but still some servings left: 434082
07-26 16:14:24.791  4613 10544 E IdleQueuePayloadBasedServiceLayer: Request empty, but still some servings left: -434082
07-26 16:14:26.609  4613  4613 E stagram.android: Invalid resource ID 0x00000009.
07-26 16:14:26.612  4613  4613 E stagram.android: Invalid resource ID 0x00000009.
07-26 16:14:26.613  4613  4613 E stagram.android: Invalid resource ID 0x00000009.
07-26 16:14:26.616  4613  4613 E stagram.android: Invalid resource ID 0x00000009.
07-26 16:14:26.616  4613  4613 E stagram.android: Invalid resource ID 0x00000009.
07-26 16:14:26.619  4613  4613 E stagram.android: Invalid resource ID 0x00000009.
07-26 16:14:26.619  4613  4613 E stagram.android: Invalid resource ID 0x00000009.
07-26 16:14:26.622  4613  4613 E stagram.android: Invalid resource ID 0x00000009.
07-26 16:14:26.839  4613  8759 E OpenGLRenderer: Unable to match the desired swap behavior.
07-26 16:14:26.877  4613  8759 E OpenGLRenderer: Unable to match the desired swap behavior.
07-26 16:14:27.872  4613 10531 E IdleQueuePayloadBasedServiceLayer: Request empty, but still some servings left: 163840
07-26 16:14:27.903  4613 10563 E IdleQueuePayloadBasedServiceLayer: Request empty, but still some servings left: -40960
07-26 16:14:28.000  4613 10563 E IdleQueuePayloadBasedServiceLayer: Request empty, but still some servings left: -40960
07-26 16:14:28.181  4613 10240 E IdleQueuePayloadBasedServiceLayer: Request empty, but still some servings left: -40960
07-26 16:14:28.474  4613 10240 E IdleQueuePayloadBasedServiceLayer: Request empty, but still some servings left: -40960
07-26 16:14:29.497  4613 10240 E IdleQueuePayloadBasedServiceLayer: Request empty, but still some servings left: 552061
07-26 16:14:29.648  4613 10763 E IdleQueuePayloadBasedServiceLayer: Request empty, but still some servings left: -552061
07-26 16:14:30.541  4613  4613 E stagram.android: No package ID ff found for resource ID 0xffffffff.
07-26 16:14:30.544  4613  4613 E stagram.android: No package ID ff found for resource ID 0xffffffff.
07-26 16:14:34.469  4613 10240 E IdleQueuePayloadBasedServiceLayer: Request empty, but still some servings left: 404250
07-26 16:14:34.618  4613 10563 E IdleQueuePayloadBasedServiceLayer: Request empty, but still some servings left: -404250
07-26 16:14:34.965  4613  4613 E stagram.android: No package ID ff found for resource ID 0xffffffff.
07-26 16:14:34.968  4613  4613 E stagram.android: No package ID ff found for resource ID 0xffffffff.
07-26 16:14:39.370  4613 10563 E IdleQueuePayloadBasedServiceLayer: Request empty, but still some servings left: 462805
07-26 16:14:39.624  4613 10240 E IdleQueuePayloadBasedServiceLayer: Request empty, but still some servings left: -462805
07-26 16:14:44.433  4613 10763 E IdleQueuePayloadBasedServiceLayer: Request empty, but still some servings left: 408562
07-26 16:14:44.548  4613 10563 E IdleQueuePayloadBasedServiceLayer: Request empty, but still some servings left: -408562
07-26 16:14:49.235  4613 10563 E IdleQueuePayloadBasedServiceLayer: Request empty, but still some servings left: 376335
07-26 16:14:49.429  4613 10240 E IdleQueuePayloadBasedServiceLayer: Request empty, but still some servings left: -376335
07-26 16:14:54.329  4613 10763 E IdleQueuePayloadBasedServiceLayer: Request empty, but still some servings left: 312045
07-26 16:14:54.479  4613 10763 E IdleQueuePayloadBasedServiceLayer: Request empty, but still some servings left: -312045
07-26 16:14:59.948  4613 10763 E IdleQueuePayloadBasedServiceLayer: Request empty, but still some servings left: 40960
07-26 16:15:00.140  4613  4613 E stagram.android: No package ID ff found for resource ID 0xffffffff.
07-26 16:15:00.143  4613  4613 E stagram.android: No package ID ff found for resource ID 0xffffffff.
07-26 16:15:00.435  4613 10763 E IdleQueuePayloadBasedServiceLayer: Request empty, but still some servings left: -40960
07-26 16:15:01.398  4613  4613 E stagram.android: Invalid resource ID 0x00000009.
07-26 16:15:01.401  4613  4613 E stagram.android: Invalid resource ID 0x00000009.
07-26 16:15:01.402  4613  4613 E stagram.android: Invalid resource ID 0x00000009.
07-26 16:15:01.405  4613  4613 E stagram.android: Invalid resource ID 0x00000009.
07-26 16:15:01.405  4613  4613 E stagram.android: Invalid resource ID 0x00000009.
07-26 16:15:01.408  4613  4613 E stagram.android: Invalid resource ID 0x00000009.
07-26 16:15:01.409  4613  4613 E stagram.android: Invalid resource ID 0x00000009.
07-26 16:15:01.412  4613  4613 E stagram.android: Invalid resource ID 0x00000009.
07-26 16:15:01.457  4613  4613 E VideoPlayerImpl: IgBaseVideoPlayer Warning: AV1_INSTANTIATION AV1_INSTANTIATION AV1 decoding using Dav1d;meta.dav1d.av1.decoder
07-26 16:15:01.464  4613 10867 E ExoDav1dDecoder_JNI: Dav1dDecoder::dav1dInit -- setup signal action
07-26 16:15:01.791  4613 10763 E IdleQueuePayloadBasedServiceLayer: Request empty, but still some servings left: 40960
07-26 16:15:01.826  4613 10240 E IdleQueuePayloadBasedServiceLayer: Request empty, but still some servings left: -40960
07-26 16:15:03.136  4613  4613 E stagram.android: No package ID ff found for resource ID 0xffffffff.
07-26 16:15:03.140  4613  4613 E stagram.android: No package ID ff found for resource ID 0xffffffff.
07-26 16:15:03.140  4613  4613 E stagram.android: Invalid resource ID 0x00000009.
07-26 16:15:03.143  4613  4613 E stagram.android: Invalid resource ID 0x00000009.
07-26 16:15:03.144  4613  4613 E stagram.android: Invalid resource ID 0x00000009.
07-26 16:15:03.147  4613  4613 E stagram.android: Invalid resource ID 0x00000009.
07-26 16:15:03.722  4613 10544 E IdleQueuePayloadBasedServiceLayer: Request empty, but still some servings left: 238536
07-26 16:15:03.839  4613 10763 E IdleQueuePayloadBasedServiceLayer: Request empty, but still some servings left: -23994
07-26 16:15:03.914  4613 10544 E IdleQueuePayloadBasedServiceLayer: Request empty, but still some servings left: -214542
07-26 16:15:05.263  4613  4613 E stagram.android: Invalid resource ID 0x00000009.
07-26 16:15:05.278  4613  4613 E stagram.android: Invalid resource ID 0x00000009.
07-26 16:15:05.278  4613  4613 E stagram.android: Invalid resource ID 0x00000009.
07-26 16:15:05.282  4613  4613 E stagram.android: Invalid resource ID 0x00000009.
07-26 16:15:05.282  4613  4613 E stagram.android: Invalid resource ID 0x00000009.
07-26 16:15:05.285  4613  4613 E stagram.android: Invalid resource ID 0x00000009.
07-26 16:15:05.285  4613  4613 E stagram.android: Invalid resource ID 0x00000009.
07-26 16:15:05.288  4613  4613 E stagram.android: Invalid resource ID 0x00000009.
07-26 16:15:05.464  4613  8759 E OpenGLRenderer: Unable to match the desired swap behavior.
07-26 16:15:05.488  4613  8759 E OpenGLRenderer: Unable to match the desired swap behavior.
07-26 16:15:06.175  4613 10531 E IdleQueuePayloadBasedServiceLayer: Request empty, but still some servings left: 543032
07-26 16:15:06.199  4613 10763 E IdleQueuePayloadBasedServiceLayer: Request empty, but still some servings left: 16569
07-26 16:15:06.699  4613 10240 E IdleQueuePayloadBasedServiceLayer: Request empty, but still some servings left: -204756
07-26 16:15:06.790  4613 10563 E IdleQueuePayloadBasedServiceLayer: Request empty, but still some servings left: -40960
07-26 16:15:06.819  4613 10240 E IdleQueuePayloadBasedServiceLayer: Request empty, but still some servings left: -40960
07-26 16:15:06.858  4613 10563 E IdleQueuePayloadBasedServiceLayer: Request empty, but still some servings left: -40960
07-26 16:15:06.890  4613 10563 E IdleQueuePayloadBasedServiceLayer: Request empty, but still some servings left: -150045
07-26 16:15:07.056  4613 10763 E IdleQueuePayloadBasedServiceLayer: Request empty, but still some servings left: -40960
07-26 16:15:07.459  4613  4613 E stagram.android: No package ID ff found for resource ID 0xffffffff.
07-26 16:15:07.464  4613  4613 E stagram.android: No package ID ff found for resource ID 0xffffffff.
07-26 16:15:07.514  4613 10563 E IdleQueuePayloadBasedServiceLayer: Request empty, but still some servings left: -40960
07-26 16:15:07.809 29377 10945 E Fabric  : Settings request failed.
07-26 16:15:07.811 29377 10952 E Answers : Failed to retrieve settings
07-26 16:15:08.245  4613  4613 E stagram.android: Invalid resource ID 0x00000009.
07-26 16:15:08.248  4613  4613 E stagram.android: Invalid resource ID 0x00000009.
07-26 16:15:08.249  4613  4613 E stagram.android: Invalid resource ID 0x00000009.
07-26 16:15:08.252  4613  4613 E stagram.android: Invalid resource ID 0x00000009.
07-26 16:15:08.252  4613  4613 E stagram.android: Invalid resource ID 0x00000009.
07-26 16:15:08.256  4613  4613 E stagram.android: Invalid resource ID 0x00000009.
07-26 16:15:08.256  4613  4613 E stagram.android: Invalid resource ID 0x00000009.
07-26 16:15:08.259  4613  4613 E stagram.android: Invalid resource ID 0x00000009.
07-26 16:15:09.642  4613 10763 E IdleQueuePayloadBasedServiceLayer: Request empty, but still some servings left: 56573
07-26 16:15:09.801  4613 10240 E IdleQueuePayloadBasedServiceLayer: Request empty, but still some servings left: -56573
07-26 16:15:12.881  4613  4613 E stagram.android: Invalid resource ID 0x00000009.
07-26 16:15:12.885  4613  4613 E stagram.android: Invalid resource ID 0x00000009.
07-26 16:15:12.885  4613  4613 E stagram.android: Invalid resource ID 0x00000009.
07-26 16:15:12.888  4613  4613 E stagram.android: Invalid resource ID 0x00000009.
07-26 16:15:12.888  4613  4613 E stagram.android: Invalid resource ID 0x00000009.
07-26 16:15:12.891  4613  4613 E stagram.android: Invalid resource ID 0x00000009.
07-26 16:15:12.891  4613  4613 E stagram.android: Invalid resource ID 0x00000009.
07-26 16:15:12.895  4613  4613 E stagram.android: Invalid resource ID 0x00000009.
07-26 16:15:13.042  4613  8759 E OpenGLRenderer: Unable to match the desired swap behavior.
07-26 16:15:13.079  4613  8759 E OpenGLRenderer: Unable to match the desired swap behavior.
07-26 16:15:13.255  4613  4613 E UnifiedTimeEntryMerger: when percent is zero percent, it should never be FBMerlinVPVStatusUpdate status.
07-26 16:15:14.500  4613 10563 E IdleQueuePayloadBasedServiceLayer: Request empty, but still some servings left: 171245
07-26 16:15:14.571  4613 10563 E IdleQueuePayloadBasedServiceLayer: Request empty, but still some servings left: -171245
07-26 16:15:19.450  4613 10563 E IdleQueuePayloadBasedServiceLayer: Request empty, but still some servings left: 278368
07-26 16:15:19.531  4613 10240 E IdleQueuePayloadBasedServiceLayer: Request empty, but still some servings left: -278368
07-26 16:15:22.964  4613  4613 E CriticalPathManagerImpl: critical path timeout: 31784962,
07-26 16:15:23.290  4613  4613 E stagram.android: Invalid resource ID 0x00000009.
07-26 16:15:23.293  4613  4613 E stagram.android: Invalid resource ID 0x00000009.
07-26 16:15:23.293  4613  4613 E stagram.android: Invalid resource ID 0x00000009.
07-26 16:15:23.297  4613  4613 E stagram.android: Invalid resource ID 0x00000009.
07-26 16:15:23.297  4613  4613 E stagram.android: Invalid resource ID 0x00000009.
07-26 16:15:23.300  4613  4613 E stagram.android: Invalid resource ID 0x00000009.
07-26 16:15:23.300  4613  4613 E stagram.android: Invalid resource ID 0x00000009.
07-26 16:15:23.303  4613  4613 E stagram.android: Invalid resource ID 0x00000009.
07-26 16:15:23.348  4613 11084 E ExoDav1dDecoder_JNI: Dav1dDecoder::dav1dInit -- setup signal action
07-26 16:15:23.349  4613  4613 E VideoPlayerImpl: IgBaseVideoPlayer Warning: AV1_INSTANTIATION AV1_INSTANTIATION AV1 decoding using Dav1d;meta.dav1d.av1.decoder
07-26 16:15:23.659  4613 10240 E IdleQueuePayloadBasedServiceLayer: Request empty, but still some servings left: 163840
07-26 16:15:23.669  4613 10563 E IdleQueuePayloadBasedServiceLayer: Request empty, but still some servings left: -40960
07-26 16:15:23.678  4613 10240 E IdleQueuePayloadBasedServiceLayer: Request empty, but still some servings left: -40960
07-26 16:15:23.686  4613 10763 E IdleQueuePayloadBasedServiceLayer: Request empty, but still some servings left: -81920
07-26 16:15:25.607  4613 10763 E IdleQueuePayloadBasedServiceLayer: Request empty, but still some servings left: 918
07-26 16:15:25.610  4613 10563 E IdleQueuePayloadBasedServiceLayer: Request empty, but still some servings left: -918
07-26 16:15:25.680  4613 10763 E IdleQueuePayloadBasedServiceLayer: Request empty, but still some servings left: 1075111
07-26 16:15:26.086  4613 10763 E IdleQueuePayloadBasedServiceLayer: Request empty, but still some servings left: -1075111
07-26 16:15:26.813  4613  4613 E stagram.android: Invalid resource ID 0x00000009.
07-26 16:15:26.816  4613  4613 E stagram.android: Invalid resource ID 0x00000009.
07-26 16:15:26.816  4613  4613 E stagram.android: Invalid resource ID 0x00000009.
07-26 16:15:26.820  4613  4613 E stagram.android: Invalid resource ID 0x00000009.
07-26 16:15:26.820  4613  4613 E stagram.android: Invalid resource ID 0x00000009.
07-26 16:15:26.823  4613  4613 E stagram.android: Invalid resource ID 0x00000009.
07-26 16:15:26.823  4613  4613 E stagram.android: Invalid resource ID 0x00000009.
07-26 16:15:26.826  4613  4613 E stagram.android: Invalid resource ID 0x00000009.
07-26 16:15:26.886  4613  4613 E VideoPlayerImpl: IgBaseVideoPlayer Warning: AV1_INSTANTIATION AV1_INSTANTIATION AV1 decoding using Dav1d;meta.dav1d.av1.decoder
07-26 16:15:26.892  4613 11116 E ExoDav1dDecoder_JNI: Dav1dDecoder::dav1dInit -- setup signal action
07-26 16:15:29.254  4613 10531 E IdleQueuePayloadBasedServiceLayer: Request empty, but still some servings left: 371355
07-26 16:15:29.305  4613 10531 E IdleQueuePayloadBasedServiceLayer: Request empty, but still some servings left: -371355
07-26 16:15:31.652  4613 10563 E IdleQueuePayloadBasedServiceLayer: Request empty, but still some servings left: 84591
07-26 16:15:31.675  4613 10531 E IdleQueuePayloadBasedServiceLayer: Request empty, but still some servings left: -84591
07-26 16:15:33.420  4613  4613 E stagram.android: Invalid resource ID 0x00000009.
07-26 16:15:33.423  4613  4613 E stagram.android: Invalid resource ID 0x00000009.
07-26 16:15:33.423  4613  4613 E stagram.android: Invalid resource ID 0x00000009.
07-26 16:15:33.426  4613  4613 E stagram.android: Invalid resource ID 0x00000009.
07-26 16:15:33.427  4613  4613 E stagram.android: Invalid resource ID 0x00000009.
07-26 16:15:33.430  4613  4613 E stagram.android: Invalid resource ID 0x00000009.
07-26 16:15:33.430  4613  4613 E stagram.android: Invalid resource ID 0x00000009.
07-26 16:15:33.433  4613  4613 E stagram.android: Invalid resource ID 0x00000009.
07-26 16:15:33.625  4613  8759 E OpenGLRenderer: Unable to match the desired swap behavior.
07-26 16:15:33.645  4613  8759 E OpenGLRenderer: Unable to match the desired swap behavior.
07-26 16:15:36.425  4613  4613 E stagram.android: Invalid resource ID 0x00000009.
07-26 16:15:36.429  4613  4613 E stagram.android: Invalid resource ID 0x00000009.
07-26 16:15:36.431  4613  4613 E stagram.android: Invalid resource ID 0x00000009.
07-26 16:15:36.434  4613  4613 E stagram.android: Invalid resource ID 0x00000009.
07-26 16:15:36.434  4613  4613 E stagram.android: Invalid resource ID 0x00000009.
07-26 16:15:36.438  4613  4613 E stagram.android: Invalid resource ID 0x00000009.
07-26 16:15:36.438  4613  4613 E stagram.android: Invalid resource ID 0x00000009.
07-26 16:15:36.441  4613  4613 E stagram.android: Invalid resource ID 0x00000009.
07-26 16:15:41.833  4613  4613 E stagram.android: Invalid resource ID 0x00000009.
07-26 16:15:41.836  4613  4613 E stagram.android: Invalid resource ID 0x00000009.
07-26 16:15:41.836  4613  4613 E stagram.android: Invalid resource ID 0x00000009.
07-26 16:15:41.840  4613  4613 E stagram.android: Invalid resource ID 0x00000009.
07-26 16:15:41.840  4613  4613 E stagram.android: Invalid resource ID 0x00000009.
07-26 16:15:41.843  4613  4613 E stagram.android: Invalid resource ID 0x00000009.
07-26 16:15:41.843  4613  4613 E stagram.android: Invalid resource ID 0x00000009.
07-26 16:15:41.847  4613  4613 E stagram.android: Invalid resource ID 0x00000009.
07-26 16:15:42.026  4613  8759 E OpenGLRenderer: Unable to match the desired swap behavior.
07-26 16:15:42.083  4613  8759 E OpenGLRenderer: Unable to match the desired swap behavior.
07-26 16:15:42.103  4613 10544 E IdleQueuePayloadBasedServiceLayer: Request empty, but still some servings left: 40960
07-26 16:15:42.242  4613  4613 E UnifiedTimeEntryMerger: when percent is zero percent, it should never be FBMerlinVPVStatusUpdate status.
07-26 16:15:42.289  4613 10563 E IdleQueuePayloadBasedServiceLayer: Request empty, but still some servings left: -40960
07-26 16:15:53.820  4613  4955 E MvfstCallbacks.cpp: readError: streamid=3; error=LocalError: Connection abandoned, Error on socket write Network is unreachable,
07-26 16:15:53.820  4613  4955 E MvfstCallbacks.cpp: readError: streamid=11; error=LocalError: Connection abandoned, Error on socket write Network is unreachable,
07-26 16:15:53.820  4613  4955 E MvfstCallbacks.cpp: readError: streamid=7; error=LocalError: Connection abandoned, Error on socket write Network is unreachable,
07-26 16:15:53.820  4613  4955 E MvfstCallbacks.cpp: readError: streamid=636; error=LocalError: Connection abandoned, Error on socket write Network is unreachable,
07-26 16:15:53.821  4613  4955 E MvfstCallbacks.cpp: onConnectionError: error=LocalError: Connection abandoned, Error on socket write Network is unreachable,
07-26 16:15:53.824  4613  4955 E MvfstCallbacks.cpp: onConnectionSetupError: error=LocalError: Connection abandoned, Error on socket write Network is unreachable,
07-26 16:15:53.944 15342 11361 E NotificationCenter: NotificationCenter.registerListenerInternal():378 Listener vta@e2d965 is already registered for notification class vsc
07-26 16:15:55.129  4613  4613 E stagram.android: Invalid resource ID 0x00000009.
07-26 16:15:55.132  4613  4613 E stagram.android: Invalid resource ID 0x00000009.
07-26 16:15:55.132  4613  4613 E stagram.android: Invalid resource ID 0x00000009.
07-26 16:15:55.135  4613  4613 E stagram.android: Invalid resource ID 0x00000009.
07-26 16:15:55.135  4613  4613 E stagram.android: Invalid resource ID 0x00000009.
07-26 16:15:55.138  4613  4613 E stagram.android: Invalid resource ID 0x00000009.
07-26 16:15:55.139  4613  4613 E stagram.android: Invalid resource ID 0x00000009.
07-26 16:15:55.146  4613  4613 E stagram.android: Invalid resource ID 0x00000009.
07-26 16:15:55.185  8600  9001 E OpenGLRenderer: Unable to match the desired swap behavior.
07-26 16:15:55.259  4613  4613 E VideoPlayerImpl: IgBaseVideoPlayer Warning: AV1_INSTANTIATION AV1_INSTANTIATION AV1 decoding using Dav1d;meta.dav1d.av1.decoder
07-26 16:15:55.268  4613 11546 E ExoDav1dDecoder_JNI: Dav1dDecoder::dav1dInit -- setup signal action
07-26 16:15:55.522  4613  4955 E MvfstCallbacks.cpp: onConnectionSetupError: error=LocalError: Connection abandoned, Error on socket write Network is unreachable,
07-26 16:15:55.574  4613  5005 E MvfstCallbacks.cpp: readError: streamid=3; error=LocalError: Connection abandoned, Error on socket write Network is unreachable,
07-26 16:15:55.574  4613  5005 E MvfstCallbacks.cpp: readError: streamid=7; error=LocalError: Connection abandoned, Error on socket write Network is unreachable,
07-26 16:15:55.574  4613  5005 E MvfstCallbacks.cpp: readError: streamid=11; error=LocalError: Connection abandoned, Error on socket write Network is unreachable,
07-26 16:15:55.574  4613  5005 E MvfstCallbacks.cpp: readError: streamid=12; error=LocalError: Connection abandoned, Error on socket write Network is unreachable,
07-26 16:15:55.574  4613  5005 E MvfstCallbacks.cpp: readError: streamid=16; error=LocalError: Connection abandoned, Error on socket write Network is unreachable,
07-26 16:15:55.574  4613  5005 E MvfstCallbacks.cpp: readError: streamid=20; error=LocalError: Connection abandoned, Error on socket write Network is unreachable,
07-26 16:15:55.574  4613  5005 E MvfstCallbacks.cpp: onConnectionError: error=LocalError: Connection abandoned, Error on socket write Network is unreachable,
07-26 16:15:55.664  4613  4727 E MQTTBypassDGWStreamGroupCallbacks.cpp: onStreamGroupError Error Domain=MNSQUICConnection Code=0 UserInfo=0xb400007684b916e0 {MCFErrorDirectLocalizedFailureReasonKey=Error on socket write Network is unreachable, }
07-26 16:15:55.705  4613  5540 E msys    : E[N mccw.liger]onReadError(732)=>read/error - ex: AsyncSocketException: recv() failed (peer=157.240.16.175:5222), type = Internal error, errno = 103 (Software caused connection abort), errno: 103
07-26 16:15:55.705  4613  5095 E msys    : E[N MQTT]readErr(150)=>TCPStreamTransport readErr
07-26 16:15:55.705  4613  5095 E msys    : E[N MQTT]onReadError(656)=>Read Error: AsyncSocketException: recv() failed (peer=[2a03:2880:f36a:90:face:b00c:0:8e]:443), type = Internal error, errno = 103 (Software caused connection abort)
07-26 16:15:55.712  4613  5005 E MvfstCallbacks.cpp: onConnectionSetupError: error=LocalError: Connection abandoned, Error on socket write Network is unreachable,
07-26 16:15:55.739  4613  5094 E msys    : E[N WA]_WCCXMPPStreamDisconnectHandler(299)=>xmpp/disconnect - WCIStreamStateErrorCode: 2, domain: WCIStreamState, subdomain: MCCWLigerStream: Error Domain=WCIStreamState Code=2 UserInfo=0xb400007684e918e0 {MCFErrorDirectUnderlyingErrorKey=0xb4000074f4da2710 "Error Domain=MCCWLigerStream Code=2 UserInfo=0xb40000768501eaa0 {MCFErrorDirectLocalizedFailureReasonKey=AsyncSocketException: recv() failed (peer=157.240.16.175:5222), type = Internal error, errno = 103 (Software caused connection abort)}"}
07-26 16:15:55.739  4613  5094 E msys    : E[N WA]_WCCConnectionDefaultLifecycleEventHandler(1966)=>[INFO] connection/xmpp/lifecycle_event/not-connected, [537.7138s]
07-26 16:15:55.740  4613  5094 E msys    : E[N WA]_WCCXMPPStreamDoDisconnect(1050)=>xmpp/disconnect - flags: 256
07-26 16:15:55.740  4613  5094 E msys    : E[N WA]_WCCConnectionDefaultDisconnectHandler(2064)=>connection/disconnected, peer reset
07-26 16:15:55.744  4613  5094 E msys    : E[N WA]_WCCConnectionDefaultEmitStateChange(2937)=>[INFO] connection/new_state/not-connected [connection_id=257349769, wcc_source=1, wcc_reason=18]
07-26 16:15:55.745  4613  5094 E msys    : E[C 1]MCCLogErrorWithTraceOrQPL(275)=>8/374/3970/65536
07-26 16:15:55.745  4613  5094 E msys    : E[C 1]MCCLogErrorWithTraceOrQPL(275)=>8/374/3972/18
07-26 16:15:55.745  4613  5094 E msys    : E[C mem.context]_LogConnectFailure(4976)=>Establishing connection failure reason and flags: disconnect/Doze/-1/reason/18/flags/65536/[-, -, -, -, -, -, -, -, -, peer_reset, -]
07-26 16:15:55.745  4613  5094 E msys    : E[C mem.context]_LogConnectFailure(5010)=>[Happy Eyeball] Connect failed with source=1, winner stream ip=157.240.16.175, port=5222, dnsResolutionMethod=1, combined_ip_addresses=157.240.16.175
07-26 16:15:55.746  4613  5094 E msys    : E[N WA]_WCCConnectionDefaultDisconnectHandler(2089)=>[INFO] connection/disconnected/[did-connect, did-read-bytes]
07-26 16:15:55.753  4613  5094 E msys    : E[N WA]_WCCConnectionDefaultEmitStateChange(2937)=>[INFO] connection/new_state/connecting [connection_id=257349770, wcc_source=1, wcc_reason=18]
07-26 16:15:55.766  4613  5094 E msys    : E[N WA]_WCCConnectionDefaultDoConnectWithAuthKeys(1434)=>[INFO] connection/connect/start/[host=z-p42-chat-e2ee-ig.facebook.com port=5222]/[57.144.208.36:5222]
07-26 16:15:55.767  4613  5094 E msys    : E[N WA]_WCCConnectionDefaultLifecycleEventHandler(1958)=>[INFO] connection/xmpp/lifecycle_event/will-connect
07-26 16:15:55.775  4613  5540 E msys    : E[N mccw.liger]onConnectError(579)=>connect/error - address: 2a03:2880:f36a:24:face:b00c:0:6e2e, port: 5222, ex: folly::AsyncSocketException: AsyncSocketException: connect failed (immediately), type = Socket not open, errno = 101 (Network is unreachable)
07-26 16:15:55.778  4613  5540 E msys    : E[N mccw.liger]onConnectError(579)=>connect/error - address: 2a03:2880:f36a:24:face:b00c:0:6e2e, port: 443, ex: folly::AsyncSocketException: AsyncSocketException: connect failed (immediately), type = Socket not open, errno = 101 (Network is unreachable)
07-26 16:15:55.785  4613  5540 E msys    : E[N mccw.liger]onConnectError(579)=>connect/error - address: 2a03:2880:f36a:24:face:b00c:0:6e2e, port: 80, ex: folly::AsyncSocketException: AsyncSocketException: connect failed (immediately), type = Socket not open, errno = 101 (Network is unreachable)
07-26 16:15:55.831  4613  5094 E msys    : E[N WA]_WCCConnectionDefaultLifecycleEventHandler(1966)=>[INFO] connection/xmpp/lifecycle_event/did-connect, [0.0632s]
07-26 16:15:55.837  4613  5094 E msys    : E[N WA]_WCCConnectionDefaultLifecycleEventHandler(1966)=>[INFO] connection/xmpp/lifecycle_event/did-send-initial-payload, [0.0061s]
07-26 16:15:56.018  4613  4955 E MvfstCallbacks.cpp: readError: streamid=3; error=LocalError: Connection abandoned, Error on socket write Network is unreachable,
07-26 16:15:56.019  4613  4955 E MvfstCallbacks.cpp: readError: streamid=7; error=LocalError: Connection abandoned, Error on socket write Network is unreachable,
07-26 16:15:56.019  4613  4955 E MvfstCallbacks.cpp: readError: streamid=112; error=LocalError: Connection abandoned, Error on socket write Network is unreachable,
07-26 16:15:56.019  4613  4955 E MvfstCallbacks.cpp: readError: streamid=11; error=LocalError: Connection abandoned, Error on socket write Network is unreachable,
07-26 16:15:56.019  4613  4955 E MvfstCallbacks.cpp: onConnectionError: error=LocalError: Connection abandoned, Error on socket write Network is unreachable,
07-26 16:15:56.072 30319 30675 E PushMessagingListener: Push messaging registration failed.
07-26 16:15:56.072 30319 30675 E PushMessagingListener: java.lang.NullPointerException: Attempt to read from field 'int gwc.f' on a null object reference in method 'void hln.a(java.util.List)'
07-26 16:15:56.072 30319 30675 E PushMessagingListener:         at hln.a(PG:113)
07-26 16:15:56.072 30319 30675 E PushMessagingListener:         at haa.b(PG:727)
07-26 16:15:56.072 30319 30675 E PushMessagingListener:         at nqf.e(PG:12)
07-26 16:15:56.072 30319 30675 E PushMessagingListener:         at nvd.run(PG:107)
07-26 16:15:56.072 30319 30675 E PushMessagingListener:         at java.util.concurrent.ThreadPoolExecutor.runWorker(ThreadPoolExecutor.java:1156)
07-26 16:15:56.072 30319 30675 E PushMessagingListener:         at java.util.concurrent.ThreadPoolExecutor$Worker.run(ThreadPoolExecutor.java:651)
07-26 16:15:56.072 30319 30675 E PushMessagingListener:         at java.lang.Thread.run(Thread.java:1119)
07-26 16:15:56.106 24913 24945 E jzr     : [Gmail] NotificationBroadcastReceiver: Failed to update network state timestamp
07-26 16:15:56.106 24913 24945 E jzr     : java.io.IOException: Inoperable file: canonical[/data/data/com.google.android.gm/files/email_notification_timestamp/shared/EmailNotificationTimestamp.pb] freeSpace[34110881792] protoName[EmailNotificationTimestamp] mode[33152]
07-26 16:15:56.106 24913 24945 E jzr     :      at akhr.ck(PG:97)
07-26 16:15:56.106 24913 24945 E jzr     :      at akhr.cl(PG:36)
07-26 16:15:56.106 24913 24945 E jzr     :      at akhr.aq(PG:39)
07-26 16:15:56.106 24913 24945 E jzr     :      at akxc.b(PG:95)
07-26 16:15:56.106 24913 24945 E jzr     :      at akwy.a(PG:1206)
07-26 16:15:56.106 24913 24945 E jzr     :      at bevl.a(PG:53)
07-26 16:15:56.106 24913 24945 E jzr     :      at bevl.a(PG:29)
07-26 16:15:56.106 24913 24945 E jzr     :      at biza.a(PG:3)
07-26 16:15:56.106 24913 24945 E jzr     :      at biyg.run(PG:19)
07-26 16:15:56.106 24913 24945 E jzr     :      at bizc.run(PG:5)
07-26 16:15:56.106 24913 24945 E jzr     :      at bixl.run(PG:17)
07-26 16:15:56.106 24913 24945 E jzr     :      at biys.run(PG:3)
07-26 16:15:56.106 24913 24945 E jzr     :      at biyt.run(PG:200)
07-26 16:15:56.106 24913 24945 E jzr     :      at adsc.run(PG:7)
07-26 16:15:56.106 24913 24945 E jzr     :      at java.util.concurrent.ThreadPoolExecutor.runWorker(ThreadPoolExecutor.java:1156)
07-26 16:15:56.106 24913 24945 E jzr     :      at java.util.concurrent.ThreadPoolExecutor$Worker.run(ThreadPoolExecutor.java:651)
07-26 16:15:56.106 24913 24945 E jzr     :      at androidx.compose.ui.platform.AndroidComposeView$$ExternalSyntheticLambda4.run(PG:200)
07-26 16:15:56.106 24913 24945 E jzr     :      at java.lang.Thread.run(Thread.java:1119)
07-26 16:15:56.106 24913 24945 E jzr     :      at adsu.run(PG:61)
07-26 16:15:56.106 24913 24945 E jzr     : Caused by: bmjv: While parsing a protocol message, the input ended unexpectedly in the middle of a field.  This could mean either that the input has been truncated or that an embedded message misreported its own length.
07-26 16:15:56.106 24913 24945 E jzr     :      at bmia.U(PG:29)
07-26 16:15:56.106 24913 24945 E jzr     :      at bmia.a(PG:8)
07-26 16:15:56.106 24913 24945 E jzr     :      at bmia.s(PG:8)
07-26 16:15:56.106 24913 24945 E jzr     :      at bmia.j(PG:120)
07-26 16:15:56.106 24913 24945 E jzr     :      at bmia.x(PG:1)
07-26 16:15:56.106 24913 24945 E jzr     :      at bmid.u(PG:7)
07-26 16:15:56.106 24913 24945 E jzr     :      at bmkr.T(PG:27)
07-26 16:15:56.106 24913 24945 E jzr     :      at bmkr.l(PG:1894)
07-26 16:15:56.106 24913 24945 E jzr     :      at bmid.R(PG:20)
07-26 16:15:56.106 24913 24945 E jzr     :      at bmid.x(PG:5)
07-26 16:15:56.106 24913 24945 E jzr     :      at bmkr.l(PG:1884)
07-26 16:15:56.106 24913 24945 E jzr     :      at bmid.R(PG:20)
07-26 16:15:56.106 24913 24945 E jzr     :      at bmid.s(PG:5)
07-26 16:15:56.106 24913 24945 E jzr     :      at bmkr.l(PG:1514)
07-26 16:15:56.106 24913 24945 E jzr     :      at bmid.R(PG:20)
07-26 16:15:56.106 24913 24945 E jzr     :      at bmid.s(PG:5)
07-26 16:15:56.106 24913 24945 E jzr     :      at bmid.t(PG:11)
07-26 16:15:56.106 24913 24945 E jzr     :      at bmid.q(PG:77)
07-26 16:15:56.106 24913 24945 E jzr     :      at bmkr.l(PG:998)
07-26 16:15:56.106 24913 24945 E jzr     :      at bmiw.k(PG:19)
07-26 16:15:56.106 24913 24945 E jzr     :      at bmhh.a(PG:5)
07-26 16:15:56.106 24913 24945 E jzr     :      at bmhh.h(PG:1)
07-26 16:15:56.106 24913 24945 E jzr     :      at akxl.a(PG:9)
07-26 16:15:56.106 24913 24945 E jzr     :      at akxc.b(PG:39)
07-26 16:15:56.106 24913 24945 E jzr     :      ... 15 more
07-26 16:15:56.129  4613  5094 E msys    : E[N WA]_WCCConnectionDefaultLifecycleEventHandler(1966)=>[INFO] connection/xmpp/lifecycle_event/will-handshake, [0.2911s]
07-26 16:15:56.132  4613  5094 E msys    : E[N WA]_WCCConnectionDefaultLifecycleEventHandler(1966)=>[INFO] connection/xmpp/lifecycle_event/did-handshake, [0.0030s]
07-26 16:15:56.146  4613  5094 E msys    : E[N WA]_WCCConnectionDefaultReceiveHandler(2118)=>[INFO] connection/receive/login-success
07-26 16:15:56.146  4613  5094 E msys    : E[N WA]_WCCConnectionDefaultEmitStateChange(2937)=>[INFO] connection/new_state/connected [connection_id=257349770, wcc_source=1, wcc_reason=18]
07-26 16:15:56.272 30319 30675 E PushMessagingListener: Push messaging registration failed.
07-26 16:15:56.272 30319 30675 E PushMessagingListener: java.lang.NullPointerException: Attempt to read from field 'int gwc.f' on a null object reference in method 'void hln.a(java.util.List)'
07-26 16:15:56.272 30319 30675 E PushMessagingListener:         at hln.a(PG:113)
07-26 16:15:56.272 30319 30675 E PushMessagingListener:         at haa.b(PG:727)
07-26 16:15:56.272 30319 30675 E PushMessagingListener:         at nqf.e(PG:12)
07-26 16:15:56.272 30319 30675 E PushMessagingListener:         at nvd.run(PG:107)
07-26 16:15:56.272 30319 30675 E PushMessagingListener:         at java.util.concurrent.ThreadPoolExecutor.runWorker(ThreadPoolExecutor.java:1156)
07-26 16:15:56.272 30319 30675 E PushMessagingListener:         at java.util.concurrent.ThreadPoolExecutor$Worker.run(ThreadPoolExecutor.java:651)
07-26 16:15:56.272 30319 30675 E PushMessagingListener:         at java.lang.Thread.run(Thread.java:1119)
07-26 16:15:56.507 11401 11767 E SQLiteLog: (283) recovered 399 frames from WAL file /data/data/com.Slack/databases/org_TUBAE2LK0-wal
07-26 16:15:56.907 11789 11789 E com.whatsapp: Not starting debugger since process cannot load the jdwp agent.
07-26 16:15:57.664 11905 11905 E stagram.android: Not starting debugger since process cannot load the jdwp agent.
07-26 16:15:58.705 11905 11987 E libEGL  : call to OpenGL ES API with no current context (logged once per thread)
07-26 16:15:58.705 11905 11987 E libEGL  : call to OpenGL ES API with no current context (logged once per thread)
07-26 16:15:58.705 11905 11987 E libEGL  : call to OpenGL ES API with no current context (logged once per thread)
07-26 16:15:58.727 11905 11987 E libEGL  : call to OpenGL ES API with no current context (logged once per thread)
07-26 16:15:58.879 11905 11905 E MDCLLight: Fallback load dex failed for kotlinx.coroutines.test.internal.TestMainDispatcherFactory
07-26 16:15:58.891 11905 11905 E HiddenApis2: Failed to init DecodeJObjectFuncPtr
07-26 16:15:59.056 11401 12039 E SQLiteLog: (283) recovered 302 frames from WAL file /data/data/com.Slack/databases/telemetry_db-wal
07-26 16:15:59.324 11905 12154 E MDCLLight: Fallback load dex failed for androidx.datastore.preferences.protobuf.Extension
07-26 16:15:59.338 11905 12154 E MDCLLight: Fallback load dex failed for androidx.datastore.preferences.protobuf.ExtensionRegistry
07-26 16:15:59.346 11905 12154 E MDCLLight: Fallback load dex failed for androidx.datastore.preferences.protobuf.DescriptorMessageInfoFactory
07-26 16:15:59.348 11905 12154 E MDCLLight: Fallback load dex failed for androidx.datastore.preferences.protobuf.GeneratedMessageV3
07-26 16:15:59.349 11905 12154 E MDCLLight: Fallback load dex failed for androidx.datastore.preferences.protobuf.UnknownFieldSetSchema
07-26 16:15:59.350 11905 12154 E MDCLLight: Fallback load dex failed for androidx.datastore.preferences.protobuf.UnknownFieldSetSchema
07-26 16:15:59.352 11905 12154 E MDCLLight: Fallback load dex failed for org.robolectric.Robolectric
07-26 16:15:59.430 11905 12154 E MDCLLight: Fallback load dex failed for androidx.datastore.preferences.protobuf.NewInstanceSchemaFull
07-26 16:15:59.433 11905 12154 E MDCLLight: Fallback load dex failed for androidx.datastore.preferences.protobuf.ExtensionSchemaFull
07-26 16:15:59.450 11905 12154 E MDCLLight: Fallback load dex failed for androidx.datastore.preferences.protobuf.MapFieldSchemaFull
07-26 16:15:59.841 15939 15996 E BrdcstRcvrMsgr: SvcConn: binder null, could not send broadcast of action
07-26 16:16:00.242  7413 24497 E fmrn    : Unable to stop autobatch scan. [CONTEXT service_id=284 ]
07-26 16:16:00.242  7413 24497 E fmrn    : fmyu: BLE scanner is not available
07-26 16:16:00.242  7413 24497 E fmrn    :      at fmrn.h(:com.google.android.gms@252931029@25.29.31 (190400-786286943):16)
07-26 16:16:00.242  7413 24497 E fmrn    :      at fmrn.c(:com.google.android.gms@252931029@25.29.31 (190400-786286943):1)
07-26 16:16:00.242  7413 24497 E fmrn    :      at bneq.run(:com.google.android.gms@252931029@25.29.31 (190400-786286943):9)
07-26 16:16:00.242  7413 24497 E fmrn    :      at fzvu.run(:com.google.android.gms@252931029@25.29.31 (190400-786286943):21)
07-26 16:16:00.242  7413 24497 E fmrn    :      at java.util.concurrent.Executors$RunnableAdapter.call(Executors.java:524)
07-26 16:16:00.242  7413 24497 E fmrn    :      at gibi.a(:com.google.android.gms@252931029@25.29.31 (190400-786286943):3)
07-26 16:16:00.242  7413 24497 E fmrn    :      at giai.run(:com.google.android.gms@252931029@25.29.31 (190400-786286943):19)
07-26 16:16:00.242  7413 24497 E fmrn    :      at gibj.run(:com.google.android.gms@252931029@25.29.31 (190400-786286943):5)
07-26 16:16:00.242  7413 24497 E fmrn    :      at giay.run(:com.google.android.gms@252931029@25.29.31 (190400-786286943):3)
07-26 16:16:00.242  7413 24497 E fmrn    :      at giaz.run(:com.google.android.gms@252931029@25.29.31 (190400-786286943):64)
07-26 16:16:00.242  7413 24497 E fmrn    :      at azxx.c(:com.google.android.gms@252931029@25.29.31 (190400-786286943):50)
07-26 16:16:00.242  7413 24497 E fmrn    :      at azxx.run(:com.google.android.gms@252931029@25.29.31 (190400-786286943):70)
07-26 16:16:00.242  7413 24497 E fmrn    :      at java.util.concurrent.ThreadPoolExecutor.runWorker(ThreadPoolExecutor.java:1156)
07-26 16:16:00.242  7413 24497 E fmrn    :      at java.util.concurrent.ThreadPoolExecutor$Worker.run(ThreadPoolExecutor.java:651)
07-26 16:16:00.242  7413 24497 E fmrn    :      at badq.run(:com.google.android.gms@252931029@25.29.31 (190400-786286943):8)
07-26 16:16:00.242  7413 24497 E fmrn    :      at java.lang.Thread.run(Thread.java:1119)
07-26 16:16:00.490 11905 11905 E MDCLLight: Fallback load dex failed for com.google.firebase.dynamicloading.DynamicLoadingRegistrar
07-26 16:16:00.601 11905 12332 E MvfstCallbacks.cpp: onConnectionSetupError: error=LocalError: Connection abandoned, Error on socket write Network is unreachable,
07-26 16:16:01.067 11905 11905 E SlowAppComponent: 0ms: InstagramAppShell instantiating…
07-26 16:16:01.067 11905 11905 E SlowAppComponent: 2499ms: RegisterPushPeriodicJobService instantiating…
07-26 16:16:01.067 11905 11905 E SlowAppComponent: 2502ms: KeepWarmReceiver instantiating…
07-26 16:16:01.067 11905 11905 E SlowAppComponent: Main thread was blocked for 2505ms in the background starting with InstagramAppShell
07-26 16:16:01.069 11905 11905 E MDCLLight: Fallback load dex failed for com.amazon.device.messaging.ADM
07-26 16:16:01.107 11905 12110 E MDCLLight: Fallback load dex failed for org.slf4j.impl.StaticLoggerBinder
07-26 16:16:01.296 11905 12430 E MvfstCallbacks.cpp: onConnectionSetupError: error=LocalError: Connection abandoned, Error on socket write Network is unreachable,
07-26 16:16:01.421 11905 12308 E PendingMediaStoreSerializer: deserialize start
07-26 16:16:01.421 11905 12308 E PendingMediaStoreSerializer: start reading pending media
07-26 16:16:01.536  7511 25996 E gle.android.gms: No implementation found for long com.google.android.libraries.geller.portable.Geller.nativeCreate(com.google.android.libraries.geller.portable.callbacks.GellerStorageOperationsCallback, com.google.android.libraries.geller.portable.GellerStorageChangeListenerHandler, com.google.android.libraries.geller.portable.callbacks.GellerLoggingCallback, byte[]) (tried Java_com_google_android_libraries_geller_portable_Geller_nativeCreate and Java_com_google_android_libraries_geller_portable_Geller_nativeCreate__Lcom_google_android_libraries_geller_portable_callbacks_GellerStorageOperationsCallback_2Lcom_google_android_libraries_geller_portable_GellerStorageChangeListenerHandler_2Lcom_google_android_libraries_geller_portable_callbacks_GellerLoggingCallback_2_3B) - is the library loaded, e.g. System.loadLibrary?
07-26 16:16:01.545  7511 25996 E SemanticLocation: [GellerP13n] Exception requesting personalized places from the Geller service [CONTEXT service_id=173 ]
07-26 16:16:01.545  7511 25996 E SemanticLocation: java.lang.UnsatisfiedLinkError: No implementation found for long com.google.android.libraries.geller.portable.Geller.nativeCreate(com.google.android.libraries.geller.portable.callbacks.GellerStorageOperationsCallback, com.google.android.libraries.geller.portable.GellerStorageChangeListenerHandler, com.google.android.libraries.geller.portable.callbacks.GellerLoggingCallback, byte[]) (tried Java_com_google_android_libraries_geller_portable_Geller_nativeCreate and Java_com_google_android_libraries_geller_portable_Geller_nativeCreate__Lcom_google_android_libraries_geller_portable_callbacks_GellerStorageOperationsCallback_2Lcom_google_android_libraries_geller_portable_GellerStorageChangeListenerHandler_2Lcom_google_android_libraries_geller_portable_callbacks_GellerLoggingCallback_2_3B) - is the library loaded, e.g. System.loadLibrary?
07-26 16:16:01.545  7511 25996 E SemanticLocation:      at com.google.android.libraries.geller.portable.Geller.nativeCreate(Native Method)
07-26 16:16:01.545  7511 25996 E SemanticLocation:      at com.google.android.libraries.geller.portable.Geller.<init>(:com.google.android.gms@252931029@25.29.31 (190400-786286943):83)
07-26 16:16:01.545  7511 25996 E SemanticLocation:      at ejhn.a(:com.google.android.gms@252931029@25.29.31 (190400-786286943):272)
07-26 16:16:01.545  7511 25996 E SemanticLocation:      at ejgw.a(:com.google.android.gms@252931029@25.29.31 (190400-786286943):59)
07-26 16:16:01.545  7511 25996 E SemanticLocation:      at ghxi.d(:com.google.android.gms@252931029@25.29.31 (190400-786286943):3)
07-26 16:16:01.545  7511 25996 E SemanticLocation:      at ghxk.run(:com.google.android.gms@252931029@25.29.31 (190400-786286943):38)
07-26 16:16:01.545  7511 25996 E SemanticLocation:      at ghyw.execute(:com.google.android.gms@252931029@25.29.31 (190400-786286943):1)
07-26 16:16:01.545  7511 25996 E SemanticLocation:      at giae.hA(:com.google.android.gms@252931029@25.29.31 (190400-786286943):6)
07-26 16:16:01.545  7511 25996 E SemanticLocation:      at ghzk.hA(:com.google.android.gms@252931029@25.29.31 (190400-786286943):3)
07-26 16:16:01.545  7511 25996 E SemanticLocation:      at ghxk.g(:com.google.android.gms@252931029@25.29.31 (190400-786286943):10)
07-26 16:16:01.545  7511 25996 E SemanticLocation:      at ejgv.a(:com.google.android.gms@252931029@25.29.31 (190400-786286943):20)
07-26 16:16:01.545  7511 25996 E SemanticLocation:      at ghzd.a(:com.google.android.gms@252931029@25.29.31 (190400-786286943):20)
07-26 16:16:01.545  7511 25996 E SemanticLocation:      at gibh.a(:com.google.android.gms@252931029@25.29.31 (190400-786286943):3)
07-26 16:16:01.545  7511 25996 E SemanticLocation:      at giai.run(:com.google.android.gms@252931029@25.29.31 (190400-786286943):19)
07-26 16:16:01.545  7511 25996 E SemanticLocation:      at gibj.run(:com.google.android.gms@252931029@25.29.31 (190400-786286943):5)
07-26 16:16:01.545  7511 25996 E SemanticLocation:      at ghzf.run(:com.google.android.gms@252931029@25.29.31 (190400-786286943):53)
07-26 16:16:01.545  7511 25996 E SemanticLocation:      at ghyw.execute(:com.google.android.gms@252931029@25.29.31 (190400-786286943):1)
