07-26 16:10:18.871  4613  4613 E IgFunctionalErrorEvent:         ad_id = 120229988773410681
07-26 16:10:18.871  4613  4613 E IgFunctionalErrorEvent:         media_id = 3683792629729055483_2175442093_mccr40091ae1
07-26 16:10:18.871  4613  4613 E IgFunctionalErrorEvent:         tracking_token = AI@AQKhWOTGiJUFJM0V_AAO1xm0o9NrAkNkxcyn_GuB3cNMdahjz-4Z_NGIWdFbVwUFo8kcIJRSUGeK_YPZbM7YMvV-
07-26 16:10:18.871  4613  4613 E IgFunctionalErrorEvent:         logview_group_by = CURRENT_GAP
07-26 16:10:19.439  4613  4980 E CirclePageIndicator: pageCount 6 width 110 (ATMOST), 220
07-26 16:10:21.580  4613  4613 E SpannableStringBuilder: SPAN_EXCLUSIVE_EXCLUSIVE spans cannot have a zero length
07-26 16:10:21.601  4613  4613 E SpannableStringBuilder: SPAN_EXCLUSIVE_EXCLUSIVE spans cannot have a zero length
07-26 16:10:21.605  4613  4613 E SpannableStringBuilder: SPAN_EXCLUSIVE_EXCLUSIVE spans cannot have a zero length
07-26 16:10:21.616  4613  4613 E CirclePageIndicator: pageCount 6 width 220 (EXACTLY), 220
07-26 16:10:21.625  4613  4613 E SpannableStringBuilder: SPAN_EXCLUSIVE_EXCLUSIVE spans cannot have a zero length
07-26 16:10:21.670  4613  4613 E stagram.android: No package ID ff found for resource ID 0xffffffff.
07-26 16:10:21.670  4613  4613 E stagram.android: No package ID ff found for resource ID 0xffffffff.
07-26 16:10:21.958  4613  9710 E MediaCodec: [decoder] audio output stuck act:46 ms, cal:0 ms
07-26 16:10:21.958  4613  9710 E MediaCodec: [decoder] audio output stuck act:46 ms, cal:0 ms
07-26 16:10:21.959  4613  9710 E MediaCodec: [decoder] audio output stuck act:46 ms, cal:0 ms
07-26 16:10:21.961  4613  9710 E MediaCodec: [decoder] audio output stuck act:46 ms, cal:0 ms
07-26 16:10:21.961  4613  9710 E MediaCodec: [decoder] audio output stuck act:46 ms, cal:0 ms
07-26 16:10:23.225  4613  9665 E IdleQueuePayloadBasedServiceLayer: Request empty, but still some servings left: 40960
07-26 16:10:23.351  4613  9339 E IdleQueuePayloadBasedServiceLayer: Request empty, but still some servings left: 151322
07-26 16:10:23.429  4613  9517 E IdleQueuePayloadBasedServiceLayer: Request empty, but still some servings left: 186453
07-26 16:10:23.465  4613  9517 E IdleQueuePayloadBasedServiceLayer: Request empty, but still some servings left: -130384
07-26 16:10:23.524  4613  9665 E IdleQueuePayloadBasedServiceLayer: Request empty, but still some servings left: -248351
07-26 16:10:23.648  4613  9665 E IdleQueuePayloadBasedServiceLayer: Request empty, but still some servings left: 443884
07-26 16:10:23.910  4613  9339 E IdleQueuePayloadBasedServiceLayer: Request empty, but still some servings left: -443884
07-26 16:10:24.141  4613  9526 E IdleQueuePayloadBasedServiceLayer: Request empty, but still some servings left: 35382
07-26 16:10:24.164  4613  9526 E IdleQueuePayloadBasedServiceLayer: Request empty, but still some servings left: -35382
07-26 16:10:27.690  4613  4613 E SpannableStringBuilder: SPAN_EXCLUSIVE_EXCLUSIVE spans cannot have a zero length
07-26 16:10:28.251  4613  4613 E SpannableStringBuilder: SPAN_EXCLUSIVE_EXCLUSIVE spans cannot have a zero length
07-26 16:10:34.331  4613  4613 E SpannableStringBuilder: SPAN_EXCLUSIVE_EXCLUSIVE spans cannot have a zero length
07-26 16:10:35.084  4613  9306 E IdleQueuePayloadBasedServiceLayer: Request empty, but still some servings left: 12264
07-26 16:10:35.151  4613  9306 E IdleQueuePayloadBasedServiceLayer: Request empty, but still some servings left: -12264
07-26 16:10:36.489  4613  4613 E SpannableStringBuilder: SPAN_EXCLUSIVE_EXCLUSIVE spans cannot have a zero length
07-26 16:10:38.294  4613  4613 E SpannableStringBuilder: SPAN_EXCLUSIVE_EXCLUSIVE spans cannot have a zero length
07-26 16:10:39.056  4613  9339 E IdleQueuePayloadBasedServiceLayer: Request empty, but still some servings left: 12319
07-26 16:10:39.059  4613  9339 E IdleQueuePayloadBasedServiceLayer: Request empty, but still some servings left: -4127
07-26 16:10:40.148  4613  4613 E UnifiedTimeEntryMerger: Unexpected last time entry with exit timestamp placeholder
07-26 16:10:41.678  4613  4613 E SpannableStringBuilder: SPAN_EXCLUSIVE_EXCLUSIVE spans cannot have a zero length
07-26 16:10:45.702  4613  4613 E stagram.android: No package ID ff found for resource ID 0xffffffff.
07-26 16:10:45.705  4613  4613 E stagram.android: No package ID ff found for resource ID 0xffffffff.
07-26 16:10:45.806  4613  8759 E OpenGLRenderer: Unable to match the desired swap behavior.
07-26 16:10:45.839  4613  8759 E OpenGLRenderer: Unable to match the desired swap behavior.
07-26 16:10:45.928 15342 15549 E OpenGLRenderer: Unable to match the desired swap behavior.
07-26 16:10:46.021  4613  8759 E OpenGLRenderer: Unable to match the desired swap behavior.
07-26 16:10:46.034  4613  8759 E OpenGLRenderer: Unable to match the desired swap behavior.
07-26 16:10:46.430  4613  9885 E IdleQueuePayloadBasedServiceLayer: Request empty, but still some servings left: 163840
07-26 16:10:46.460  4613  8759 E OpenGLRenderer: Unable to match the desired swap behavior.
07-26 16:10:46.462  4613  8759 E OpenGLRenderer: Unable to match the desired swap behavior.
07-26 16:10:46.468  4613  9517 E IdleQueuePayloadBasedServiceLayer: Request empty, but still some servings left: -37518
07-26 16:10:46.485  4613  9526 E IdleQueuePayloadBasedServiceLayer: Request empty, but still some servings left: 42852
07-26 16:10:46.501  4613  9873 E IdleQueuePayloadBasedServiceLayer: Request empty, but still some servings left: -46294
07-26 16:10:46.527  4613  9885 E IdleQueuePayloadBasedServiceLayer: Request empty, but still some servings left: 40960
07-26 16:10:46.551  4613  9665 E IdleQueuePayloadBasedServiceLayer: Request empty, but still some servings left: -81920
07-26 16:10:46.677  4613  9526 E IdleQueuePayloadBasedServiceLayer: Request empty, but still some servings left: -40960
07-26 16:10:48.614  4613  4613 E stagram.android: No package ID ff found for resource ID 0xffffffff.
07-26 16:10:48.618  4613  4613 E stagram.android: No package ID ff found for resource ID 0xffffffff.
07-26 16:10:48.710  4613  8759 E OpenGLRenderer: Unable to match the desired swap behavior.
07-26 16:10:48.742  4613  8759 E OpenGLRenderer: Unable to match the desired swap behavior.
07-26 16:10:48.755  4613  9873 E IdleQueuePayloadBasedServiceLayer: Request empty, but still some servings left: -40960
07-26 16:10:48.831 15342 15549 E OpenGLRenderer: Unable to match the desired swap behavior.
07-26 16:10:48.879  4613  8759 E OpenGLRenderer: Unable to match the desired swap behavior.
07-26 16:10:48.892  4613  8759 E OpenGLRenderer: Unable to match the desired swap behavior.
07-26 16:10:49.796  4613  4613 E stagram.android: No package ID ff found for resource ID 0xffffffff.
07-26 16:10:49.800  4613  4613 E stagram.android: No package ID ff found for resource ID 0xffffffff.
07-26 16:10:49.855  4613  4613 E stagram.android: No package ID ff found for resource ID 0xffffffff.
07-26 16:10:49.858  4613  4613 E stagram.android: No package ID ff found for resource ID 0xffffffff.
07-26 16:10:50.779  4613  4613 E stagram.android: No package ID ff found for resource ID 0xffffffff.
07-26 16:10:50.783  4613  4613 E stagram.android: No package ID ff found for resource ID 0xffffffff.
07-26 16:10:50.888  4613  4613 E stagram.android: No package ID ff found for resource ID 0xffffffff.
07-26 16:10:50.892  4613  4613 E stagram.android: No package ID ff found for resource ID 0xffffffff.
07-26 16:10:51.181  4613  4613 E stagram.android: No package ID ff found for resource ID 0xffffffff.
07-26 16:10:51.184  4613  4613 E stagram.android: No package ID ff found for resource ID 0xffffffff.
07-26 16:10:51.273  4613  4613 E stagram.android: No package ID ff found for resource ID 0xffffffff.
07-26 16:10:51.277  4613  4613 E stagram.android: No package ID ff found for resource ID 0xffffffff.
07-26 16:10:52.540  4613  4613 E stagram.android: No package ID ff found for resource ID 0xffffffff.
07-26 16:10:52.544  4613  4613 E stagram.android: No package ID ff found for resource ID 0xffffffff.
07-26 16:10:52.616  4613  4613 E stagram.android: No package ID ff found for resource ID 0xffffffff.
07-26 16:10:52.619  4613  4613 E stagram.android: No package ID ff found for resource ID 0xffffffff.
07-26 16:10:52.901  4613  4613 E stagram.android: No package ID ff found for resource ID 0xffffffff.
07-26 16:10:52.904  4613  4613 E stagram.android: No package ID ff found for resource ID 0xffffffff.
07-26 16:10:53.463  4613  9665 E IdleQueuePayloadBasedServiceLayer: Request empty, but still some servings left: 40960
07-26 16:10:53.552  4613  9905 E IdleQueuePayloadBasedServiceLayer: Request empty, but still some servings left: -40960
07-26 16:10:54.439  4613  8759 E OpenGLRenderer: Unable to match the desired swap behavior.
07-26 16:10:54.446  4613  8759 E OpenGLRenderer: Unable to match the desired swap behavior.
07-26 16:10:59.000  4613  4613 E stagram.android: No package ID ff found for resource ID 0xffffffff.
07-26 16:10:59.004  4613  4613 E stagram.android: No package ID ff found for resource ID 0xffffffff.
07-26 16:11:05.789  4613  4613 E stagram.android: No package ID ff found for resource ID 0xffffffff.
07-26 16:11:05.792  4613  4613 E stagram.android: No package ID ff found for resource ID 0xffffffff.
07-26 16:11:05.902  4613  8759 E OpenGLRenderer: Unable to match the desired swap behavior.
07-26 16:11:05.935  4613  8759 E OpenGLRenderer: Unable to match the desired swap behavior.
07-26 16:11:06.032 15342 15549 E OpenGLRenderer: Unable to match the desired swap behavior.
07-26 16:11:06.079  4613  8759 E OpenGLRenderer: Unable to match the desired swap behavior.
07-26 16:11:06.082  4613  8759 E OpenGLRenderer: Unable to match the desired swap behavior.
07-26 16:11:06.439  4613  8759 E OpenGLRenderer: Unable to match the desired swap behavior.
07-26 16:11:06.441  4613  8759 E OpenGLRenderer: Unable to match the desired swap behavior.
07-26 16:11:07.190  4613  4613 E stagram.android: No package ID ff found for resource ID 0xffffffff.
07-26 16:11:07.193  4613  4613 E stagram.android: No package ID ff found for resource ID 0xffffffff.
07-26 16:11:14.994  4613  9526 E IdleQueuePayloadBasedServiceLayer: Request empty, but still some servings left: 12257
07-26 16:11:15.033  4613  9665 E IdleQueuePayloadBasedServiceLayer: Request empty, but still some servings left: -12257
07-26 16:11:22.240  4613  4613 E stagram.android: No package ID ff found for resource ID 0xffffffff.
07-26 16:11:22.243  4613  4613 E stagram.android: No package ID ff found for resource ID 0xffffffff.
07-26 16:11:25.865  4613  4613 E stagram.android: No package ID ff found for resource ID 0xffffffff.
07-26 16:11:25.868  4613  4613 E stagram.android: No package ID ff found for resource ID 0xffffffff.
07-26 16:11:26.083  4613  4613 E SpannableStringBuilder: SPAN_EXCLUSIVE_EXCLUSIVE spans cannot have a zero length
07-26 16:11:26.085  4613  4613 E VideoPlayerImpl: IgBaseVideoPlayer Warning: GROOT_INFRA PARENT_OF_PLAYER_VIEW_INCONSISTENT mPlayerView's parent null is not consistent with viewGroup 6795184 passed in detachPlayerView
07-26 16:11:28.427  4613  9485 E ExtraBundle: You are trying get value as String from key: recs_ix but the value type is not String. Please check again if you use it to log USL.
07-26 16:11:28.427  4613  9485 E ExtraBundle: You are trying get value as String from key: recs_ix but the value type is not String. Please check again if you use it to log USL.
07-26 16:11:28.625  4613  9885 E IdleQueuePayloadBasedServiceLayer: Request empty, but still some servings left: 264010
07-26 16:11:28.719  4613  9885 E IdleQueuePayloadBasedServiceLayer: Request empty, but still some servings left: -264010
07-26 16:11:31.059  4613  9665 E IdleQueuePayloadBasedServiceLayer: Request empty, but still some servings left: 305896
07-26 16:11:31.151  4613  9665 E IdleQueuePayloadBasedServiceLayer: Request empty, but still some servings left: -305896
07-26 16:11:34.393  4613  9526 E IdleQueuePayloadBasedServiceLayer: Request empty, but still some servings left: 498752
07-26 16:11:34.568  4613  9665 E IdleQueuePayloadBasedServiceLayer: Request empty, but still some servings left: -498752
07-26 16:11:39.328  4613  9873 E IdleQueuePayloadBasedServiceLayer: Request empty, but still some servings left: 222032
07-26 16:11:39.428  4613  9873 E IdleQueuePayloadBasedServiceLayer: Request empty, but still some servings left: -222032
07-26 16:11:40.383  4613  4980 E CirclePageIndicator: pageCount 4 width 88 (ATMOST), 220
07-26 16:11:40.394  4613  4980 E stagram.android: No package ID ff found for resource ID 0xffffffff.
07-26 16:11:44.192  4613  9873 E IdleQueuePayloadBasedServiceLayer: Request empty, but still some servings left: 402377
07-26 16:11:44.352  4613  9526 E IdleQueuePayloadBasedServiceLayer: Request empty, but still some servings left: -402377
07-26 16:11:47.802  4613  9847 E MediaCodec: Released by resource manager
07-26 16:11:47.907  4613  4613 E stagram.android: No package ID ff found for resource ID 0xffffffff.
07-26 16:11:47.907  4613  4613 E stagram.android: No package ID ff found for resource ID 0xffffffff.
07-26 16:11:47.908  4613  4613 E stagram.android: No package ID ff found for resource ID 0xffffffff.
07-26 16:11:47.908  4613  4613 E stagram.android: No package ID ff found for resource ID 0xffffffff.
07-26 16:11:47.908  4613  4613 E stagram.android: No package ID ff found for resource ID 0xffffffff.
07-26 16:11:47.974  4613  9526 E IdleQueuePayloadBasedServiceLayer: Request empty, but still some servings left: 484135
07-26 16:11:47.977  4613  9526 E IdleQueuePayloadBasedServiceLayer: Request empty, but still some servings left: -40960
07-26 16:11:48.023  4613  9873 E IdleQueuePayloadBasedServiceLayer: Request empty, but still some servings left: -200364
07-26 16:11:48.117  4613  9873 E IdleQueuePayloadBasedServiceLayer: Request empty, but still some servings left: -242811
07-26 16:11:48.728  4613  4613 E stagram.android: Invalid resource ID 0x00000009.
07-26 16:11:48.732  4613  4613 E stagram.android: Invalid resource ID 0x00000009.
07-26 16:11:48.732  4613  4613 E stagram.android: Invalid resource ID 0x00000009.
07-26 16:11:48.735  4613  4613 E stagram.android: Invalid resource ID 0x00000009.
07-26 16:11:48.735  4613  4613 E stagram.android: Invalid resource ID 0x00000009.
07-26 16:11:48.739  4613  4613 E stagram.android: Invalid resource ID 0x00000009.
07-26 16:11:48.739  4613  4613 E stagram.android: Invalid resource ID 0x00000009.
07-26 16:11:48.742  4613  4613 E stagram.android: Invalid resource ID 0x00000009.
07-26 16:11:48.975  4613  9526 E IdleQueuePayloadBasedServiceLayer: Request empty, but still some servings left: 286333
07-26 16:11:48.994  4613 10134 E MediaCodec: [decoder] audio output stuck act:11981 ms, cal:46 ms
07-26 16:11:49.047  4613  9665 E IdleQueuePayloadBasedServiceLayer: Request empty, but still some servings left: -169053
07-26 16:11:49.065  4613  9665 E IdleQueuePayloadBasedServiceLayer: Request empty, but still some servings left: -117280
07-26 16:11:49.118  4613  9873 E IdleQueuePayloadBasedServiceLayer: Request empty, but still some servings left: 445277
07-26 16:11:49.220  4613  9526 E IdleQueuePayloadBasedServiceLayer: Request empty, but still some servings left: -445277
07-26 16:11:49.401  4613  9665 E IdleQueuePayloadBasedServiceLayer: Request empty, but still some servings left: 373609
07-26 16:11:49.485  4613  9665 E IdleQueuePayloadBasedServiceLayer: Request empty, but still some servings left: -373609
07-26 16:11:50.087  4613  4613 E ClipsViewerCacheStateManager: Failed to encode ClipsItemCacheData
07-26 16:11:50.087  4613  4613 E ClipsViewerCacheStateManager: X.4Lc: Serializer for class 'BtY' is not found.
07-26 16:11:50.087  4613  4613 E ClipsViewerCacheStateManager: Please ensure that class is marked as '@Serializable' and that the serialization compiler plugin is applied.
07-26 16:11:50.087  4613  4613 E ClipsViewerCacheStateManager:
07-26 16:11:50.087  4613  4613 E ClipsViewerCacheStateManager:  at X.6t4.A01(:22)
07-26 16:11:50.087  4613  4613 E ClipsViewerCacheStateManager:  at X.422.A01(:187)
07-26 16:11:50.087  4613  4613 E ClipsViewerCacheStateManager:  at X.46O.E5f(:256)
07-26 16:11:50.087  4613  4613 E ClipsViewerCacheStateManager:  at X.7R4.invoke(:524)
07-26 16:11:50.087  4613  4613 E ClipsViewerCacheStateManager:  at X.694.onSuccess(:527)
07-26 16:11:50.087  4613  4613 E ClipsViewerCacheStateManager:  at X.32t.EZG(:48)
07-26 16:11:50.087  4613  4613 E ClipsViewerCacheStateManager:  at X.5Tz.run(:58)
07-26 16:11:50.087  4613  4613 E ClipsViewerCacheStateManager:  at android.os.Handler.handleCallback(Handler.java:1013)
07-26 16:11:50.087  4613  4613 E ClipsViewerCacheStateManager:  at android.os.Handler.dispatchMessage(Handler.java:101)
07-26 16:11:50.087  4613  4613 E ClipsViewerCacheStateManager:  at android.os.Looper.loopOnce(Looper.java:226)
07-26 16:11:50.087  4613  4613 E ClipsViewerCacheStateManager:  at android.os.Looper.loop(Looper.java:328)
07-26 16:11:50.087  4613  4613 E ClipsViewerCacheStateManager:  at android.app.ActivityThread.main(ActivityThread.java:9223)
07-26 16:11:50.087  4613  4613 E ClipsViewerCacheStateManager:  at java.lang.reflect.Method.invoke(Native Method)
07-26 16:11:50.087  4613  4613 E ClipsViewerCacheStateManager:  at com.android.internal.os.RuntimeInit$MethodAndArgsCaller.run(RuntimeInit.java:594)
07-26 16:11:50.087  4613  4613 E ClipsViewerCacheStateManager:  at com.android.internal.os.ZygoteInit.main(ZygoteInit.java:1099)
07-26 16:11:50.138  4613  4613 E ClipsViewerCacheStateManager: Failed to encode ClipsItemCacheData
07-26 16:11:50.138  4613  4613 E ClipsViewerCacheStateManager: X.4Lc: Serializer for class 'BtY' is not found.
07-26 16:11:50.138  4613  4613 E ClipsViewerCacheStateManager: Please ensure that class is marked as '@Serializable' and that the serialization compiler plugin is applied.
07-26 16:11:50.138  4613  4613 E ClipsViewerCacheStateManager:
07-26 16:11:50.138  4613  4613 E ClipsViewerCacheStateManager:  at X.6t4.A01(:22)
07-26 16:11:50.138  4613  4613 E ClipsViewerCacheStateManager:  at X.422.A01(:187)
07-26 16:11:50.138  4613  4613 E ClipsViewerCacheStateManager:  at X.46O.E5f(:316)
07-26 16:11:50.138  4613  4613 E ClipsViewerCacheStateManager:  at X.7R4.invoke(:524)
07-26 16:11:50.138  4613  4613 E ClipsViewerCacheStateManager:  at X.694.onSuccess(:527)
07-26 16:11:50.138  4613  4613 E ClipsViewerCacheStateManager:  at X.32t.EZG(:48)
07-26 16:11:50.138  4613  4613 E ClipsViewerCacheStateManager:  at X.5Tz.run(:58)
07-26 16:11:50.138  4613  4613 E ClipsViewerCacheStateManager:  at android.os.Handler.handleCallback(Handler.java:1013)
07-26 16:11:50.138  4613  4613 E ClipsViewerCacheStateManager:  at android.os.Handler.dispatchMessage(Handler.java:101)
07-26 16:11:50.138  4613  4613 E ClipsViewerCacheStateManager:  at android.os.Looper.loopOnce(Looper.java:226)
07-26 16:11:50.138  4613  4613 E ClipsViewerCacheStateManager:  at android.os.Looper.loop(Looper.java:328)
07-26 16:11:50.138  4613  4613 E ClipsViewerCacheStateManager:  at android.app.ActivityThread.main(ActivityThread.java:9223)
07-26 16:11:50.138  4613  4613 E ClipsViewerCacheStateManager:  at java.lang.reflect.Method.invoke(Native Method)
07-26 16:11:50.138  4613  4613 E ClipsViewerCacheStateManager:  at com.android.internal.os.RuntimeInit$MethodAndArgsCaller.run(RuntimeInit.java:594)
07-26 16:11:50.138  4613  4613 E ClipsViewerCacheStateManager:  at com.android.internal.os.ZygoteInit.main(ZygoteInit.java:1099)
07-26 16:11:50.150  4613 10153 E IdleQueuePayloadBasedServiceLayer: Request empty, but still some servings left: 373114
07-26 16:11:50.169  4613  9873 E IdleQueuePayloadBasedServiceLayer: Request empty, but still some servings left: 40960
07-26 16:11:50.205  4613  9885 E IdleQueuePayloadBasedServiceLayer: Request empty, but still some servings left: -146825
07-26 16:11:50.210  4613 10153 E IdleQueuePayloadBasedServiceLayer: Request empty, but still some servings left: -90112
07-26 16:11:50.212  4613 10155 E IdleQueuePayloadBasedServiceLayer: Request empty, but still some servings left: -49413
07-26 16:11:50.248  4613 10155 E IdleQueuePayloadBasedServiceLayer: Request empty, but still some servings left: -127724
07-26 16:11:50.351  4613  4613 E ClipsViewerCacheStateManager: Failed to encode ClipsItemCacheData
07-26 16:11:50.351  4613  4613 E ClipsViewerCacheStateManager: X.4Lc: Serializer for class 'BtY' is not found.
07-26 16:11:50.351  4613  4613 E ClipsViewerCacheStateManager: Please ensure that class is marked as '@Serializable' and that the serialization compiler plugin is applied.
07-26 16:11:50.351  4613  4613 E ClipsViewerCacheStateManager:
07-26 16:11:50.351  4613  4613 E ClipsViewerCacheStateManager:  at X.6t4.A01(:22)
07-26 16:11:50.351  4613  4613 E ClipsViewerCacheStateManager:  at X.422.A01(:187)
07-26 16:11:50.351  4613  4613 E ClipsViewerCacheStateManager:  at X.46O.E5f(:316)
07-26 16:11:50.351  4613  4613 E ClipsViewerCacheStateManager:  at X.7R4.invoke(:524)
07-26 16:11:50.351  4613  4613 E ClipsViewerCacheStateManager:  at X.694.onSuccess(:527)
07-26 16:11:50.351  4613  4613 E ClipsViewerCacheStateManager:  at X.32t.EZG(:48)
07-26 16:11:50.351  4613  4613 E ClipsViewerCacheStateManager:  at X.5Tz.run(:58)
07-26 16:11:50.351  4613  4613 E ClipsViewerCacheStateManager:  at android.os.Handler.handleCallback(Handler.java:1013)
07-26 16:11:50.351  4613  4613 E ClipsViewerCacheStateManager:  at android.os.Handler.dispatchMessage(Handler.java:101)
07-26 16:11:50.351  4613  4613 E ClipsViewerCacheStateManager:  at android.os.Looper.loopOnce(Looper.java:226)
07-26 16:11:50.351  4613  4613 E ClipsViewerCacheStateManager:  at android.os.Looper.loop(Looper.java:328)
07-26 16:11:50.351  4613  4613 E ClipsViewerCacheStateManager:  at android.app.ActivityThread.main(ActivityThread.java:9223)
07-26 16:11:50.351  4613  4613 E ClipsViewerCacheStateManager:  at java.lang.reflect.Method.invoke(Native Method)
07-26 16:11:50.351  4613  4613 E ClipsViewerCacheStateManager:  at com.android.internal.os.RuntimeInit$MethodAndArgsCaller.run(RuntimeInit.java:594)
07-26 16:11:50.351  4613  4613 E ClipsViewerCacheStateManager:  at com.android.internal.os.ZygoteInit.main(ZygoteInit.java:1099)
07-26 16:11:50.396  4613 10154 E IdleQueuePayloadBasedServiceLayer: Request empty, but still some servings left: 351262
07-26 16:11:50.419  4613 10153 E IdleQueuePayloadBasedServiceLayer: Request empty, but still some servings left: -87657
07-26 16:11:50.435  4613  9885 E IdleQueuePayloadBasedServiceLayer: Request empty, but still some servings left: -123654
07-26 16:11:50.437  4613 10153 E IdleQueuePayloadBasedServiceLayer: Request empty, but still some servings left: -28672
07-26 16:11:50.467  4613 10153 E IdleQueuePayloadBasedServiceLayer: Request empty, but still some servings left: -66223
07-26 16:11:50.478  4613  9885 E IdleQueuePayloadBasedServiceLayer: Request empty, but still some servings left: -13121
07-26 16:11:50.518  4613  9873 E IdleQueuePayloadBasedServiceLayer: Request empty, but still some servings left: -27839
07-26 16:11:50.590  4613  9873 E IdleQueuePayloadBasedServiceLayer: Request empty, but still some servings left: 215824
07-26 16:11:50.711  4613  9885 E IdleQueuePayloadBasedServiceLayer: Request empty, but still some servings left: -215824
07-26 16:11:52.950  4613  9873 E IdleQueuePayloadBasedServiceLayer: Request empty, but still some servings left: 24325
07-26 16:11:52.956  4613  9885 E IdleQueuePayloadBasedServiceLayer: Request empty, but still some servings left: -20229
07-26 16:11:53.507  4613  4613 E stagram.android: Invalid resource ID 0x00000009.
07-26 16:11:53.510  4613  4613 E stagram.android: Invalid resource ID 0x00000009.
07-26 16:11:53.510  4613  4613 E stagram.android: Invalid resource ID 0x00000009.
07-26 16:11:53.514  4613  4613 E stagram.android: Invalid resource ID 0x00000009.
07-26 16:11:53.514  4613  4613 E stagram.android: Invalid resource ID 0x00000009.
07-26 16:11:53.517  4613  4613 E stagram.android: Invalid resource ID 0x00000009.
07-26 16:11:53.517  4613  4613 E stagram.android: Invalid resource ID 0x00000009.
07-26 16:11:53.521  4613  4613 E stagram.android: Invalid resource ID 0x00000009.
07-26 16:11:53.685  4613  8759 E OpenGLRenderer: Unable to match the desired swap behavior.
07-26 16:11:55.421  4613 10153 E IdleQueuePayloadBasedServiceLayer: Request empty, but still some servings left: 249124
07-26 16:11:55.507  4613 10153 E IdleQueuePayloadBasedServiceLayer: Request empty, but still some servings left: -249124
07-26 16:11:58.556  4613  4613 E stagram.android: Invalid resource ID 0x00000009.
07-26 16:11:58.559  4613  4613 E stagram.android: Invalid resource ID 0x00000009.
07-26 16:11:58.559  4613  4613 E stagram.android: Invalid resource ID 0x00000009.
07-26 16:11:58.563  4613  4613 E stagram.android: Invalid resource ID 0x00000009.
07-26 16:11:58.563  4613  4613 E stagram.android: Invalid resource ID 0x00000009.
07-26 16:11:58.566  4613  4613 E stagram.android: Invalid resource ID 0x00000009.
07-26 16:11:58.566  4613  4613 E stagram.android: Invalid resource ID 0x00000009.
07-26 16:11:58.569  4613  4613 E stagram.android: Invalid resource ID 0x00000009.
07-26 16:11:58.730  4613 10134 E MediaCodec: [decoder] audio output stuck act:21733 ms, cal:46 ms
07-26 16:11:58.732  4613 10153 E IdleQueuePayloadBasedServiceLayer: Request empty, but still some servings left: 430893
07-26 16:11:58.798  4613  9873 E IdleQueuePayloadBasedServiceLayer: Request empty, but still some servings left: -327622
07-26 16:11:58.819  4613  9873 E IdleQueuePayloadBasedServiceLayer: Request empty, but still some servings left: -103271
07-26 16:11:58.884  4613  9905 E IdleQueuePayloadBasedServiceLayer: Request empty, but still some servings left: 451189
07-26 16:11:58.982  4613 10153 E IdleQueuePayloadBasedServiceLayer: Request empty, but still some servings left: -451189
07-26 16:11:59.106  4613  9873 E IdleQueuePayloadBasedServiceLayer: Request empty, but still some servings left: 322225
07-26 16:11:59.201  4613  9873 E IdleQueuePayloadBasedServiceLayer: Request empty, but still some servings left: -322225
07-26 16:11:59.463  4613  4613 E stagram.android: Invalid resource ID 0x00000009.
07-26 16:11:59.466  4613  4613 E stagram.android: Invalid resource ID 0x00000009.
07-26 16:11:59.466  4613  4613 E stagram.android: Invalid resource ID 0x00000009.
07-26 16:11:59.469  4613  4613 E stagram.android: Invalid resource ID 0x00000009.
07-26 16:11:59.470  4613  4613 E stagram.android: Invalid resource ID 0x00000009.
07-26 16:11:59.473  4613  4613 E stagram.android: Invalid resource ID 0x00000009.
07-26 16:11:59.473  4613  4613 E stagram.android: Invalid resource ID 0x00000009.
07-26 16:11:59.476  4613  4613 E stagram.android: Invalid resource ID 0x00000009.
07-26 16:11:59.575  4613 10134 E MediaCodec: [decoder] audio output stuck act:10727 ms, cal:46 ms
07-26 16:11:59.677  4613  9905 E IdleQueuePayloadBasedServiceLayer: Request empty, but still some servings left: 9726
07-26 16:11:59.680  4613  9905 E IdleQueuePayloadBasedServiceLayer: Request empty, but still some servings left: -9726
07-26 16:12:00.146  4613  4613 E stagram.android: Invalid resource ID 0x00000009.
07-26 16:12:00.149  4613  4613 E stagram.android: Invalid resource ID 0x00000009.
07-26 16:12:00.149  4613  4613 E stagram.android: Invalid resource ID 0x00000009.
07-26 16:12:00.153  4613  4613 E stagram.android: Invalid resource ID 0x00000009.
07-26 16:12:00.153  4613  4613 E stagram.android: Invalid resource ID 0x00000009.
07-26 16:12:00.156  4613  4613 E stagram.android: Invalid resource ID 0x00000009.
07-26 16:12:00.156  4613  4613 E stagram.android: Invalid resource ID 0x00000009.
07-26 16:12:00.159  4613  4613 E stagram.android: Invalid resource ID 0x00000009.
07-26 16:12:00.200  4613 10206 E ExoDav1dDecoder_JNI: Dav1dDecoder::dav1dInit -- setup signal action
07-26 16:12:00.208  4613  4613 E VideoPlayerImpl: IgBaseVideoPlayer Warning: AV1_INSTANTIATION AV1_INSTANTIATION AV1 decoding using Dav1d;meta.dav1d.av1.decoder
07-26 16:12:02.516  4613  9905 E IdleQueuePayloadBasedServiceLayer: Request empty, but still some servings left: 130707
07-26 16:12:02.561  4613  9905 E IdleQueuePayloadBasedServiceLayer: Request empty, but still some servings left: -130707
07-26 16:12:03.954  4613  4613 E stagram.android: Invalid resource ID 0x00000009.
07-26 16:12:03.957  4613  4613 E stagram.android: Invalid resource ID 0x00000009.
07-26 16:12:03.957  4613  4613 E stagram.android: Invalid resource ID 0x00000009.
07-26 16:12:03.961  4613  4613 E stagram.android: Invalid resource ID 0x00000009.
07-26 16:12:03.961  4613  4613 E stagram.android: Invalid resource ID 0x00000009.
07-26 16:12:03.964  4613  4613 E stagram.android: Invalid resource ID 0x00000009.
07-26 16:12:03.964  4613  4613 E stagram.android: Invalid resource ID 0x00000009.
07-26 16:12:03.968  4613  4613 E stagram.android: Invalid resource ID 0x00000009.
07-26 16:12:04.131  4613  8759 E OpenGLRenderer: Unable to match the desired swap behavior.
07-26 16:12:04.149  4613  8759 E OpenGLRenderer: Unable to match the desired swap behavior.
07-26 16:12:04.800  4613 10153 E IdleQueuePayloadBasedServiceLayer: Request empty, but still some servings left: 81920
07-26 16:12:04.859  4613  9873 E IdleQueuePayloadBasedServiceLayer: Request empty, but still some servings left: 495766
07-26 16:12:04.883  4613 10234 E IdleQueuePayloadBasedServiceLayer: Request empty, but still some servings left: -40960
07-26 16:12:04.893  4613 10234 E IdleQueuePayloadBasedServiceLayer: Request empty, but still some servings left: -61440
07-26 16:12:04.897  4613 10234 E IdleQueuePayloadBasedServiceLayer: Request empty, but still some servings left: 28657
07-26 16:12:04.910  4613 10153 E IdleQueuePayloadBasedServiceLayer: Request empty, but still some servings left: -188580
07-26 16:12:04.931  4613 10234 E IdleQueuePayloadBasedServiceLayer: Request empty, but still some servings left: -11938
07-26 16:12:04.949  4613  9873 E IdleQueuePayloadBasedServiceLayer: Request empty, but still some servings left: -56215
07-26 16:12:04.979  4613  9873 E IdleQueuePayloadBasedServiceLayer: Request empty, but still some servings left: -163830
07-26 16:12:04.983  4613 10153 E IdleQueuePayloadBasedServiceLayer: Request empty, but still some servings left: 39500
07-26 16:12:04.994  4613 10153 E IdleQueuePayloadBasedServiceLayer: Request empty, but still some servings left: -40960
07-26 16:12:05.120  4613  9873 E IdleQueuePayloadBasedServiceLayer: Request empty, but still some servings left: -40960
07-26 16:12:08.279  4613 10153 E IdleQueuePayloadBasedServiceLayer: Request empty, but still some servings left: 1641405
07-26 16:12:08.383  4613 10240 E IdleQueuePayloadBasedServiceLayer: Request empty, but still some servings left: -324599
07-26 16:12:09.589  4613  4613 E stagram.android: No package ID ff found for resource ID 0xffffffff.
07-26 16:12:09.592  4613  4613 E stagram.android: No package ID ff found for resource ID 0xffffffff.
07-26 16:12:11.343  4613 10153 E IdleQueuePayloadBasedServiceLayer: Request empty, but still some servings left: -1357766
07-26 16:12:13.214  4613 10240 E IdleQueuePayloadBasedServiceLayer: Request empty, but still some servings left: 227364
07-26 16:12:13.305  4613 10240 E IdleQueuePayloadBasedServiceLayer: Request empty, but still some servings left: -223268
07-26 16:12:18.181  4613  9873 E IdleQueuePayloadBasedServiceLayer: Request empty, but still some servings left: 106831
07-26 16:12:18.226  4613  9873 E IdleQueuePayloadBasedServiceLayer: Request empty, but still some servings left: -106831
07-26 16:12:23.067  4613  9873 E IdleQueuePayloadBasedServiceLayer: Request empty, but still some servings left: 179324
07-26 16:12:23.131  4613 10240 E IdleQueuePayloadBasedServiceLayer: Request empty, but still some servings left: -179324
07-26 16:12:27.993  4613  9873 E IdleQueuePayloadBasedServiceLayer: Request empty, but still some servings left: 246370
07-26 16:12:28.084  4613 10240 E IdleQueuePayloadBasedServiceLayer: Request empty, but still some servings left: -246370
07-26 16:12:28.847 10265 10265 E droid.speedtest: Not starting debugger since process cannot load the jdwp agent.
07-26 16:12:29.103 10265 10265 E droid.speedtest: hiddenapi: Accessing hidden field Ljava/util/Collections$SynchronizedCollection;->mutex:Ljava/lang/Object; (runtime_flags=0, domain=core-platform, api=max-target-o) from Lj$/util/DesugarCollections; (domain=app) using reflection: denied
07-26 16:12:29.103 10265 10265 E droid.speedtest: hiddenapi: Accessing hidden method Ljava/util/Collections$SynchronizedSet;-><init>(Ljava/util/Set;Ljava/lang/Object;)V (runtime_flags=0, domain=core-platform, api=max-target-o) from Lj$/util/DesugarCollections; (domain=app) using reflection: denied
07-26 16:12:29.103 10265 10265 E droid.speedtest: hiddenapi: Accessing hidden method Ljava/util/Collections$SynchronizedCollection;-><init>(Ljava/util/Collection;Ljava/lang/Object;)V (runtime_flags=0, domain=core-platform, api=max-target-o) from Lj$/util/DesugarCollections; (domain=app) using reflection: denied
07-26 16:12:29.214 10265 10284 E SessionConfigFetcher: Error failing to fetch the remote configs: Unable to resolve host "firebase-settings.crashlytics.com": No address associated with hostname
07-26 16:12:29.354 10265 10321 E droid.speedtest: No package ID 6a found for resource ID 0x6a0b000f.
07-26 16:12:30.034 10265 10265 E OTPublishersHeadlessSDK: Server not reachable
07-26 16:12:32.921  4613 10153 E IdleQueuePayloadBasedServiceLayer: Request empty, but still some servings left: 174463
07-26 16:12:32.965  4613 10153 E IdleQueuePayloadBasedServiceLayer: Request empty, but still some servings left: -170367
07-26 16:12:37.812  4613 10240 E IdleQueuePayloadBasedServiceLayer: Request empty, but still some servings left: 207803
07-26 16:12:37.892  4613  9873 E IdleQueuePayloadBasedServiceLayer: Request empty, but still some servings left: -207803
07-26 16:12:42.761  4613 10240 E IdleQueuePayloadBasedServiceLayer: Request empty, but still some servings left: 61389
07-26 16:12:42.817  4613 10240 E IdleQueuePayloadBasedServiceLayer: Request empty, but still some servings left: -61389
07-26 16:12:43.114  4613  4613 E stagram.android: No package ID ff found for resource ID 0xffffffff.
07-26 16:12:43.117  4613  4613 E stagram.android: No package ID ff found for resource ID 0xffffffff.
07-26 16:12:43.117  4613  4613 E stagram.android: Invalid resource ID 0x00000009.
07-26 16:12:43.121  4613  4613 E stagram.android: Invalid resource ID 0x00000009.
07-26 16:12:43.121  4613  4613 E stagram.android: Invalid resource ID 0x00000009.
07-26 16:12:43.124  4613  4613 E stagram.android: Invalid resource ID 0x00000009.
07-26 16:12:43.236  4613  4613 E stagram.android: No package ID ff found for resource ID 0xffffffff.
07-26 16:12:43.240  4613  4613 E stagram.android: No package ID ff found for resource ID 0xffffffff.
07-26 16:12:44.470  4613  4613 E stagram.android: Invalid resource ID 0x00000009.
07-26 16:12:44.473  4613  4613 E stagram.android: Invalid resource ID 0x00000009.
07-26 16:12:44.473  4613  4613 E stagram.android: Invalid resource ID 0x00000009.
07-26 16:12:44.477  4613  4613 E stagram.android: Invalid resource ID 0x00000009.
07-26 16:12:44.477  4613  4613 E stagram.android: Invalid resource ID 0x00000009.
07-26 16:12:44.480  4613  4613 E stagram.android: Invalid resource ID 0x00000009.
07-26 16:12:44.480  4613  4613 E stagram.android: Invalid resource ID 0x00000009.
07-26 16:12:44.484  4613  4613 E stagram.android: Invalid resource ID 0x00000009.
07-26 16:12:47.684  4613 10240 E IdleQueuePayloadBasedServiceLayer: Request empty, but still some servings left: 12097
07-26 16:12:47.689  4613 10240 E IdleQueuePayloadBasedServiceLayer: Request empty, but still some servings left: -12097
07-26 16:12:51.001  4613  4613 E stagram.android: Invalid resource ID 0x00000009.
07-26 16:12:51.005  4613  4613 E stagram.android: Invalid resource ID 0x00000009.
07-26 16:12:51.005  4613  4613 E stagram.android: Invalid resource ID 0x00000009.
07-26 16:12:51.008  4613  4613 E stagram.android: Invalid resource ID 0x00000009.
07-26 16:12:51.009  4613  4613 E stagram.android: Invalid resource ID 0x00000009.
07-26 16:12:51.012  4613  4613 E stagram.android: Invalid resource ID 0x00000009.
07-26 16:12:51.012  4613  4613 E stagram.android: Invalid resource ID 0x00000009.
07-26 16:12:51.016  4613  4613 E stagram.android: Invalid resource ID 0x00000009.
07-26 16:12:52.319  4613  4613 E stagram.android: Invalid resource ID 0x00000009.
07-26 16:12:52.323  4613  4613 E stagram.android: Invalid resource ID 0x00000009.
07-26 16:12:52.323  4613  4613 E stagram.android: Invalid resource ID 0x00000009.
07-26 16:12:52.326  4613  4613 E stagram.android: Invalid resource ID 0x00000009.
07-26 16:12:52.326  4613  4613 E stagram.android: Invalid resource ID 0x00000009.
07-26 16:12:52.330  4613  4613 E stagram.android: Invalid resource ID 0x00000009.
07-26 16:12:52.331  4613  4613 E stagram.android: Invalid resource ID 0x00000009.
07-26 16:12:52.334  4613  4613 E stagram.android: Invalid resource ID 0x00000009.
07-26 16:12:52.674  4613  9873 E IdleQueuePayloadBasedServiceLayer: Request empty, but still some servings left: 40960
07-26 16:12:52.684  4613 10240 E IdleQueuePayloadBasedServiceLayer: Request empty, but still some servings left: -40960
07-26 16:12:54.854  4613 10153 E IdleQueuePayloadBasedServiceLayer: Request empty, but still some servings left: 179972
07-26 16:12:54.915  4613 10153 E IdleQueuePayloadBasedServiceLayer: Request empty, but still some servings left: -179972
07-26 16:12:56.220  4613  4613 E stagram.android: Invalid resource ID 0x00000009.
07-26 16:12:56.225  4613  4613 E stagram.android: Invalid resource ID 0x00000009.
07-26 16:12:56.225  4613  4613 E stagram.android: Invalid resource ID 0x00000009.
07-26 16:12:56.228  4613  4613 E stagram.android: Invalid resource ID 0x00000009.
07-26 16:12:56.229  4613  4613 E stagram.android: Invalid resource ID 0x00000009.
07-26 16:12:56.232  4613  4613 E stagram.android: Invalid resource ID 0x00000009.
07-26 16:12:56.232  4613  4613 E stagram.android: Invalid resource ID 0x00000009.
07-26 16:12:56.235  4613  4613 E stagram.android: Invalid resource ID 0x00000009.
07-26 16:12:56.478  4613  8759 E OpenGLRenderer: Unable to match the desired swap behavior.
07-26 16:12:56.503  4613  8759 E OpenGLRenderer: Unable to match the desired swap behavior.
07-26 16:12:57.212  4613  9905 E IdleQueuePayloadBasedServiceLayer: Request empty, but still some servings left: 324264
07-26 16:12:57.234  4613 10234 E IdleQueuePayloadBasedServiceLayer: Request empty, but still some servings left: -96323
07-26 16:12:57.284  4613  9905 E IdleQueuePayloadBasedServiceLayer: Request empty, but still some servings left: -186981
07-26 16:12:57.343  4613 10240 E IdleQueuePayloadBasedServiceLayer: Request empty, but still some servings left: 122880
07-26 16:12:57.384  4613 10234 E IdleQueuePayloadBasedServiceLayer: Request empty, but still some servings left: -81920
07-26 16:12:57.389  4613 10234 E IdleQueuePayloadBasedServiceLayer: Request empty, but still some servings left: -40960
07-26 16:12:57.603  4613  9905 E IdleQueuePayloadBasedServiceLayer: Request empty, but still some servings left: -40960
07-26 16:12:58.623  4613  4613 E stagram.android: No package ID ff found for resource ID 0xffffffff.
07-26 16:12:58.627  4613  4613 E stagram.android: No package ID ff found for resource ID 0xffffffff.
07-26 16:12:59.226  4613  4613 E stagram.android: Invalid resource ID 0x00000009.
07-26 16:12:59.229  4613  4613 E stagram.android: Invalid resource ID 0x00000009.
07-26 16:12:59.230  4613  4613 E stagram.android: Invalid resource ID 0x00000009.
07-26 16:12:59.233  4613  4613 E stagram.android: Invalid resource ID 0x00000009.
07-26 16:12:59.233  4613  4613 E stagram.android: Invalid resource ID 0x00000009.
07-26 16:12:59.237  4613  4613 E stagram.android: Invalid resource ID 0x00000009.
07-26 16:12:59.237  4613  4613 E stagram.android: Invalid resource ID 0x00000009.
07-26 16:12:59.240  4613  4613 E stagram.android: Invalid resource ID 0x00000009.
07-26 16:12:59.285  4613  4613 E VideoPlayerImpl: IgBaseVideoPlayer Warning: AV1_INSTANTIATION AV1_INSTANTIATION AV1 decoding using Dav1d;meta.dav1d.av1.decoder
07-26 16:12:59.290  4613 10493 E ExoDav1dDecoder_JNI: Dav1dDecoder::dav1dInit -- setup signal action
07-26 16:12:59.908  4613  4613 E stagram.android: Invalid resource ID 0x00000009.
07-26 16:12:59.911  4613  4613 E stagram.android: Invalid resource ID 0x00000009.
07-26 16:12:59.911  4613  4613 E stagram.android: Invalid resource ID 0x00000009.
07-26 16:12:59.914  4613  4613 E stagram.android: Invalid resource ID 0x00000009.
07-26 16:12:59.914  4613  4613 E stagram.android: Invalid resource ID 0x00000009.
07-26 16:12:59.917  4613  4613 E stagram.android: Invalid resource ID 0x00000009.
07-26 16:12:59.918  4613  4613 E stagram.android: Invalid resource ID 0x00000009.
07-26 16:12:59.921  4613  4613 E stagram.android: Invalid resource ID 0x00000009.
07-26 16:12:59.967  4613  4613 E VideoPlayerImpl: IgBaseVideoPlayer Warning: AV1_INSTANTIATION AV1_INSTANTIATION AV1 decoding using Dav1d;meta.dav1d.av1.decoder
07-26 16:12:59.971  4613 10519 E ExoDav1dDecoder_JNI: Dav1dDecoder::dav1dInit -- setup signal action
07-26 16:13:01.647  4613 10475 E IdleQueuePayloadBasedServiceLayer: Request empty, but still some servings left: 376200
07-26 16:13:01.741  4613 10240 E IdleQueuePayloadBasedServiceLayer: Request empty, but still some servings left: -376200
07-26 16:13:04.075  4613 10153 E IdleQueuePayloadBasedServiceLayer: Request empty, but still some servings left: 102557
07-26 16:13:04.110  4613 10153 E IdleQueuePayloadBasedServiceLayer: Request empty, but still some servings left: -102557
07-26 16:13:04.299  4613 10475 E IdleQueuePayloadBasedServiceLayer: Request empty, but still some servings left: 498171
07-26 16:13:04.515  4613 10531 E IdleQueuePayloadBasedServiceLayer: Request empty, but still some servings left: -498171
07-26 16:13:05.192  4613 10475 E IdleQueuePayloadBasedServiceLayer: Request empty, but still some servings left: 81920
07-26 16:13:05.247  4613 10531 E IdleQueuePayloadBasedServiceLayer: Request empty, but still some servings left: -81920
07-26 16:13:05.252  4613 10475 E IdleQueuePayloadBasedServiceLayer: Request empty, but still some servings left: 40960
07-26 16:13:05.418  4613 10533 E IdleQueuePayloadBasedServiceLayer: Request empty, but still some servings left: -40960
07-26 16:13:05.426  4613 10531 E IdleQueuePayloadBasedServiceLayer: Request empty, but still some servings left: 40960
07-26 16:13:05.455  4613 10531 E IdleQueuePayloadBasedServiceLayer: Request empty, but still some servings left: 40960
07-26 16:13:05.471  4613 10531 E IdleQueuePayloadBasedServiceLayer: Request empty, but still some servings left: -50590
07-26 16:13:05.485  4613 10531 E IdleQueuePayloadBasedServiceLayer: Request empty, but still some servings left: -31330
07-26 16:13:05.723  4613 10531 E IdleQueuePayloadBasedServiceLayer: Request empty, but still some servings left: 25094
07-26 16:13:05.786  4613 10532 E IdleQueuePayloadBasedServiceLayer: Request empty, but still some servings left: -25094
07-26 16:13:05.915  4613 10240 E IdleQueuePayloadBasedServiceLayer: Request empty, but still some servings left: 593776
07-26 16:13:06.120  4613 10240 E IdleQueuePayloadBasedServiceLayer: Request empty, but still some servings left: -593776
07-26 16:13:07.137  4613  4613 E stagram.android: Invalid resource ID 0x00000009.
07-26 16:13:07.140  4613  4613 E stagram.android: Invalid resource ID 0x00000009.
07-26 16:13:07.140  4613  4613 E stagram.android: Invalid resource ID 0x00000009.
07-26 16:13:07.144  4613  4613 E stagram.android: Invalid resource ID 0x00000009.
07-26 16:13:07.144  4613  4613 E stagram.android: Invalid resource ID 0x00000009.
07-26 16:13:07.147  4613  4613 E stagram.android: Invalid resource ID 0x00000009.
07-26 16:13:07.148  4613  4613 E stagram.android: Invalid resource ID 0x00000009.
07-26 16:13:07.161  4613  4613 E stagram.android: Invalid resource ID 0x00000009.
07-26 16:13:07.372  4613  8759 E OpenGLRenderer: Unable to match the desired swap behavior.
07-26 16:13:07.396  4613  8759 E OpenGLRenderer: Unable to match the desired swap behavior.
07-26 16:13:08.789  4613 10531 E IdleQueuePayloadBasedServiceLayer: Request empty, but still some servings left: 465830
07-26 16:13:08.824  4613 10542 E IdleQueuePayloadBasedServiceLayer: Request empty, but still some servings left: 4589
07-26 16:13:08.915  4613 10531 E IdleQueuePayloadBasedServiceLayer: Request empty, but still some servings left: -40960
07-26 16:13:08.955  4613  9905 E IdleQueuePayloadBasedServiceLayer: Request empty, but still some servings left: -40960
07-26 16:13:09.509  4613  9905 E IdleQueuePayloadBasedServiceLayer: Request empty, but still some servings left: -40960
07-26 16:13:09.560  4613 10240 E IdleQueuePayloadBasedServiceLayer: Request empty, but still some servings left: -40960
07-26 16:13:09.589  4613  9905 E IdleQueuePayloadBasedServiceLayer: Request empty, but still some servings left: -40960
07-26 16:13:09.660  4613 10542 E IdleQueuePayloadBasedServiceLayer: Request empty, but still some servings left: -40960
07-26 16:13:09.708  4613  9905 E IdleQueuePayloadBasedServiceLayer: Request empty, but still some servings left: -40960
07-26 16:13:09.884  4613  9905 E IdleQueuePayloadBasedServiceLayer: Request empty, but still some servings left: -19859
07-26 16:13:11.122  4613 10240 E IdleQueuePayloadBasedServiceLayer: Request empty, but still some servings left: 566779
07-26 16:13:11.168  4613 10542 E IdleQueuePayloadBasedServiceLayer: Request empty, but still some servings left: -88876
07-26 16:13:11.363  4613 10544 E IdleQueuePayloadBasedServiceLayer: Request empty, but still some servings left: 206927
07-26 16:13:11.587  4613  9905 E IdleQueuePayloadBasedServiceLayer: Request empty, but still some servings left: -327620
07-26 16:13:11.675  4613  9905 E IdleQueuePayloadBasedServiceLayer: Request empty, but still some servings left: -327660
07-26 16:13:11.683  4613  9905 E IdleQueuePayloadBasedServiceLayer: Request empty, but still some servings left: -2172
07-26 16:13:11.710  4613  9905 E IdleQueuePayloadBasedServiceLayer: Request empty, but still some servings left: -14987
07-26 16:13:11.890  4613 10544 E IdleQueuePayloadBasedServiceLayer: Request empty, but still some servings left: -12391
07-26 16:13:11.895  4613  9494 E CacheManager_default: Invalid videoId is 0
07-26 16:13:11.974  4613 10531 E IdleQueuePayloadBasedServiceLayer: Request empty, but still some servings left: 92269
07-26 16:13:12.081  4613 10531 E IdleQueuePayloadBasedServiceLayer: Request empty, but still some servings left: -92269
07-26 16:13:12.081  4613  9494 E CacheManager_default: Invalid videoId is 0
07-26 16:13:12.091  4613  9905 E IdleQueuePayloadBasedServiceLayer: Request empty, but still some servings left: 59562
07-26 16:13:12.215  4613 10240 E IdleQueuePayloadBasedServiceLayer: Request empty, but still some servings left: -87364
07-26 16:13:12.217  4613  9905 E IdleQueuePayloadBasedServiceLayer: Request empty, but still some servings left: -5944
07-26 16:13:12.221  4613 10542 E IdleQueuePayloadBasedServiceLayer: Request empty, but still some servings left: 45264
07-26 16:13:12.294  4613 10544 E IdleQueuePayloadBasedServiceLayer: Request empty, but still some servings left: 200489
07-26 16:13:12.349  4613 10531 E IdleQueuePayloadBasedServiceLayer: Request empty, but still some servings left: 365729
07-26 16:13:12.928  4613 10531 E IdleQueuePayloadBasedServiceLayer: Request empty, but still some servings left: -436851
07-26 16:13:14.188  4613 10563 E IdleQueuePayloadBasedServiceLayer: Request empty, but still some servings left: -263765
07-26 16:13:14.519  4613 10563 E IdleQueuePayloadBasedServiceLayer: Request empty, but still some servings left: -40960
07-26 16:13:28.642  4613  4613 E stagram.android: No package ID ff found for resource ID 0xffffffff.
07-26 16:13:28.646  4613  4613 E stagram.android: No package ID ff found for resource ID 0xffffffff.
07-26 16:13:29.175  4613 10544 E IdleQueuePayloadBasedServiceLayer: Request empty, but still some servings left: 40960
07-26 16:13:29.181  4613 10563 E IdleQueuePayloadBasedServiceLayer: Request empty, but still some servings left: -40960
07-26 16:13:29.818  4613  4613 E stagram.android: No package ID ff found for resource ID 0xffffffff.
07-26 16:13:29.822  4613  4613 E stagram.android: No package ID ff found for resource ID 0xffffffff.
07-26 16:13:31.686  4613  4613 E stagram.android: No package ID ff found for resource ID 0xffffffff.
07-26 16:13:31.689  4613  4613 E stagram.android: No package ID ff found for resource ID 0xffffffff.
07-26 16:13:32.713  4613  4613 E stagram.android: Invalid resource ID 0x00000009.
07-26 16:13:32.717  4613  4613 E stagram.android: Invalid resource ID 0x00000009.
07-26 16:13:32.717  4613  4613 E stagram.android: Invalid resource ID 0x00000009.
07-26 16:13:32.720  4613  4613 E stagram.android: Invalid resource ID 0x00000009.
07-26 16:13:32.721  4613  4613 E stagram.android: Invalid resource ID 0x00000009.
07-26 16:13:32.724  4613  4613 E stagram.android: Invalid resource ID 0x00000009.
07-26 16:13:32.724  4613  4613 E stagram.android: Invalid resource ID 0x00000009.
07-26 16:13:32.728  4613  4613 E stagram.android: Invalid resource ID 0x00000009.
07-26 16:13:32.772  4613  4613 E VideoPlayerImpl: IgBaseVideoPlayer Warning: AV1_INSTANTIATION AV1_INSTANTIATION AV1 decoding using Dav1d;meta.dav1d.av1.decoder
07-26 16:13:32.777  4613 10636 E ExoDav1dDecoder_JNI: Dav1dDecoder::dav1dInit -- setup signal action
07-26 16:13:33.070  4613 10531 E IdleQueuePayloadBasedServiceLayer: Request empty, but still some servings left: 4745
07-26 16:13:33.074  4613 10531 E IdleQueuePayloadBasedServiceLayer: Request empty, but still some servings left: -4745
