07-26 15:55:53.489 24913 24949 E jzr     :      at adsu.run(PG:61)
07-26 15:55:53.489 24913 24949 E jzr     : Caused by: bmjv: While parsing a protocol message, the input ended unexpectedly in the middle of a field.  This could mean either that the input has been truncated or that an embedded message misreported its own length.
07-26 15:55:53.489 24913 24949 E jzr     :      at bmia.U(PG:29)
07-26 15:55:53.489 24913 24949 E jzr     :      at bmia.a(PG:8)
07-26 15:55:53.489 24913 24949 E jzr     :      at bmia.s(PG:8)
07-26 15:55:53.489 24913 24949 E jzr     :      at bmia.j(PG:120)
07-26 15:55:53.489 24913 24949 E jzr     :      at bmia.x(PG:1)
07-26 15:55:53.489 24913 24949 E jzr     :      at bmid.u(PG:7)
07-26 15:55:53.489 24913 24949 E jzr     :      at bmkr.T(PG:27)
07-26 15:55:53.489 24913 24949 E jzr     :      at bmkr.l(PG:1894)
07-26 15:55:53.489 24913 24949 E jzr     :      at bmid.R(PG:20)
07-26 15:55:53.489 24913 24949 E jzr     :      at bmid.x(PG:5)
07-26 15:55:53.489 24913 24949 E jzr     :      at bmkr.l(PG:1884)
07-26 15:55:53.489 24913 24949 E jzr     :      at bmid.R(PG:20)
07-26 15:55:53.489 24913 24949 E jzr     :      at bmid.s(PG:5)
07-26 15:55:53.489 24913 24949 E jzr     :      at bmkr.l(PG:1514)
07-26 15:55:53.489 24913 24949 E jzr     :      at bmid.R(PG:20)
07-26 15:55:53.489 24913 24949 E jzr     :      at bmid.s(PG:5)
07-26 15:55:53.489 24913 24949 E jzr     :      at bmid.t(PG:11)
07-26 15:55:53.489 24913 24949 E jzr     :      at bmid.q(PG:77)
07-26 15:55:53.489 24913 24949 E jzr     :      at bmkr.l(PG:998)
07-26 15:55:53.489 24913 24949 E jzr     :      at bmiw.k(PG:19)
07-26 15:55:53.489 24913 24949 E jzr     :      at bmhh.a(PG:5)
07-26 15:55:53.489 24913 24949 E jzr     :      at bmhh.h(PG:1)
07-26 15:55:53.489 24913 24949 E jzr     :      at akxl.a(PG:9)
07-26 15:55:53.489 24913 24949 E jzr     :      at akxc.b(PG:39)
07-26 15:55:53.489 24913 24949 E jzr     :      ... 15 more
07-26 15:56:11.925  7413  7746 E hwqe    : *~*~*~ Previous channel {0} was garbage collected without being shut down! ~*~*~*
07-26 15:56:11.925  7413  7746 E hwqe    :     Make sure to call shutdown()/shutdownNow()
07-26 15:56:11.925  7413  7746 E hwqe    : java.lang.RuntimeException: ManagedChannel allocation site
07-26 15:56:11.925  7413  7746 E hwqe    :      at hwqd.<init>(:com.google.android.gms@252931029@25.29.31 (190400-786286943):21)
07-26 15:56:11.925  7413  7746 E hwqe    :      at hwqe.<init>(:com.google.android.gms@252931029@25.29.31 (190400-786286943):10)
07-26 15:56:11.925  7413  7746 E hwqe    :      at hwqc.a(:com.google.android.gms@252931029@25.29.31 (190400-786286943):250)
07-26 15:56:11.925  7413  7746 E hwqe    :      at hwbc.a(:com.google.android.gms@252931029@25.29.31 (190400-786286943):5)
07-26 15:56:11.925  7413  7746 E hwqe    :      at ckpe.h(:com.google.android.gms@252931029@25.29.31 (190400-786286943):81)
07-26 15:56:11.925  7413  7746 E hwqe    :      at gllj.a(:com.google.android.gms@252931029@25.29.31 (190400-786286943):182)
07-26 15:56:11.925  7413  7746 E hwqe    :      at fzvp.a(:com.google.android.gms@252931029@25.29.31 (190400-786286943):13)
07-26 15:56:11.925  7413  7746 E hwqe    :      at gibh.a(:com.google.android.gms@252931029@25.29.31 (190400-786286943):3)
07-26 15:56:11.925  7413  7746 E hwqe    :      at giai.run(:com.google.android.gms@252931029@25.29.31 (190400-786286943):19)
07-26 15:56:11.925  7413  7746 E hwqe    :      at gibj.run(:com.google.android.gms@252931029@25.29.31 (190400-786286943):5)
07-26 15:56:11.925  7413  7746 E hwqe    :      at azxx.c(:com.google.android.gms@252931029@25.29.31 (190400-786286943):50)
07-26 15:56:11.925  7413  7746 E hwqe    :      at azxx.run(:com.google.android.gms@252931029@25.29.31 (190400-786286943):70)
07-26 15:56:11.925  7413  7746 E hwqe    :      at java.util.concurrent.ThreadPoolExecutor.runWorker(ThreadPoolExecutor.java:1156)
07-26 15:56:11.925  7413  7746 E hwqe    :      at java.util.concurrent.ThreadPoolExecutor$Worker.run(ThreadPoolExecutor.java:651)
07-26 15:56:11.925  7413  7746 E hwqe    :      at badq.run(:com.google.android.gms@252931029@25.29.31 (190400-786286943):8)
07-26 15:56:11.925  7413  7746 E hwqe    :      at java.lang.Thread.run(Thread.java:1119)
07-26 15:56:13.708  4613  4955 E MvfstCallbacks.cpp: readError: streamid=3; error=TransportError: Internal Error, Error on socket write Operation not permitted,
07-26 15:56:13.709  4613  4955 E MvfstCallbacks.cpp: readError: streamid=7; error=TransportError: Internal Error, Error on socket write Operation not permitted,
07-26 15:56:13.709  4613  4955 E MvfstCallbacks.cpp: readError: streamid=11; error=TransportError: Internal Error, Error on socket write Operation not permitted,
07-26 15:56:13.710  4613  4955 E MvfstCallbacks.cpp: onConnectionError: error=TransportError: Internal Error, Error on socket write Operation not permitted,
07-26 15:56:14.780  4613  5540 E msys    : E[N mccw.liger]onConnectError(579)=>connect/error - address: 2a03:2880:f36a:24:face:b00c:0:6e2e, port: 5222, ex: folly::AsyncSocketException: AsyncSocketException: connect timed out after 9999ms, type = Timed out
07-26 15:56:15.064  4613  5540 E msys    : E[N mccw.liger]onConnectError(579)=>connect/error - address: 2a03:2880:f36a:24:face:b00c:0:6e2e, port: 443, ex: folly::AsyncSocketException: AsyncSocketException: connect timed out after 9999ms, type = Timed out
07-26 15:57:09.816  4613  5005 E MvfstCallbacks.cpp: onConnectionSetupError: error=TransportError: Internal Error, Error on socket write Operation not permitted,
07-26 15:57:09.824  4613  5005 E MvfstCallbacks.cpp: onConnectionSetupError: error=TransportError: Internal Error, Error on socket write Operation not permitted,
07-26 15:58:58.501  4613  5540 E msys    : E[N mccw.liger]onConnectError(579)=>connect/error - address: 2a03:2880:f36a:24:face:b00c:0:6e2e, port: 80, ex: folly::AsyncSocketException: AsyncSocketException: connect timed out after 9999ms, type = Timed out
07-26 15:58:58.788  4613  5540 E msys    : E[N mccw.liger]onConnectError(579)=>connect/error - address: 57.144.208.36, port: 5222, ex: folly::AsyncSocketException: AsyncSocketException: connect timed out after 9999ms, type = Timed out
07-26 16:00:58.304  4613  5540 E msys    : E[N mccw.liger]onConnectError(579)=>connect/error - address: 57.144.208.36, port: 443, ex: folly::AsyncSocketException: AsyncSocketException: connect timed out after 9999ms, type = Timed out
07-26 16:00:58.595  4613  5540 E msys    : E[N mccw.liger]onConnectError(579)=>connect/error - address: 57.144.208.36, port: 80, ex: folly::AsyncSocketException: AsyncSocketException: connect timed out after 9999ms, type = Timed out
07-26 16:00:58.600  4613  5094 E msys    : E[N WA]_WCCXMPPStreamDisconnectHandler(299)=>xmpp/disconnect - WCIStreamStateErrorCode: 0, domain: WCIStreamState, subdomain: MCCWLigerStream: Error Domain=WCIStreamState Code=0 UserInfo=0xb400007684beec00 {MCFErrorDirectUnderlyingErrorKey=0xb4000074f4bccb10 "Error Domain=MCCWLigerStream Code=1 UserInfo=0xb400007684bc7060 {MCFErrorDirectLocalizedFailureReasonKey=folly::AsyncSocketException: AsyncSocketException: connect timed out after 9999ms, type = Timed out}"}
07-26 16:00:58.601  4613  5094 E msys    : E[N WA]_WCCConnectionDefaultLifecycleEventHandler(1966)=>[INFO] connection/xmpp/lifecycle_event/not-connected, [315.3433s]
07-26 16:00:58.601  4613  5094 E msys    : E[N WA]_WCCXMPPStreamDoDisconnect(1050)=>xmpp/disconnect - flags: 131
07-26 16:00:58.602  4613  5094 E msys    : E[N WA]_WCCConnectionDefaultDisconnectHandler(1996)=>connection/disconnected, backoff on socket failed to connect
07-26 16:00:58.602  4613  5094 E msys    : E[N WA]_WCCConnectionDefaultDisconnectHandler(2025)=>connection/disconnected, transport error
07-26 16:00:58.603  4613  5094 E msys    : E[N WA]_WCCConnectionDefaultEmitStateChange(2937)=>[INFO] connection/new_state/not-connected [connection_id=257349765, wcc_source=1, wcc_reason=18]
07-26 16:00:58.606  4613  5094 E msys    : E[C 1]MCCLogErrorWithTraceOrQPL(275)=>8/374/3970/32771
07-26 16:00:58.607  4613  5094 E msys    : E[C 1]MCCLogErrorWithTraceOrQPL(275)=>8/374/3972/18
07-26 16:00:58.608  4613  5094 E msys    : E[C mem.context]_LogConnectFailure(4976)=>Establishing connection failure reason and flags: disconnect/Doze/-1/reason/18/flags/32771/[no_connect, -, -, transport_error, no_bytes_read, -, -, -, -, -, -]
07-26 16:00:58.608  4613  5094 E msys    : E[C mem.context]_LogConnectFailure(5010)=>[Happy Eyeball] Connect failed with source=1, winner stream ip=157.240.16.175, port=80, dnsResolutionMethod=1, combined_ip_addresses=2a03:2880:f36a:24:face:b00c:0:6e2e, 57.144.208.36
07-26 16:00:58.610  4613  5094 E msys    : E[N WA]_WCCConnectionDefaultDisconnectHandler(2089)=>[INFO] connection/disconnected/[no-connect, no-bytes-read]
07-26 16:01:24.324  4613  5094 E msys    : E[N WA]_WCCConnectionDefaultEmitStateChange(2937)=>[INFO] connection/new_state/connecting [connection_id=257349768, wcc_source=1, wcc_reason=18]
07-26 16:01:24.339  4613  5094 E msys    : E[N WA]_WCCConnectionDefaultDoConnectWithAuthKeys(1434)=>[INFO] connection/connect/start/[host=z-p42-chat-e2ee-ig.facebook.com port=5222]/[157.240.16.175:5222]
07-26 16:01:24.340  4613  5094 E msys    : E[N WA]_WCCConnectionDefaultLifecycleEventHandler(1958)=>[INFO] connection/xmpp/lifecycle_event/will-connect
07-26 16:05:04.853  4613  5540 E msys    : E[N mccw.liger]onConnectError(579)=>connect/error - address: 157.240.16.175, port: 5222, ex: folly::AsyncSocketException: AsyncSocketException: connect timed out after 9999ms, type = Timed out
07-26 16:05:05.109  4613  5540 E msys    : E[N mccw.liger]onConnectError(579)=>connect/error - address: 157.240.16.175, port: 443, ex: folly::AsyncSocketException: AsyncSocketException: connect timed out after 9999ms, type = Timed out
07-26 16:06:48.676  4613  5005 E MvfstCallbacks.cpp: onConnectionSetupError: error=TransportError: Internal Error, Error on socket write Operation not permitted,
07-26 16:06:48.683  4613  5005 E MvfstCallbacks.cpp: onConnectionSetupError: error=TransportError: Internal Error, Error on socket write Operation not permitted,
07-26 16:06:49.445  7413  3479 E fmrn    : Unable to stop autobatch scan. [CONTEXT service_id=284 ]
07-26 16:06:49.445  7413  3479 E fmrn    : fmyu: BLE scanner is not available
07-26 16:06:49.445  7413  3479 E fmrn    :      at fmrn.h(:com.google.android.gms@252931029@25.29.31 (190400-786286943):16)
07-26 16:06:49.445  7413  3479 E fmrn    :      at fmrn.c(:com.google.android.gms@252931029@25.29.31 (190400-786286943):1)
07-26 16:06:49.445  7413  3479 E fmrn    :      at bneq.run(:com.google.android.gms@252931029@25.29.31 (190400-786286943):9)
07-26 16:06:49.445  7413  3479 E fmrn    :      at fzvu.run(:com.google.android.gms@252931029@25.29.31 (190400-786286943):21)
07-26 16:06:49.445  7413  3479 E fmrn    :      at java.util.concurrent.Executors$RunnableAdapter.call(Executors.java:524)
07-26 16:06:49.445  7413  3479 E fmrn    :      at gibi.a(:com.google.android.gms@252931029@25.29.31 (190400-786286943):3)
07-26 16:06:49.445  7413  3479 E fmrn    :      at giai.run(:com.google.android.gms@252931029@25.29.31 (190400-786286943):19)
07-26 16:06:49.445  7413  3479 E fmrn    :      at gibj.run(:com.google.android.gms@252931029@25.29.31 (190400-786286943):5)
07-26 16:06:49.445  7413  3479 E fmrn    :      at giay.run(:com.google.android.gms@252931029@25.29.31 (190400-786286943):3)
07-26 16:06:49.445  7413  3479 E fmrn    :      at giaz.run(:com.google.android.gms@252931029@25.29.31 (190400-786286943):64)
07-26 16:06:49.445  7413  3479 E fmrn    :      at azxx.c(:com.google.android.gms@252931029@25.29.31 (190400-786286943):50)
07-26 16:06:49.445  7413  3479 E fmrn    :      at azxx.run(:com.google.android.gms@252931029@25.29.31 (190400-786286943):70)
07-26 16:06:49.445  7413  3479 E fmrn    :      at java.util.concurrent.ThreadPoolExecutor.runWorker(ThreadPoolExecutor.java:1156)
07-26 16:06:49.445  7413  3479 E fmrn    :      at java.util.concurrent.ThreadPoolExecutor$Worker.run(ThreadPoolExecutor.java:651)
07-26 16:06:49.445  7413  3479 E fmrn    :      at badq.run(:com.google.android.gms@252931029@25.29.31 (190400-786286943):8)
07-26 16:06:49.445  7413  3479 E fmrn    :      at java.lang.Thread.run(Thread.java:1119)
07-26 16:06:52.574  4613  5540 E msys    : E[N mccw.liger]onConnectError(579)=>connect/error - address: 157.240.16.175, port: 80, ex: folly::AsyncSocketException: AsyncSocketException: connect timed out after 9999ms, type = Timed out
07-26 16:06:52.576  4613  5094 E msys    : E[N WA]_WCCXMPPStreamDisconnectHandler(299)=>xmpp/disconnect - WCIStreamStateErrorCode: 0, domain: WCIStreamState, subdomain: MCCWLigerStream: Error Domain=WCIStreamState Code=0 UserInfo=0xb400007684c05a40 {MCFErrorDirectUnderlyingErrorKey=0xb4000074f4b41550 "Error Domain=MCCWLigerStream Code=1 UserInfo=0xb400007684b83270 {MCFErrorDirectLocalizedFailureReasonKey=folly::AsyncSocketException: AsyncSocketException: connect timed out after 9999ms, type = Timed out}"}
07-26 16:06:52.577  4613  5094 E msys    : E[N WA]_WCCConnectionDefaultLifecycleEventHandler(1966)=>[INFO] connection/xmpp/lifecycle_event/not-connected, [328.2362s]
07-26 16:06:52.577  4613  5094 E msys    : E[N WA]_WCCXMPPStreamDoDisconnect(1050)=>xmpp/disconnect - flags: 131
07-26 16:06:52.578  4613  5094 E msys    : E[N WA]_WCCConnectionDefaultDisconnectHandler(1996)=>connection/disconnected, backoff on socket failed to connect
07-26 16:06:52.578  4613  5094 E msys    : E[N WA]_WCCConnectionDefaultDisconnectHandler(2025)=>connection/disconnected, transport error
07-26 16:06:52.578  4613  5094 E msys    : E[N WA]_WCCConnectionDefaultEmitStateChange(2937)=>[INFO] connection/new_state/not-connected [connection_id=257349765, wcc_source=1, wcc_reason=18]
07-26 16:06:52.581  4613  5094 E msys    : E[C 1]MCCLogErrorWithTraceOrQPL(275)=>8/374/3970/32771
07-26 16:06:52.582  4613  5094 E msys    : E[C 1]MCCLogErrorWithTraceOrQPL(275)=>8/374/3972/18
07-26 16:06:52.582  4613  5094 E msys    : E[C mem.context]_LogConnectFailure(4976)=>Establishing connection failure reason and flags: disconnect/Doze/-1/reason/18/flags/32771/[no_connect, -, -, transport_error, no_bytes_read, -, -, -, -, -, -]
07-26 16:06:52.583  4613  5094 E msys    : E[C mem.context]_LogConnectFailure(5010)=>[Happy Eyeball] Connect failed with source=1, winner stream ip=157.240.16.175, port=80, dnsResolutionMethod=1, combined_ip_addresses=157.240.16.175
07-26 16:06:52.585  4613  5094 E msys    : E[N WA]_WCCConnectionDefaultDisconnectHandler(2089)=>[INFO] connection/disconnected/[no-connect, no-bytes-read]
07-26 16:06:56.217  4613  5094 E msys    : E[N WA]_WCCConnectionDefaultEmitStateChange(2937)=>[INFO] connection/new_state/connecting [connection_id=257349769, wcc_source=1, wcc_reason=18]
07-26 16:06:56.289  4613  5094 E msys    : E[N WA]_WCCConnectionDefaultDoConnectWithAuthKeys(1434)=>[INFO] connection/connect/start/[host=z-p42-chat-e2ee-ig.facebook.com port=443]/[157.240.16.175:443]
07-26 16:06:56.290  4613  5094 E msys    : E[N WA]_WCCConnectionDefaultLifecycleEventHandler(1958)=>[INFO] connection/xmpp/lifecycle_event/will-connect
07-26 16:06:56.465  8600  9001 E OpenGLRenderer: Unable to match the desired swap behavior.
07-26 16:06:56.486  8267  8267 E m.vivo.imanager: Not starting debugger since process cannot load the jdwp agent.
07-26 16:06:56.825  4613  4613 E SlowAppComponent: 0ms: FirebaseInstanceIdReceiver instantiating…
07-26 16:06:56.826  4613  4613 E SlowAppComponent: 22ms: FcmListenerService instantiating…
07-26 16:06:56.826  4613  4613 E SlowAppComponent: Main thread was blocked for 34ms in the background starting with FirebaseInstanceIdReceiver
07-26 16:06:56.980 24913 24949 E jzr     : [Gmail] NotificationBroadcastReceiver: Failed to update idle mode timestamp
07-26 16:06:56.980 24913 24949 E jzr     : java.io.IOException: Inoperable file: canonical[/data/data/com.google.android.gm/files/email_notification_timestamp/shared/EmailNotificationTimestamp.pb] freeSpace[34121428992] protoName[EmailNotificationTimestamp] mode[33152]
07-26 16:06:56.980 24913 24949 E jzr     :      at akhr.ck(PG:97)
07-26 16:06:56.980 24913 24949 E jzr     :      at akhr.cl(PG:36)
07-26 16:06:56.980 24913 24949 E jzr     :      at akhr.aq(PG:39)
07-26 16:06:56.980 24913 24949 E jzr     :      at akxc.b(PG:95)
07-26 16:06:56.980 24913 24949 E jzr     :      at akwy.a(PG:1206)
07-26 16:06:56.980 24913 24949 E jzr     :      at bevl.a(PG:53)
07-26 16:06:56.980 24913 24949 E jzr     :      at bevl.a(PG:29)
07-26 16:06:56.980 24913 24949 E jzr     :      at biza.a(PG:3)
07-26 16:06:56.980 24913 24949 E jzr     :      at biyg.run(PG:19)
07-26 16:06:56.980 24913 24949 E jzr     :      at bizc.run(PG:5)
07-26 16:06:56.980 24913 24949 E jzr     :      at bixl.run(PG:17)
07-26 16:06:56.980 24913 24949 E jzr     :      at biys.run(PG:3)
07-26 16:06:56.980 24913 24949 E jzr     :      at biyt.run(PG:200)
07-26 16:06:56.980 24913 24949 E jzr     :      at adsc.run(PG:7)
07-26 16:06:56.980 24913 24949 E jzr     :      at java.util.concurrent.ThreadPoolExecutor.runWorker(ThreadPoolExecutor.java:1156)
07-26 16:06:56.980 24913 24949 E jzr     :      at java.util.concurrent.ThreadPoolExecutor$Worker.run(ThreadPoolExecutor.java:651)
07-26 16:06:56.980 24913 24949 E jzr     :      at androidx.compose.ui.platform.AndroidComposeView$$ExternalSyntheticLambda4.run(PG:200)
07-26 16:06:56.980 24913 24949 E jzr     :      at java.lang.Thread.run(Thread.java:1119)
07-26 16:06:56.980 24913 24949 E jzr     :      at adsu.run(PG:61)
07-26 16:06:56.980 24913 24949 E jzr     : Caused by: bmjv: While parsing a protocol message, the input ended unexpectedly in the middle of a field.  This could mean either that the input has been truncated or that an embedded message misreported its own length.
07-26 16:06:56.980 24913 24949 E jzr     :      at bmia.U(PG:29)
07-26 16:06:56.980 24913 24949 E jzr     :      at bmia.a(PG:8)
07-26 16:06:56.980 24913 24949 E jzr     :      at bmia.s(PG:8)
07-26 16:06:56.980 24913 24949 E jzr     :      at bmia.j(PG:120)
07-26 16:06:56.980 24913 24949 E jzr     :      at bmia.x(PG:1)
07-26 16:06:56.980 24913 24949 E jzr     :      at bmid.u(PG:7)
07-26 16:06:56.980 24913 24949 E jzr     :      at bmkr.T(PG:27)
07-26 16:06:56.980 24913 24949 E jzr     :      at bmkr.l(PG:1894)
07-26 16:06:56.980 24913 24949 E jzr     :      at bmid.R(PG:20)
07-26 16:06:56.980 24913 24949 E jzr     :      at bmid.x(PG:5)
07-26 16:06:56.980 24913 24949 E jzr     :      at bmkr.l(PG:1884)
07-26 16:06:56.980 24913 24949 E jzr     :      at bmid.R(PG:20)
07-26 16:06:56.980 24913 24949 E jzr     :      at bmid.s(PG:5)
07-26 16:06:56.980 24913 24949 E jzr     :      at bmkr.l(PG:1514)
07-26 16:06:56.980 24913 24949 E jzr     :      at bmid.R(PG:20)
07-26 16:06:56.980 24913 24949 E jzr     :      at bmid.s(PG:5)
07-26 16:06:56.980 24913 24949 E jzr     :      at bmid.t(PG:11)
07-26 16:06:56.980 24913 24949 E jzr     :      at bmid.q(PG:77)
07-26 16:06:56.980 24913 24949 E jzr     :      at bmkr.l(PG:998)
07-26 16:06:56.980 24913 24949 E jzr     :      at bmiw.k(PG:19)
07-26 16:06:56.980 24913 24949 E jzr     :      at bmhh.a(PG:5)
07-26 16:06:56.980 24913 24949 E jzr     :      at bmhh.h(PG:1)
07-26 16:06:56.980 24913 24949 E jzr     :      at akxl.a(PG:9)
07-26 16:06:56.980 24913 24949 E jzr     :      at akxc.b(PG:39)
07-26 16:06:56.980 24913 24949 E jzr     :      ... 15 more
07-26 16:06:57.640  4613  5094 E msys    : E[N WA]_WCCConnectionDefaultLifecycleEventHandler(1966)=>[INFO] connection/xmpp/lifecycle_event/did-connect, [1.3497s]
07-26 16:06:57.645  4613  5094 E msys    : E[N WA]_WCCConnectionDefaultLifecycleEventHandler(1966)=>[INFO] connection/xmpp/lifecycle_event/did-send-initial-payload, [0.0049s]
07-26 16:06:58.023  4613  5094 E msys    : E[N WA]_WCCConnectionDefaultLifecycleEventHandler(1966)=>[INFO] connection/xmpp/lifecycle_event/will-handshake, [0.3775s]
07-26 16:06:58.026  4613  5094 E msys    : E[N WA]_WCCConnectionDefaultLifecycleEventHandler(1966)=>[INFO] connection/xmpp/lifecycle_event/did-handshake, [0.0022s]
07-26 16:06:58.034  4613  5094 E msys    : E[N WA]_WCCConnectionDefaultReceiveHandler(2118)=>[INFO] connection/receive/login-success
07-26 16:06:58.035  4613  5094 E msys    : E[N WA]_WCCConnectionDefaultEmitStateChange(2937)=>[INFO] connection/new_state/connected [connection_id=257349769, wcc_source=1, wcc_reason=18]
07-26 16:07:01.027 31283 31283 E com.whatsapp: Invalid resource ID 0x00000000.
07-26 16:07:01.027 31283 31283 E com.whatsapp: Invalid resource ID 0x00000000.
07-26 16:07:01.029 31283 31283 E com.whatsapp: Invalid resource ID 0x00000000.
07-26 16:07:01.029 31283 31283 E com.whatsapp: Invalid resource ID 0x00000000.
07-26 16:07:01.031 31283 31283 E com.whatsapp: Invalid resource ID 0x00000000.
07-26 16:07:01.031 31283 31283 E com.whatsapp: Invalid resource ID 0x00000000.
07-26 16:07:01.033 31283 31283 E com.whatsapp: Invalid resource ID 0x00000000.
07-26 16:07:01.033 31283 31283 E com.whatsapp: Invalid resource ID 0x00000000.
07-26 16:07:01.033 31283 31283 E com.whatsapp: Invalid resource ID 0x00000000.
07-26 16:07:01.033 31283 31283 E com.whatsapp: Invalid resource ID 0x00000000.
07-26 16:07:01.034 31283 31283 E com.whatsapp: Invalid resource ID 0x00000000.
07-26 16:07:01.034 31283 31283 E com.whatsapp: Invalid resource ID 0x00000000.
07-26 16:07:01.034 31283 31283 E com.whatsapp: Invalid resource ID 0x00000000.
07-26 16:07:01.034 31283 31283 E com.whatsapp: Invalid resource ID 0x00000000.
07-26 16:07:01.035 31283 31283 E com.whatsapp: Invalid resource ID 0x00000000.
07-26 16:07:01.036 31283 31283 E com.whatsapp: Invalid resource ID 0x00000000.
07-26 16:07:01.038 31283 31283 E com.whatsapp: Invalid resource ID 0x00000000.
07-26 16:07:01.038 31283 31283 E com.whatsapp: Invalid resource ID 0x00000000.
07-26 16:07:01.185 31283  8443 E OpenGLRenderer: Unable to match the desired swap behavior.
07-26 16:07:02.154 31283  8443 E OpenGLRenderer: Unable to match the desired swap behavior.
07-26 16:07:03.042  4613  8319 E FbnsAIDLClientManager: Max Try reached for binding to FbnsAIDLService, threadId 41622
07-26 16:07:03.043  4613  8319 E FbnsAIDLClientManager: Fbns AIDL request got RemoteException
07-26 16:07:03.043  4613  8319 E FbnsAIDLClientManager: android.os.RemoteException: AIDLService is not bound
07-26 16:07:03.043  4613  8319 E FbnsAIDLClientManager:         at X.5oL.A00(:21)
07-26 16:07:03.043  4613  8319 E FbnsAIDLClientManager:         at X.BQb.call(:302)
07-26 16:07:03.043  4613  8319 E FbnsAIDLClientManager:         at java.util.concurrent.FutureTask.run(FutureTask.java:317)
07-26 16:07:03.043  4613  8319 E FbnsAIDLClientManager:         at java.util.concurrent.ThreadPoolExecutor.runWorker(ThreadPoolExecutor.java:1156)
07-26 16:07:03.043  4613  8319 E FbnsAIDLClientManager:         at java.util.concurrent.ThreadPoolExecutor$Worker.run(ThreadPoolExecutor.java:651)
07-26 16:07:03.043  4613  8319 E FbnsAIDLClientManager:         at java.lang.Thread.run(Thread.java:1119)
07-26 16:07:25.779 31283  8443 E OpenGLRenderer: Unable to match the desired swap behavior.
07-26 16:07:28.747 31283 31283 E com.whatsapp: Invalid resource ID 0x00000000.
07-26 16:07:28.747 31283 31283 E com.whatsapp: Invalid resource ID 0x00000000.
07-26 16:07:28.747 31283 31283 E com.whatsapp: Invalid resource ID 0x00000000.
07-26 16:07:28.747 31283 31283 E com.whatsapp: Invalid resource ID 0x00000000.
07-26 16:07:28.747 31283 31283 E com.whatsapp: Invalid resource ID 0x00000000.
07-26 16:07:28.748 31283 31283 E com.whatsapp: Invalid resource ID 0x00000000.
07-26 16:07:28.748 31283 31283 E com.whatsapp: Invalid resource ID 0x00000000.
07-26 16:07:28.748 31283 31283 E com.whatsapp: Invalid resource ID 0x00000000.
07-26 16:07:28.748 31283 31283 E com.whatsapp: Invalid resource ID 0x00000000.
07-26 16:07:28.748 31283 31283 E com.whatsapp: Invalid resource ID 0x00000000.
07-26 16:07:28.748 31283 31283 E com.whatsapp: Invalid resource ID 0x00000000.
07-26 16:07:28.748 31283 31283 E com.whatsapp: Invalid resource ID 0x00000000.
07-26 16:07:28.748 31283 31283 E com.whatsapp: Invalid resource ID 0x00000000.
07-26 16:07:28.749 31283 31283 E com.whatsapp: Invalid resource ID 0x00000000.
07-26 16:07:28.749 31283 31283 E com.whatsapp: Invalid resource ID 0x00000000.
07-26 16:07:28.749 31283 31283 E com.whatsapp: Invalid resource ID 0x00000000.
07-26 16:07:28.749 31283 31283 E com.whatsapp: Invalid resource ID 0x00000000.
07-26 16:07:28.749 31283 31283 E com.whatsapp: Invalid resource ID 0x00000000.
07-26 16:07:28.791 31283  8443 E OpenGLRenderer: Unable to match the desired swap behavior.
07-26 16:07:38.264 31283  8443 E OpenGLRenderer: Unable to match the desired swap behavior.
07-26 16:07:43.684  4613  5513 E MailboxAdminMessageHandler: Should only be initialized once
07-26 16:07:43.819  4613  8759 E OpenGLRenderer: Unable to match the desired swap behavior.
07-26 16:07:44.029  4613  4613 E SlowAppComponent: 0ms: InstagramMainActivity instantiating…
07-26 16:07:44.029  4613  4613 E SlowAppComponent: 202ms: ModalActivity instantiating…
07-26 16:07:44.029  4613  4613 E SlowAppComponent: Main thread was blocked for 656ms in the foreground starting with InstagramMainActivity
07-26 16:07:44.416  4613  5160 E stagram.android: No implementation found for int com.facebook.soloader.MergedSoMapping$Invoke_JNI_OnLoad.libtorch_code_gen_so() (tried Java_com_facebook_soloader_MergedSoMapping_00024Invoke_1JNI_1OnLoad_libtorch_1code_1gen_1so and Java_com_facebook_soloader_MergedSoMapping_00024Invoke_1JNI_1OnLoad_libtorch_1code_1gen_1so__) - is the library loaded, e.g. System.loadLibrary?
07-26 16:07:48.719  4613  4613 E fatal   : runForegroundReporters
07-26 16:07:49.941  4613  8803 E FbnsAIDLClientManager: Max Try reached for binding to FbnsAIDLService, threadId 41643
07-26 16:07:49.941  4613  8803 E FbnsAIDLClientManager: Fbns AIDL request got RemoteException
07-26 16:07:49.941  4613  8803 E FbnsAIDLClientManager: android.os.RemoteException: AIDLService is not bound
07-26 16:07:49.941  4613  8803 E FbnsAIDLClientManager:         at X.5oL.A00(:21)
07-26 16:07:49.941  4613  8803 E FbnsAIDLClientManager:         at X.BQb.call(:302)
07-26 16:07:49.941  4613  8803 E FbnsAIDLClientManager:         at java.util.concurrent.FutureTask.run(FutureTask.java:317)
07-26 16:07:49.941  4613  8803 E FbnsAIDLClientManager:         at java.util.concurrent.ThreadPoolExecutor.runWorker(ThreadPoolExecutor.java:1156)
07-26 16:07:49.941  4613  8803 E FbnsAIDLClientManager:         at java.util.concurrent.ThreadPoolExecutor$Worker.run(ThreadPoolExecutor.java:651)
07-26 16:07:49.941  4613  8803 E FbnsAIDLClientManager:         at java.lang.Thread.run(Thread.java:1119)
07-26 16:07:51.880 15342 15549 E OpenGLRenderer: Unable to match the desired swap behavior.
07-26 16:08:01.822  8600  9001 E OpenGLRenderer: Unable to match the desired swap behavior.
07-26 16:08:02.246 31283  8443 E OpenGLRenderer: Unable to match the desired swap behavior.
07-26 16:08:03.049 31283 31283 E com.whatsapp: Invalid resource ID 0x00000000.
07-26 16:08:03.049 31283 31283 E com.whatsapp: Invalid resource ID 0x00000000.
07-26 16:08:03.049 31283 31283 E com.whatsapp: Invalid resource ID 0x00000000.
07-26 16:08:03.049 31283 31283 E com.whatsapp: Invalid resource ID 0x00000000.
07-26 16:08:03.049 31283 31283 E com.whatsapp: Invalid resource ID 0x00000000.
07-26 16:08:03.049 31283 31283 E com.whatsapp: Invalid resource ID 0x00000000.
07-26 16:08:03.050 31283 31283 E com.whatsapp: Invalid resource ID 0x00000000.
07-26 16:08:03.050 31283 31283 E com.whatsapp: Invalid resource ID 0x00000000.
07-26 16:08:03.050 31283 31283 E com.whatsapp: Invalid resource ID 0x00000000.
07-26 16:08:03.050 31283 31283 E com.whatsapp: Invalid resource ID 0x00000000.
07-26 16:08:03.050 31283 31283 E com.whatsapp: Invalid resource ID 0x00000000.
07-26 16:08:03.050 31283 31283 E com.whatsapp: Invalid resource ID 0x00000000.
07-26 16:08:03.050 31283 31283 E com.whatsapp: Invalid resource ID 0x00000000.
07-26 16:08:03.050 31283 31283 E com.whatsapp: Invalid resource ID 0x00000000.
07-26 16:08:03.050 31283 31283 E com.whatsapp: Invalid resource ID 0x00000000.
07-26 16:08:03.050 31283 31283 E com.whatsapp: Invalid resource ID 0x00000000.
07-26 16:08:03.050 31283 31283 E com.whatsapp: Invalid resource ID 0x00000000.
07-26 16:08:03.050 31283 31283 E com.whatsapp: Invalid resource ID 0x00000000.
07-26 16:08:03.103 31283  8443 E OpenGLRenderer: Unable to match the desired swap behavior.
07-26 16:08:07.321  4613  4937 E AppStates.cpp: Event 2 is not expected in BACKGROUND_VOIPOFF
07-26 16:08:08.400 15342 15549 E OpenGLRenderer: Unable to match the desired swap behavior.
07-26 16:08:40.018  4613  5024 E StellaIntentHelper: Failed getting package info
07-26 16:08:40.018  4613  5024 E StellaIntentHelper: android.content.pm.PackageManager$NameNotFoundException: com.facebook.stella
07-26 16:08:40.018  4613  5024 E StellaIntentHelper:    at android.app.ApplicationPackageManager.getPackageInfoAsUser(ApplicationPackageManager.java:317)
07-26 16:08:40.018  4613  5024 E StellaIntentHelper:    at android.app.ApplicationPackageManager.getPackageInfo(ApplicationPackageManager.java:263)
07-26 16:08:40.018  4613  5024 E StellaIntentHelper:    at android.app.ApplicationPackageManager.getPackageInfo(ApplicationPackageManager.java:257)
07-26 16:08:40.018  4613  5024 E StellaIntentHelper:    at X.DU4.A00(:57)
07-26 16:08:40.018  4613  5024 E StellaIntentHelper:    at X.6wq.A0D(:110)
07-26 16:08:40.018  4613  5024 E StellaIntentHelper:    at X.6uf.A00(:112)
07-26 16:08:40.018  4613  5024 E StellaIntentHelper:    at X.90z.A00(:81)
07-26 16:08:40.018  4613  5024 E StellaIntentHelper:    at X.6wq.A0F(:69)
07-26 16:08:40.018  4613  5024 E StellaIntentHelper:    at X.6uf.A01(:281)
07-26 16:08:40.018  4613  5024 E StellaIntentHelper:    at X.6uf.A09(:1103)
07-26 16:08:40.018  4613  5024 E StellaIntentHelper:    at X.NvU.EBK(:947)
07-26 16:08:40.018  4613  5024 E StellaIntentHelper:    at X.46P.A01(:208)
07-26 16:08:40.018  4613  5024 E StellaIntentHelper:    at X.46P.A03(:1784)
07-26 16:08:40.018  4613  5024 E StellaIntentHelper:    at X.0R7.EBJ(:125)
07-26 16:08:40.018  4613  5024 E StellaIntentHelper:    at X.0Z7.FDs(:507)
07-26 16:08:40.018  4613  5024 E StellaIntentHelper:    at X.6xm.A01(:91)
07-26 16:08:40.018  4613  5024 E StellaIntentHelper:    at X.6xk.A09(:352)
07-26 16:08:40.018  4613  5024 E StellaIntentHelper:    at X.CcP.handleMessage(:759)
07-26 16:08:40.018  4613  5024 E StellaIntentHelper:    at android.os.Handler.dispatchMessage(Handler.java:108)
07-26 16:08:40.018  4613  5024 E StellaIntentHelper:    at android.os.Looper.loopOnce(Looper.java:226)
07-26 16:08:40.018  4613  5024 E StellaIntentHelper:    at android.os.Looper.loop(Looper.java:328)
07-26 16:08:40.018  4613  5024 E StellaIntentHelper:    at android.os.HandlerThread.run(HandlerThread.java:67)
07-26 16:08:40.019  4613  5024 E StellaIntentHelper: Failed getting package info
07-26 16:08:53.097 31283  8443 E OpenGLRenderer: Unable to match the desired swap behavior.
07-26 16:08:54.358 31283 31283 E BLASTBufferQueue: [VRI[Conversation]#7](f:0,a:1) Applying pending transactions on dtor 1
07-26 16:09:00.413 15342 15549 E OpenGLRenderer: Unable to match the desired swap behavior.
07-26 16:09:07.198 31283  8443 E OpenGLRenderer: Unable to match the desired swap behavior.
07-26 16:09:10.479  8600  9001 E OpenGLRenderer: Unable to match the desired swap behavior.
07-26 16:09:11.647  4613  8759 E OpenGLRenderer: Unable to match the desired swap behavior.
07-26 16:09:11.751  4613  4613 E stagram.android: No package ID ff found for resource ID 0xfffffffb.
07-26 16:09:11.755  4613  4613 E stagram.android: No package ID ff found for resource ID 0xfffffffb.
07-26 16:09:11.758  4613  4613 E stagram.android: No package ID ff found for resource ID 0xfffffffb.
07-26 16:09:11.762  4613  4613 E stagram.android: No package ID ff found for resource ID 0xfffffffb.
07-26 16:09:11.932 15342 15549 E OpenGLRenderer: Unable to match the desired swap behavior.
07-26 16:09:13.118  4613  8759 E OpenGLRenderer: Unable to match the desired swap behavior.
07-26 16:09:13.288  4613  4613 E SlowAppComponent: 0ms: InstagramMainActivity instantiating…
07-26 16:09:13.288  4613  4613 E SlowAppComponent: Main thread was blocked for 304ms in the foreground starting with InstagramMainActivity
07-26 16:09:14.294  4613  4980 E stagram.android: No package ID ff found for resource ID 0xffffffff.
07-26 16:09:14.747  4613  5513 E MailboxAdminMessageHandler: Should only be initialized once
07-26 16:09:14.786  4613  8759 E OpenGLRenderer: Unable to match the desired swap behavior.
07-26 16:09:14.937  4613  4613 E stagram.android: No package ID ff found for resource ID 0xfffffffb.
07-26 16:09:14.940  4613  4613 E stagram.android: No package ID ff found for resource ID 0xfffffffb.
07-26 16:09:14.943  4613  4613 E stagram.android: No package ID ff found for resource ID 0xfffffffb.
07-26 16:09:14.947  4613  4613 E stagram.android: No package ID ff found for resource ID 0xfffffffb.
07-26 16:09:14.990  4613  4613 E SlowAppComponent: 0ms: ModalActivity instantiating…
07-26 16:09:14.990  4613  4613 E SlowAppComponent: Main thread was blocked for 278ms in the foreground starting with ModalActivity
07-26 16:09:15.710  4613  4613 E stagram.android: No package ID ff found for resource ID 0xfffffffb.
07-26 16:09:15.713  4613  4613 E stagram.android: No package ID ff found for resource ID 0xfffffffb.
07-26 16:09:15.716  4613  4613 E stagram.android: No package ID ff found for resource ID 0xfffffffb.
07-26 16:09:15.720  4613  4613 E stagram.android: No package ID ff found for resource ID 0xfffffffb.
07-26 16:09:15.935  4613  4980 E stagram.android: No package ID ff found for resource ID 0xffffffff.
07-26 16:09:15.961  4613  4980 E CirclePageIndicator: pageCount 6 width 110 (ATMOST), 220
07-26 16:09:16.008  4613  5045 E IdleQueuePayloadBasedServiceLayer: Request empty, but still some servings left: 242230
07-26 16:09:16.131  4613  9339 E IdleQueuePayloadBasedServiceLayer: Request empty, but still some servings left: -235008
07-26 16:09:16.137  4613  9339 E IdleQueuePayloadBasedServiceLayer: Request empty, but still some servings left: 33738
07-26 16:09:16.148  4613  9339 E IdleQueuePayloadBasedServiceLayer: Request empty, but still some servings left: 40960
07-26 16:09:16.167  4613  9312 E IdleQueuePayloadBasedServiceLayer: Request empty, but still some servings left: -40960
07-26 16:09:16.174  4613  9339 E IdleQueuePayloadBasedServiceLayer: Request empty, but still some servings left: -40960
07-26 16:09:16.593  4613  4613 E fatal   : runForegroundReporters
07-26 16:09:16.912  4613  9336 E IdleQueuePayloadBasedServiceLayer: Request empty, but still some servings left: 81937
07-26 16:09:16.942  4613  9336 E IdleQueuePayloadBasedServiceLayer: Request empty, but still some servings left: -81937
07-26 16:09:16.950  4613  4613 E stagram.android: No package ID ff found for resource ID 0xfffffffb.
07-26 16:09:16.954  4613  4613 E stagram.android: No package ID ff found for resource ID 0xfffffffb.
07-26 16:09:16.957  4613  4613 E stagram.android: No package ID ff found for resource ID 0xfffffffb.
07-26 16:09:16.960  4613  4613 E stagram.android: No package ID ff found for resource ID 0xfffffffb.
07-26 16:09:16.965  4613  4613 E stagram.android: No package ID ff found for resource ID 0xfffffffb.
07-26 16:09:16.968  4613  4613 E stagram.android: No package ID ff found for resource ID 0xfffffffb.
07-26 16:09:16.972  4613  4613 E stagram.android: No package ID ff found for resource ID 0xfffffffb.
07-26 16:09:16.975  4613  4613 E stagram.android: No package ID ff found for resource ID 0xfffffffb.
07-26 16:09:17.166  4613  5045 E IdleQueuePayloadBasedServiceLayer: Request empty, but still some servings left: 66287
07-26 16:09:17.215  4613  9339 E IdleQueuePayloadBasedServiceLayer: Request empty, but still some servings left: -66287
07-26 16:09:17.811  4613  9262 E FbnsAIDLClientManager: Max Try reached for binding to FbnsAIDLService, threadId 41682
07-26 16:09:17.812  4613  9262 E FbnsAIDLClientManager: Fbns AIDL request got RemoteException
07-26 16:09:17.812  4613  9262 E FbnsAIDLClientManager: android.os.RemoteException: AIDLService is not bound
07-26 16:09:17.812  4613  9262 E FbnsAIDLClientManager:         at X.5oL.A00(:21)
07-26 16:09:17.812  4613  9262 E FbnsAIDLClientManager:         at X.BQb.call(:302)
07-26 16:09:17.812  4613  9262 E FbnsAIDLClientManager:         at java.util.concurrent.FutureTask.run(FutureTask.java:317)
07-26 16:09:17.812  4613  9262 E FbnsAIDLClientManager:         at java.util.concurrent.ThreadPoolExecutor.runWorker(ThreadPoolExecutor.java:1156)
07-26 16:09:17.812  4613  9262 E FbnsAIDLClientManager:         at java.util.concurrent.ThreadPoolExecutor$Worker.run(ThreadPoolExecutor.java:651)
07-26 16:09:17.812  4613  9262 E FbnsAIDLClientManager:         at java.lang.Thread.run(Thread.java:1119)
07-26 16:09:18.127 15342 15549 E OpenGLRenderer: Unable to match the desired swap behavior.
07-26 16:09:22.043  4613  8759 E OpenGLRenderer: Unable to match the desired swap behavior.
07-26 16:09:22.587  4613  4613 E VideoPlayerImpl: IgBaseVideoPlayer Warning: AV1_INSTANTIATION AV1_INSTANTIATION AV1 decoding using Dav1d;meta.dav1d.av1.decoder
07-26 16:09:22.608  4613  9379 E ExoDav1dDecoder_JNI: Dav1dDecoder::dav1dInit -- setup signal action
07-26 16:09:22.670  4613  9385 E Perf    : Perf service is now down, set sPerfService as null.
07-26 16:09:22.670  4613  9385 E Perf    : Perf service is unavailable.
07-26 16:09:22.672  4613  9385 E Perf    : Perf service is now down, set sPerfService as null.
07-26 16:09:22.672  4613  9385 E Perf    : Perf service is unavailable.
07-26 16:09:22.674  4613  9385 E Perf    : Perf service is now down, set sPerfService as null.
07-26 16:09:22.674  4613  9385 E Perf    : Perf service is unavailable.
07-26 16:09:22.675  4613  9385 E Perf    : Perf service is now down, set sPerfService as null.
07-26 16:09:22.675  4613  9385 E Perf    : Perf service is unavailable.
07-26 16:09:22.676  4613  9385 E Perf    : Perf service is now down, set sPerfService as null.
07-26 16:09:22.676  4613  9385 E Perf    : Perf service is unavailable.
07-26 16:09:22.677  4613  9385 E Perf    : Perf service is now down, set sPerfService as null.
07-26 16:09:22.677  4613  9385 E Perf    : Perf service is unavailable.
07-26 16:09:25.569  4613  4613 E stagram.android: No package ID ff found for resource ID 0xffffffff.
07-26 16:09:26.195  4613  4613 E stagram.android: No package ID ff found for resource ID 0xffffffff.
07-26 16:09:26.199  4613  4613 E stagram.android: No package ID ff found for resource ID 0xffffffff.
07-26 16:09:26.454  4613  9339 E IdleQueuePayloadBasedServiceLayer: Request empty, but still some servings left: 383824
07-26 16:09:26.547  4613  9339 E IdleQueuePayloadBasedServiceLayer: Request empty, but still some servings left: -383824
07-26 16:09:27.503  4613  4980 E stagram.android: No package ID ff found for resource ID 0xffffffff.
07-26 16:09:28.037  4613  9334 E RectUtils: Preloading [LX.qRe;
07-26 16:09:28.037  4613  9334 E RectUtils: Preloading [LX.qRc;
07-26 16:09:28.045  4613  9334 E cr_HeliumUmaRecorder: Failed while attempting to create the allowlist with JSON:
07-26 16:09:28.045  4613  9334 E cr_HeliumUmaRecorder: End of input at character 0 of
07-26 16:09:28.133  4613  9334 E cr_HeliumUmaRecorder: Attempted to create the native records map, but the current allowlist is empty
07-26 16:09:28.178  4613  9455 E chromium: [ERROR:android_webview/browser/variations/variations_seed_loader.cc:39] Seed missing signature.
07-26 16:09:28.199  4613  9466 E cr_VariationsSeedLoader: Failed to bind to WebView service
07-26 16:09:28.481  9460  9481 E dboxedService:0: Could not write anonymous vdex /data/user/0/com.facebook.services/oat/arm64/Anonymous-DexFile@790719425.vdex: Could not create directory /data/user/0/com.facebook.services
07-26 16:09:28.502  4613  9334 E 7MT     : prediction disabled
07-26 16:09:28.505  4613  9334 E 7MV     : prediction disabled
07-26 16:09:28.810  4613  9334 E AEv     : Got empty server features response from network
07-26 16:09:28.834  4613  9334 E 7NQ     : Reels Caption and Browse prediction is disabled
07-26 16:09:28.834  4613  9334 E 7NS     : personalization disabled
07-26 16:09:29.079  4613  9334 E IgFunctionalErrorEvent: WEARABLES_IPC_ERROR
07-26 16:09:29.079  4613  9334 E IgFunctionalErrorEvent:         ipc_step = LOCATE_VIEW_APP_PACKAGES
07-26 16:09:29.079  4613  9334 E IgFunctionalErrorEvent:         reason = android.content.pm.PackageManager$NameNotFoundException: com.facebook.stella
07-26 16:09:29.154  4613  9347 E IdleQueuePayloadBasedServiceLayer: Request empty, but still some servings left: 114188
07-26 16:09:29.193  4613  9347 E IdleQueuePayloadBasedServiceLayer: Request empty, but still some servings left: -114188
07-26 16:09:29.244  4613  9436 E IdleQueuePayloadBasedServiceLayer: Request empty, but still some servings left: 32768
07-26 16:09:29.248  4613  9339 E IdleQueuePayloadBasedServiceLayer: Request empty, but still some servings left: -4096
07-26 16:09:29.251  4613  9442 E IdleQueuePayloadBasedServiceLayer: Request empty, but still some servings left: -28672
07-26 16:09:30.706  4613  4613 E stagram.android: No package ID ff found for resource ID 0xffffffff.
07-26 16:09:30.709  4613  4613 E stagram.android: No package ID ff found for resource ID 0xffffffff.
07-26 16:09:30.919  4613  8759 E OpenGLRenderer: Unable to match the desired swap behavior.
07-26 16:09:30.957  4613  8759 E OpenGLRenderer: Unable to match the desired swap behavior.
07-26 16:09:31.042 15342 15549 E OpenGLRenderer: Unable to match the desired swap behavior.
07-26 16:09:31.095  4613  9517 E IdleQueuePayloadBasedServiceLayer: Request empty, but still some servings left: 207733
07-26 16:09:31.137  4613  8759 E OpenGLRenderer: Unable to match the desired swap behavior.
07-26 16:09:31.139  4613  8759 E OpenGLRenderer: Unable to match the desired swap behavior.
07-26 16:09:31.143  4613  9387 E IdleQueuePayloadBasedServiceLayer: Request empty, but still some servings left: -70805
07-26 16:09:31.194  4613  9520 E IdleQueuePayloadBasedServiceLayer: Request empty, but still some servings left: -132832
07-26 16:09:31.379  4613  8759 E OpenGLRenderer: Unable to match the desired swap behavior.
07-26 16:09:31.392  4613  8759 E OpenGLRenderer: Unable to match the desired swap behavior.
07-26 16:09:31.933  4613  9525 E IdleQueuePayloadBasedServiceLayer: Request empty, but still some servings left: 122880
07-26 16:09:31.938  4613  9339 E IdleQueuePayloadBasedServiceLayer: Request empty, but still some servings left: 40960
07-26 16:09:31.948  4613  9525 E IdleQueuePayloadBasedServiceLayer: Request empty, but still some servings left: -40960
07-26 16:09:31.967  4613  9306 E IdleQueuePayloadBasedServiceLayer: Request empty, but still some servings left: -40960
07-26 16:09:32.012  4613  9525 E IdleQueuePayloadBasedServiceLayer: Request empty, but still some servings left: -79302
07-26 16:09:32.018  4613  9525 E IdleQueuePayloadBasedServiceLayer: Request empty, but still some servings left: 38342
07-26 16:09:32.125  4613  9306 E IdleQueuePayloadBasedServiceLayer: Request empty, but still some servings left: -40960
07-26 16:09:32.146  4613  9517 E IdleQueuePayloadBasedServiceLayer: Request empty, but still some servings left: 81920
07-26 16:09:32.164  4613  9517 E IdleQueuePayloadBasedServiceLayer: Request empty, but still some servings left: -40960
07-26 16:09:32.225  4613  9525 E IdleQueuePayloadBasedServiceLayer: Request empty, but still some servings left: -40960
07-26 16:09:33.129  4613  4613 E stagram.android: No package ID ff found for resource ID 0xffffffff.
07-26 16:09:33.132  4613  4613 E stagram.android: No package ID ff found for resource ID 0xffffffff.
07-26 16:09:33.640  4613  9339 E IdleQueuePayloadBasedServiceLayer: Request empty, but still some servings left: 81920
07-26 16:09:33.659  4613  9306 E IdleQueuePayloadBasedServiceLayer: Request empty, but still some servings left: -81920
07-26 16:09:35.868  4613  4613 E stagram.android: No package ID ff found for resource ID 0xffffffff.
07-26 16:09:35.871  4613  4613 E stagram.android: No package ID ff found for resource ID 0xffffffff.
07-26 16:09:36.009  4613  9525 E IdleQueuePayloadBasedServiceLayer: Request empty, but still some servings left: 339144
07-26 16:09:36.121  4613  9306 E IdleQueuePayloadBasedServiceLayer: Request empty, but still some servings left: -339144
07-26 16:09:40.959  4613  9306 E IdleQueuePayloadBasedServiceLayer: Request empty, but still some servings left: 359630
07-26 16:09:41.101  4613  9339 E IdleQueuePayloadBasedServiceLayer: Request empty, but still some servings left: -359630
07-26 16:09:45.815  4613  9339 E IdleQueuePayloadBasedServiceLayer: Request empty, but still some servings left: 400025
07-26 16:09:45.927  4613  9525 E IdleQueuePayloadBasedServiceLayer: Request empty, but still some servings left: -400025
07-26 16:09:46.623  4613  4613 E stagram.android: No package ID ff found for resource ID 0xffffffff.
07-26 16:09:46.627  4613  4613 E stagram.android: No package ID ff found for resource ID 0xffffffff.
07-26 16:09:47.136  4613  9339 E IdleQueuePayloadBasedServiceLayer: Request empty, but still some servings left: 81920
07-26 16:09:47.146  4613  9517 E IdleQueuePayloadBasedServiceLayer: Request empty, but still some servings left: -40960
07-26 16:09:47.153  4613  9339 E IdleQueuePayloadBasedServiceLayer: Request empty, but still some servings left: -40960
07-26 16:09:50.364  4613  4613 E stagram.android: No package ID ff found for resource ID 0xffffffff.
07-26 16:09:50.367  4613  4613 E stagram.android: No package ID ff found for resource ID 0xffffffff.
07-26 16:09:50.758  4613  9525 E IdleQueuePayloadBasedServiceLayer: Request empty, but still some servings left: 345904
07-26 16:09:50.875  4613  9525 E IdleQueuePayloadBasedServiceLayer: Request empty, but still some servings left: -345904
07-26 16:09:55.697  4613  9517 E IdleQueuePayloadBasedServiceLayer: Request empty, but still some servings left: 383489
07-26 16:09:56.128  4613  9525 E IdleQueuePayloadBasedServiceLayer: Request empty, but still some servings left: -383489
07-26 16:09:57.468  4613  4613 E stagram.android: No package ID ff found for resource ID 0xffffffff.
07-26 16:09:57.471  4613  4613 E stagram.android: No package ID ff found for resource ID 0xffffffff.
07-26 16:09:57.980  4613  9517 E IdleQueuePayloadBasedServiceLayer: Request empty, but still some servings left: 40960
07-26 16:09:57.988  4613  9306 E IdleQueuePayloadBasedServiceLayer: Request empty, but still some servings left: -40960
07-26 16:10:00.670  4613  9525 E IdleQueuePayloadBasedServiceLayer: Request empty, but still some servings left: 198097
07-26 16:10:00.783  4613  9525 E IdleQueuePayloadBasedServiceLayer: Request empty, but still some servings left: -198097
07-26 16:10:05.574  4613  9517 E IdleQueuePayloadBasedServiceLayer: Request empty, but still some servings left: 255340
07-26 16:10:05.678  4613  9517 E IdleQueuePayloadBasedServiceLayer: Request empty, but still some servings left: -251706
07-26 16:10:10.083  4613  4613 E stagram.android: No package ID ff found for resource ID 0xffffffff.
07-26 16:10:10.086  4613  4613 E stagram.android: No package ID ff found for resource ID 0xffffffff.
07-26 16:10:10.468  4613  9525 E IdleQueuePayloadBasedServiceLayer: Request empty, but still some servings left: 334849
07-26 16:10:10.552  4613  9525 E IdleQueuePayloadBasedServiceLayer: Request empty, but still some servings left: -310273
07-26 16:10:11.326  4613  4613 E stagram.android: No package ID ff found for resource ID 0xffffffff.
07-26 16:10:11.329  4613  4613 E stagram.android: No package ID ff found for resource ID 0xffffffff.
07-26 16:10:13.837  4613  4613 E stagram.android: No package ID ff found for resource ID 0xffffffff.
07-26 16:10:13.840  4613  4613 E stagram.android: No package ID ff found for resource ID 0xffffffff.
07-26 16:10:15.222  4613  9339 E IdleQueuePayloadBasedServiceLayer: Request empty, but still some servings left: 40960
07-26 16:10:15.316  4613  9306 E IdleQueuePayloadBasedServiceLayer: Request empty, but still some servings left: 363122
07-26 16:10:15.331  4613  9525 E IdleQueuePayloadBasedServiceLayer: Request empty, but still some servings left: 37741
07-26 16:10:15.360  4613  9306 E IdleQueuePayloadBasedServiceLayer: Request empty, but still some servings left: -154269
07-26 16:10:15.374  4613  9339 E IdleQueuePayloadBasedServiceLayer: Request empty, but still some servings left: -94309
07-26 16:10:15.376  4613  9517 E IdleQueuePayloadBasedServiceLayer: Request empty, but still some servings left: 40960
07-26 16:10:15.432  4613  9339 E IdleQueuePayloadBasedServiceLayer: Request empty, but still some servings left: -163825
07-26 16:10:15.440  4613  9339 E IdleQueuePayloadBasedServiceLayer: Request empty, but still some servings left: 11540
07-26 16:10:15.448  4613  9525 E IdleQueuePayloadBasedServiceLayer: Request empty, but still some servings left: -40960
07-26 16:10:15.540  4613  9525 E IdleQueuePayloadBasedServiceLayer: Request empty, but still some servings left: -40960
07-26 16:10:17.330  4613  4980 E stagram.android: No package ID ff found for resource ID 0xffffffff.
07-26 16:10:18.656  4613  4613 E stagram.android: No package ID ff found for resource ID 0xffffffff.
07-26 16:10:18.659  4613  4613 E stagram.android: No package ID ff found for resource ID 0xffffffff.
07-26 16:10:18.871  4613  4613 E IgFunctionalErrorEvent: AD_GAP_VILOATION
07-26 16:10:18.871  4613  4613 E IgFunctionalErrorEvent:         CURRENT_GAP = 1
07-26 16:10:18.871  4613  4613 E IgFunctionalErrorEvent:         current_position = 3
07-26 16:10:18.871  4613  4613 E IgFunctionalErrorEvent:         last_sponsored_item_position = 1
