07-26 15:43:26.175  4613  5094 E msys    : E[N WA]_WCCConnectionDefaultDisconnectHandler(2089)=>[INFO] connection/disconnected/[did-connect, did-read-bytes]
07-26 15:43:26.175  4613  4735 E MQTTBypassDGWStreamGroupCallbacks.cpp: onStreamGroupError Error Domain=MNSQUICConnection Code=0 UserInfo=0xb400007684ca7b60 {MCFErrorDirectLocalizedFailureReasonKey=Error on socket write Operation not permitted, }
07-26 15:43:26.189  4613  5094 E msys    : E[N WA]_WCCConnectionDefaultEmitStateChange(2937)=>[INFO] connection/new_state/connecting [connection_id=257349760, wcc_source=1, wcc_reason=18]
07-26 15:43:26.198  4613  5094 E msys    : E[N WA]_WCCConnectionDefaultDoConnectWithAuthKeys(1434)=>[INFO] connection/connect/start/[host=z-p42-chat-e2ee-ig.facebook.com port=5222]/[57.144.208.36:5222]
07-26 15:43:26.199  4613  5094 E msys    : E[N WA]_WCCConnectionDefaultLifecycleEventHandler(1958)=>[INFO] connection/xmpp/lifecycle_event/will-connect
07-26 15:43:27.226  4613  5005 E MvfstCallbacks.cpp: onConnectionSetupError: error=TransportError: Internal Error, Error on socket write Operation not permitted,
07-26 15:43:27.240  4613  5005 E MvfstCallbacks.cpp: onConnectionSetupError: error=TransportError: Internal Error, Error on socket write Operation not permitted,
07-26 15:44:08.772  4613  4735 E MQTTBypassDGWStreamGroupCallbacks.cpp: onStreamGroupError Error Domain=MNSSecureTCP Code=1 UserInfo=0xb400007684b86830 {MCFErrorDirectLocalizedFailureReasonKey=SecureTCP connection establish timeout}
07-26 15:44:08.773  4613  4735 E MQTTBypassDGWStreamGroupConnection.cpp: connect failed. Callbacks terminated before ack received
07-26 15:44:09.810  4613  5005 E MvfstCallbacks.cpp: onConnectionSetupError: error=TransportError: Internal Error, Error on socket write Operation not permitted,
07-26 15:44:09.826  4613  5005 E MvfstCallbacks.cpp: onConnectionSetupError: error=TransportError: Internal Error, Error on socket write Operation not permitted,
07-26 15:44:10.727  4613  5540 E msys    : E[N mccw.liger]onConnectError(579)=>connect/error - address: 2a03:2880:f36a:24:face:b00c:0:6e2e, port: 5222, ex: folly::AsyncSocketException: AsyncSocketException: connect timed out after 9999ms, type = Timed out
07-26 15:44:19.027  4613  5540 E msys    : E[N mccw.liger]onConnectError(579)=>connect/error - address: 2a03:2880:f36a:24:face:b00c:0:6e2e, port: 443, ex: folly::AsyncSocketException: AsyncSocketException: connect timed out after 9999ms, type = Timed out
07-26 15:44:55.600  4613  4735 E MQTTBypassDGWStreamGroupCallbacks.cpp: onStreamGroupError Error Domain=MNSSecureTCP Code=1 UserInfo=0xb400007684b866a0 {MCFErrorDirectLocalizedFailureReasonKey=SecureTCP connection establish timeout}
07-26 15:44:55.601  4613  4735 E MQTTBypassDGWStreamGroupConnection.cpp: connect failed. Callbacks terminated before ack received
07-26 15:45:27.496  4613  4955 E MvfstCallbacks.cpp: onConnectionSetupError: error=TransportError: Internal Error, Error on socket write Operation not permitted,
07-26 15:45:27.505  4613  4955 E MvfstCallbacks.cpp: onConnectionSetupError: error=TransportError: Internal Error, Error on socket write Operation not permitted,
07-26 15:45:27.875  4613  5540 E msys    : E[N mccw.liger]onConnectError(579)=>connect/error - address: 2a03:2880:f36a:24:face:b00c:0:6e2e, port: 80, ex: folly::AsyncSocketException: AsyncSocketException: connect timed out after 9999ms, type = Timed out
07-26 15:45:28.564  4613  5540 E msys    : E[N mccw.liger]onConnectError(579)=>connect/error - address: 57.144.208.36, port: 5222, ex: folly::AsyncSocketException: AsyncSocketException: connect timed out after 9999ms, type = Timed out
07-26 15:46:19.682  4613  5540 E msys    : E[N mccw.liger]onConnectError(579)=>connect/error - address: 57.144.208.36, port: 443, ex: folly::AsyncSocketException: AsyncSocketException: connect timed out after 9999ms, type = Timed out
07-26 15:46:20.375  4613  5540 E msys    : E[N mccw.liger]onConnectError(579)=>connect/error - address: 57.144.208.36, port: 80, ex: folly::AsyncSocketException: AsyncSocketException: connect timed out after 9999ms, type = Timed out
07-26 15:46:20.378  4613  5094 E msys    : E[N WA]_WCCXMPPStreamDisconnectHandler(299)=>xmpp/disconnect - WCIStreamStateErrorCode: 0, domain: WCIStreamState, subdomain: MCCWLigerStream: Error Domain=WCIStreamState Code=0 UserInfo=0xb400007684b86880 {MCFErrorDirectUnderlyingErrorKey=0xb4000074f4bec510 "Error Domain=MCCWLigerStream Code=1 UserInfo=0xb400007684b86a60 {MCFErrorDirectLocalizedFailureReasonKey=folly::AsyncSocketException: AsyncSocketException: connect timed out after 9999ms, type = Timed out}"}
07-26 15:46:20.379  4613  5094 E msys    : E[N WA]_WCCConnectionDefaultLifecycleEventHandler(1966)=>[INFO] connection/xmpp/lifecycle_event/not-connected, [174.1796s]
07-26 15:46:20.380  4613  5094 E msys    : E[N WA]_WCCXMPPStreamDoDisconnect(1050)=>xmpp/disconnect - flags: 131
07-26 15:46:20.380  4613  5094 E msys    : E[N WA]_WCCConnectionDefaultDisconnectHandler(1996)=>connection/disconnected, backoff on socket failed to connect
07-26 15:46:20.380  4613  5094 E msys    : E[N WA]_WCCConnectionDefaultDisconnectHandler(2025)=>connection/disconnected, transport error
07-26 15:46:20.380  4613  5094 E msys    : E[N WA]_WCCConnectionDefaultEmitStateChange(2937)=>[INFO] connection/new_state/not-connected [connection_id=257349759, wcc_source=1, wcc_reason=18]
07-26 15:46:20.383  4613  5094 E msys    : E[C 1]MCCLogErrorWithTraceOrQPL(275)=>8/374/3970/32771
07-26 15:46:20.384  4613  5094 E msys    : E[C 1]MCCLogErrorWithTraceOrQPL(275)=>8/374/3972/18
07-26 15:46:20.385  4613  5094 E msys    : E[C mem.context]_LogConnectFailure(4976)=>Establishing connection failure reason and flags: disconnect/Doze/-1/reason/18/flags/32771/[no_connect, -, -, transport_error, no_bytes_read, -, -, -, -, -, -]
07-26 15:46:20.386  4613  5094 E msys    : E[C mem.context]_LogConnectFailure(5010)=>[Happy Eyeball] Connect failed with source=1, winner stream ip=2a03:2880:f368:24:face:b00c:0:6e2e, port=5222, dnsResolutionMethod=1, combined_ip_addresses=2a03:2880:f36a:24:face:b00c:0:6e2e, 57.144.208.36
07-26 15:46:20.388  4613  5094 E msys    : E[N WA]_WCCConnectionDefaultDisconnectHandler(2089)=>[INFO] connection/disconnected/[no-connect, no-bytes-read]
07-26 15:46:21.633  4613  5094 E msys    : E[N WA]_WCCConnectionDefaultEmitStateChange(2937)=>[INFO] connection/new_state/connecting [connection_id=257349761, wcc_source=1, wcc_reason=18]
07-26 15:46:21.647  4613  5094 E msys    : E[N WA]_WCCConnectionDefaultDoConnectWithAuthKeys(1434)=>[INFO] connection/connect/start/[host=z-p42-chat-e2ee-ig.facebook.com port=443]/[57.144.208.36:443]
07-26 15:46:21.649  4613  5094 E msys    : E[N WA]_WCCConnectionDefaultLifecycleEventHandler(1958)=>[INFO] connection/xmpp/lifecycle_event/will-connect
07-26 15:46:58.951  4613  5540 E msys    : E[N mccw.liger]onConnectError(579)=>connect/error - address: 2a03:2880:f36a:24:face:b00c:0:6e2e, port: 5222, ex: folly::AsyncSocketException: AsyncSocketException: connect timed out after 9999ms, type = Timed out
07-26 15:46:59.524  4613  5540 E msys    : E[N mccw.liger]onConnectError(579)=>connect/error - address: 2a03:2880:f36a:24:face:b00c:0:6e2e, port: 443, ex: folly::AsyncSocketException: AsyncSocketException: connect timed out after 9999ms, type = Timed out
07-26 15:47:02.485  7413 32086 E fmrn    : Unable to stop autobatch scan. [CONTEXT service_id=284 ]
07-26 15:47:02.485  7413 32086 E fmrn    : fmyu: BLE scanner is not available
07-26 15:47:02.485  7413 32086 E fmrn    :      at fmrn.h(:com.google.android.gms@252931029@25.29.31 (190400-786286943):16)
07-26 15:47:02.485  7413 32086 E fmrn    :      at fmrn.c(:com.google.android.gms@252931029@25.29.31 (190400-786286943):1)
07-26 15:47:02.485  7413 32086 E fmrn    :      at bneq.run(:com.google.android.gms@252931029@25.29.31 (190400-786286943):9)
07-26 15:47:02.485  7413 32086 E fmrn    :      at fzvu.run(:com.google.android.gms@252931029@25.29.31 (190400-786286943):21)
07-26 15:47:02.485  7413 32086 E fmrn    :      at java.util.concurrent.Executors$RunnableAdapter.call(Executors.java:524)
07-26 15:47:02.485  7413 32086 E fmrn    :      at gibi.a(:com.google.android.gms@252931029@25.29.31 (190400-786286943):3)
07-26 15:47:02.485  7413 32086 E fmrn    :      at giai.run(:com.google.android.gms@252931029@25.29.31 (190400-786286943):19)
07-26 15:47:02.485  7413 32086 E fmrn    :      at gibj.run(:com.google.android.gms@252931029@25.29.31 (190400-786286943):5)
07-26 15:47:02.485  7413 32086 E fmrn    :      at giay.run(:com.google.android.gms@252931029@25.29.31 (190400-786286943):3)
07-26 15:47:02.485  7413 32086 E fmrn    :      at giaz.run(:com.google.android.gms@252931029@25.29.31 (190400-786286943):64)
07-26 15:47:02.485  7413 32086 E fmrn    :      at azxx.c(:com.google.android.gms@252931029@25.29.31 (190400-786286943):50)
07-26 15:47:02.485  7413 32086 E fmrn    :      at azxx.run(:com.google.android.gms@252931029@25.29.31 (190400-786286943):70)
07-26 15:47:02.485  7413 32086 E fmrn    :      at java.util.concurrent.ThreadPoolExecutor.runWorker(ThreadPoolExecutor.java:1156)
07-26 15:47:02.485  7413 32086 E fmrn    :      at java.util.concurrent.ThreadPoolExecutor$Worker.run(ThreadPoolExecutor.java:651)
07-26 15:47:02.485  7413 32086 E fmrn    :      at badq.run(:com.google.android.gms@252931029@25.29.31 (190400-786286943):8)
07-26 15:47:02.485  7413 32086 E fmrn    :      at java.lang.Thread.run(Thread.java:1119)
07-26 15:47:03.620  7413 32086 E fmrn    : Unable to stop autobatch scan. [CONTEXT service_id=284 ]
07-26 15:47:03.620  7413 32086 E fmrn    : fmyu: BLE scanner is not available
07-26 15:47:03.620  7413 32086 E fmrn    :      at fmrn.h(:com.google.android.gms@252931029@25.29.31 (190400-786286943):16)
07-26 15:47:03.620  7413 32086 E fmrn    :      at fmrn.c(:com.google.android.gms@252931029@25.29.31 (190400-786286943):1)
07-26 15:47:03.620  7413 32086 E fmrn    :      at bneq.run(:com.google.android.gms@252931029@25.29.31 (190400-786286943):9)
07-26 15:47:03.620  7413 32086 E fmrn    :      at fzvu.run(:com.google.android.gms@252931029@25.29.31 (190400-786286943):21)
07-26 15:47:03.620  7413 32086 E fmrn    :      at java.util.concurrent.Executors$RunnableAdapter.call(Executors.java:524)
07-26 15:47:03.620  7413 32086 E fmrn    :      at gibi.a(:com.google.android.gms@252931029@25.29.31 (190400-786286943):3)
07-26 15:47:03.620  7413 32086 E fmrn    :      at giai.run(:com.google.android.gms@252931029@25.29.31 (190400-786286943):19)
07-26 15:47:03.620  7413 32086 E fmrn    :      at gibj.run(:com.google.android.gms@252931029@25.29.31 (190400-786286943):5)
07-26 15:47:03.620  7413 32086 E fmrn    :      at giay.run(:com.google.android.gms@252931029@25.29.31 (190400-786286943):3)
07-26 15:47:03.620  7413 32086 E fmrn    :      at giaz.run(:com.google.android.gms@252931029@25.29.31 (190400-786286943):64)
07-26 15:47:03.620  7413 32086 E fmrn    :      at azxx.c(:com.google.android.gms@252931029@25.29.31 (190400-786286943):50)
07-26 15:47:03.620  7413 32086 E fmrn    :      at azxx.run(:com.google.android.gms@252931029@25.29.31 (190400-786286943):70)
07-26 15:47:03.620  7413 32086 E fmrn    :      at java.util.concurrent.ThreadPoolExecutor.runWorker(ThreadPoolExecutor.java:1156)
07-26 15:47:03.620  7413 32086 E fmrn    :      at java.util.concurrent.ThreadPoolExecutor$Worker.run(ThreadPoolExecutor.java:651)
07-26 15:47:03.620  7413 32086 E fmrn    :      at badq.run(:com.google.android.gms@252931029@25.29.31 (190400-786286943):8)
07-26 15:47:03.620  7413 32086 E fmrn    :      at java.lang.Thread.run(Thread.java:1119)
07-26 15:47:06.198  4613  5094 E msys    : E[N WA]_WCCConnectionDefaultLifecycleEventHandler(1966)=>[INFO] connection/xmpp/lifecycle_event/did-connect, [44.5479s]
07-26 15:47:06.206  4613  5094 E msys    : E[N WA]_WCCConnectionDefaultLifecycleEventHandler(1966)=>[INFO] connection/xmpp/lifecycle_event/did-send-initial-payload, [0.0076s]
07-26 15:47:07.044  4613  5094 E msys    : E[N WA]_WCCConnectionDefaultLifecycleEventHandler(1966)=>[INFO] connection/xmpp/lifecycle_event/will-handshake, [0.8372s]
07-26 15:47:07.051  4613  5094 E msys    : E[N WA]_WCCConnectionDefaultLifecycleEventHandler(1966)=>[INFO] connection/xmpp/lifecycle_event/did-handshake, [0.0061s]
07-26 15:47:07.052  4613  5094 E msys    : E[N WA]_WCCConnectionDefaultReceiveHandler(2118)=>[INFO] connection/receive/login-success
07-26 15:47:07.053  4613  5094 E msys    : E[N WA]_WCCConnectionDefaultEmitStateChange(2937)=>[INFO] connection/new_state/connected [connection_id=257349761, wcc_source=1, wcc_reason=18]
07-26 15:47:14.109  7413  3479 E fmrn    : Unable to stop autobatch scan. [CONTEXT service_id=284 ]
07-26 15:47:14.109  7413  3479 E fmrn    : fmyu: BLE scanner is not available
07-26 15:47:14.109  7413  3479 E fmrn    :      at fmrn.h(:com.google.android.gms@252931029@25.29.31 (190400-786286943):16)
07-26 15:47:14.109  7413  3479 E fmrn    :      at fmrn.c(:com.google.android.gms@252931029@25.29.31 (190400-786286943):1)
07-26 15:47:14.109  7413  3479 E fmrn    :      at bneq.run(:com.google.android.gms@252931029@25.29.31 (190400-786286943):9)
07-26 15:47:14.109  7413  3479 E fmrn    :      at fzvu.run(:com.google.android.gms@252931029@25.29.31 (190400-786286943):21)
07-26 15:47:14.109  7413  3479 E fmrn    :      at java.util.concurrent.Executors$RunnableAdapter.call(Executors.java:524)
07-26 15:47:14.109  7413  3479 E fmrn    :      at gibi.a(:com.google.android.gms@252931029@25.29.31 (190400-786286943):3)
07-26 15:47:14.109  7413  3479 E fmrn    :      at giai.run(:com.google.android.gms@252931029@25.29.31 (190400-786286943):19)
07-26 15:47:14.109  7413  3479 E fmrn    :      at gibj.run(:com.google.android.gms@252931029@25.29.31 (190400-786286943):5)
07-26 15:47:14.109  7413  3479 E fmrn    :      at giay.run(:com.google.android.gms@252931029@25.29.31 (190400-786286943):3)
07-26 15:47:14.109  7413  3479 E fmrn    :      at giaz.run(:com.google.android.gms@252931029@25.29.31 (190400-786286943):64)
07-26 15:47:14.109  7413  3479 E fmrn    :      at azxx.c(:com.google.android.gms@252931029@25.29.31 (190400-786286943):50)
07-26 15:47:14.109  7413  3479 E fmrn    :      at azxx.run(:com.google.android.gms@252931029@25.29.31 (190400-786286943):70)
07-26 15:47:14.109  7413  3479 E fmrn    :      at java.util.concurrent.ThreadPoolExecutor.runWorker(ThreadPoolExecutor.java:1156)
07-26 15:47:14.109  7413  3479 E fmrn    :      at java.util.concurrent.ThreadPoolExecutor$Worker.run(ThreadPoolExecutor.java:651)
07-26 15:47:14.109  7413  3479 E fmrn    :      at badq.run(:com.google.android.gms@252931029@25.29.31 (190400-786286943):8)
07-26 15:47:14.109  7413  3479 E fmrn    :      at java.lang.Thread.run(Thread.java:1119)
07-26 15:48:31.574  4613  4955 E MvfstCallbacks.cpp: onConnectionSetupError: error=TransportError: Internal Error, Error on socket write Operation not permitted,
07-26 15:48:31.590  4613  4955 E MvfstCallbacks.cpp: onConnectionSetupError: error=TransportError: Internal Error, Error on socket write Operation not permitted,
07-26 15:48:56.779  4613  5540 E msys    : E[N 1278]onEOF(809)=>261/1278/3325/-1
07-26 15:48:56.781  4613  5094 E msys    : E[N WA]_WCIHappyEyeballsStreamSend(807)=>MCCHappyEyeballsImpl/send/error, stream not connected
07-26 15:48:56.782  4613  5094 E msys    : E[N WA]_WCCXMPPStreamDisconnectHandler(299)=>xmpp/disconnect - WCIStreamStateErrorCode: 2, domain: WCIStreamState, subdomain: MCCWLigerStream: Error Domain=WCIStreamState Code=2 UserInfo=0xb400007684ca8b50 {MCFErrorDirectUnderlyingErrorKey=0xb4000074f4bebb50 "Error Domain=MCCWLigerStream Code=4 UserInfo=0xb400007684c5d3d0 {MCFErrorDirectLocalizedFailureReasonKey=EOF}"}
07-26 15:48:56.782  4613  5094 E msys    : E[N WA]_WCCConnectionDefaultLifecycleEventHandler(1966)=>[INFO] connection/xmpp/lifecycle_event/not-connected, [109.7307s]
07-26 15:48:56.782  4613  5094 E msys    : E[N WA]_WCCXMPPStreamDoDisconnect(1050)=>xmpp/disconnect - flags: 256
07-26 15:48:56.782  4613  5094 E msys    : E[N WA]_WCCConnectionDefaultDisconnectHandler(2064)=>connection/disconnected, peer reset
07-26 15:48:56.782  4613  5094 E msys    : E[N WA]_WCCConnectionDefaultEmitStateChange(2937)=>[INFO] connection/new_state/not-connected [connection_id=257349761, wcc_source=1, wcc_reason=18]
07-26 15:48:56.783  4613  5094 E msys    : E[C 1]MCCLogErrorWithTraceOrQPL(275)=>8/374/3970/65536
07-26 15:48:56.783  4613  5094 E msys    : E[C 1]MCCLogErrorWithTraceOrQPL(275)=>8/374/3972/18
07-26 15:48:56.783  4613  5094 E msys    : E[C mem.context]_LogConnectFailure(4976)=>Establishing connection failure reason and flags: disconnect/Doze/-1/reason/18/flags/65536/[-, -, -, -, -, -, -, -, -, peer_reset, -]
07-26 15:48:56.783  4613  5094 E msys    : E[C mem.context]_LogConnectFailure(5010)=>[Happy Eyeball] Connect failed with source=1, winner stream ip=2a03:2880:f36a:24:face:b00c:0:6e2e, port=80, dnsResolutionMethod=1, combined_ip_addresses=2a03:2880:f36a:24:face:b00c:0:6e2e, 57.144.208.36
07-26 15:48:56.784  4613  5094 E msys    : E[N WA]_WCCConnectionDefaultDisconnectHandler(2089)=>[INFO] connection/disconnected/[did-connect, did-read-bytes]
07-26 15:48:56.788  4613  5094 E msys    : E[N WA]_WCCConnectionDefaultEmitStateChange(2937)=>[INFO] connection/new_state/connecting [connection_id=257349762, wcc_source=1, wcc_reason=18]
07-26 15:48:56.801  4613  5094 E msys    : E[N WA]_WCCConnectionDefaultDoConnectWithAuthKeys(1434)=>[INFO] connection/connect/start/[host=z-p42-chat-e2ee-ig.facebook.com port=5222]/[57.144.208.36:5222]
07-26 15:48:56.801  4613  5094 E msys    : E[N WA]_WCCConnectionDefaultLifecycleEventHandler(1958)=>[INFO] connection/xmpp/lifecycle_event/will-connect
07-26 15:48:59.684  4613  5005 E MvfstCallbacks.cpp: readError: streamid=3; error=LocalError: Idle timeout, Idle timeout, num non control streams: 3
07-26 15:48:59.685  4613  5005 E MvfstCallbacks.cpp: readError: streamid=7; error=LocalError: Idle timeout, Idle timeout, num non control streams: 3
07-26 15:48:59.686  4613  5005 E MvfstCallbacks.cpp: readError: streamid=11; error=LocalError: Idle timeout, Idle timeout, num non control streams: 3
07-26 15:48:59.686  4613  5005 E MvfstCallbacks.cpp: onConnectionError: error=LocalError: Idle timeout, Idle timeout, num non control streams: 3
07-26 15:49:20.062  4613  5540 E msys    : E[N mccw.liger]onConnectError(579)=>connect/error - address: 2a03:2880:f36a:24:face:b00c:0:6e2e, port: 5222, ex: folly::AsyncSocketException: AsyncSocketException: connect timed out after 9999ms, type = Timed out
07-26 15:49:20.450  4613  5540 E msys    : E[N mccw.liger]onConnectError(579)=>connect/error - address: 2a03:2880:f36a:24:face:b00c:0:6e2e, port: 443, ex: folly::AsyncSocketException: AsyncSocketException: connect timed out after 9999ms, type = Timed out
07-26 15:49:34.056  4613  5540 E msys    : E[N mccw.liger]onConnectError(579)=>connect/error - address: 2a03:2880:f36a:24:face:b00c:0:6e2e, port: 80, ex: folly::AsyncSocketException: AsyncSocketException: connect timed out after 9999ms, type = Timed out
07-26 15:49:34.442  4613  5540 E msys    : E[N mccw.liger]onConnectError(579)=>connect/error - address: 57.144.208.36, port: 5222, ex: folly::AsyncSocketException: AsyncSocketException: connect timed out after 9999ms, type = Timed out
07-26 15:49:52.510  4613  5005 E MvfstCallbacks.cpp: onConnectionSetupError: error=TransportError: Internal Error, Error on socket write Operation not permitted,
07-26 15:49:52.522  4613  5005 E MvfstCallbacks.cpp: onConnectionSetupError: error=TransportError: Internal Error, Error on socket write Operation not permitted,
07-26 15:49:55.663  4613  5540 E msys    : E[N mccw.liger]onConnectError(579)=>connect/error - address: 57.144.208.36, port: 443, ex: folly::AsyncSocketException: AsyncSocketException: connect timed out after 9999ms, type = Timed out
07-26 15:49:56.039  4613  5540 E msys    : E[N mccw.liger]onConnectError(579)=>connect/error - address: 57.144.208.36, port: 80, ex: folly::AsyncSocketException: AsyncSocketException: connect timed out after 9999ms, type = Timed out
07-26 15:49:56.042  4613  5094 E msys    : E[N WA]_WCCXMPPStreamDisconnectHandler(299)=>xmpp/disconnect - WCIStreamStateErrorCode: 0, domain: WCIStreamState, subdomain: MCCWLigerStream: Error Domain=WCIStreamState Code=0 UserInfo=0xb400007684c1c8d0 {MCFErrorDirectUnderlyingErrorKey=0xb4000074f4bfd710 "Error Domain=MCCWLigerStream Code=1 UserInfo=0xb400007684cd8c60 {MCFErrorDirectLocalizedFailureReasonKey=folly::AsyncSocketException: AsyncSocketException: connect timed out after 9999ms, type = Timed out}"}
07-26 15:49:56.042  4613  5094 E msys    : E[N WA]_WCCConnectionDefaultLifecycleEventHandler(1966)=>[INFO] connection/xmpp/lifecycle_event/not-connected, [59.2408s]
07-26 15:49:56.043  4613  5094 E msys    : E[N WA]_WCCXMPPStreamDoDisconnect(1050)=>xmpp/disconnect - flags: 131
07-26 15:49:56.043  4613  5094 E msys    : E[N WA]_WCCConnectionDefaultDisconnectHandler(1996)=>connection/disconnected, backoff on socket failed to connect
07-26 15:49:56.043  4613  5094 E msys    : E[N WA]_WCCConnectionDefaultDisconnectHandler(2025)=>connection/disconnected, transport error
07-26 15:49:56.043  4613  5094 E msys    : E[N WA]_WCCConnectionDefaultEmitStateChange(2937)=>[INFO] connection/new_state/not-connected [connection_id=257349761, wcc_source=1, wcc_reason=18]
07-26 15:49:56.052  4613  5094 E msys    : E[C 1]MCCLogErrorWithTraceOrQPL(275)=>8/374/3970/32771
07-26 15:49:56.052  4613  5094 E msys    : E[C 1]MCCLogErrorWithTraceOrQPL(275)=>8/374/3972/18
07-26 15:49:56.053  4613  5094 E msys    : E[C mem.context]_LogConnectFailure(4976)=>Establishing connection failure reason and flags: disconnect/Doze/-1/reason/18/flags/32771/[no_connect, -, -, transport_error, no_bytes_read, -, -, -, -, -, -]
07-26 15:49:56.053  4613  5094 E msys    : E[C mem.context]_LogConnectFailure(5010)=>[Happy Eyeball] Connect failed with source=1, winner stream ip=2a03:2880:f36a:24:face:b00c:0:6e2e, port=80, dnsResolutionMethod=1, combined_ip_addresses=2a03:2880:f36a:24:face:b00c:0:6e2e, 57.144.208.36
07-26 15:49:56.054  4613  5094 E msys    : E[N WA]_WCCConnectionDefaultDisconnectHandler(2089)=>[INFO] connection/disconnected/[no-connect, no-bytes-read]
07-26 15:49:57.096  4613  5094 E msys    : E[N WA]_WCCConnectionDefaultEmitStateChange(2937)=>[INFO] connection/new_state/connecting [connection_id=257349763, wcc_source=1, wcc_reason=18]
07-26 15:49:57.114  4613  5094 E msys    : E[N WA]_WCCConnectionDefaultDoConnectWithAuthKeys(1434)=>[INFO] connection/connect/start/[host=z-p42-chat-e2ee-ig.facebook.com port=443]/[57.144.208.36:443]
07-26 15:49:57.115  4613  5094 E msys    : E[N WA]_WCCConnectionDefaultLifecycleEventHandler(1958)=>[INFO] connection/xmpp/lifecycle_event/will-connect
07-26 15:49:58.540  4613  5005 E MvfstCallbacks.cpp: onConnectionSetupError: error=TransportError: Internal Error, Error on socket write Operation not permitted,
07-26 15:49:58.553  4613  5005 E MvfstCallbacks.cpp: onConnectionSetupError: error=TransportError: Internal Error, Error on socket write Operation not permitted,
07-26 15:50:07.274  4613  5005 E MvfstCallbacks.cpp: onConnectionSetupError: error=TransportError: Internal Error, Error on socket write Operation not permitted,
07-26 15:50:07.284  4613  5005 E MvfstCallbacks.cpp: onConnectionSetupError: error=TransportError: Internal Error, Error on socket write Operation not permitted,
07-26 15:50:15.204  4613  5540 E msys    : E[N mccw.liger]onConnectError(579)=>connect/error - address: 2a03:2880:f36a:24:face:b00c:0:6e2e, port: 5222, ex: folly::AsyncSocketException: AsyncSocketException: connect timed out after 9999ms, type = Timed out
07-26 15:50:15.238  4613  5540 E msys    : E[N mccw.liger]onConnectError(579)=>connect/error - address: 2a03:2880:f36a:24:face:b00c:0:6e2e, port: 443, ex: folly::AsyncSocketException: AsyncSocketException: connect timed out after 9999ms, type = Timed out
07-26 15:50:17.154  4613  5005 E MvfstCallbacks.cpp: onConnectionSetupError: error=TransportError: Internal Error, Error on socket write Operation not permitted,
07-26 15:50:17.168  4613  5005 E MvfstCallbacks.cpp: onConnectionSetupError: error=TransportError: Internal Error, Error on socket write Operation not permitted,
07-26 15:50:55.911  4613  5005 E MvfstCallbacks.cpp: onConnectionSetupError: error=TransportError: Internal Error, Error on socket write Operation not permitted,
07-26 15:50:55.918  4613  5005 E MvfstCallbacks.cpp: onConnectionSetupError: error=TransportError: Internal Error, Error on socket write Operation not permitted,
07-26 15:50:57.520  4613  5540 E msys    : E[N mccw.liger]onConnectError(579)=>connect/error - address: 2a03:2880:f36a:24:face:b00c:0:6e2e, port: 80, ex: folly::AsyncSocketException: AsyncSocketException: connect timed out after 9999ms, type = Timed out
07-26 15:50:57.773  4613  5540 E msys    : E[N mccw.liger]onConnectError(579)=>connect/error - address: 57.144.208.36, port: 5222, ex: folly::AsyncSocketException: AsyncSocketException: connect timed out after 9999ms, type = Timed out
07-26 15:51:12.399  4613  5005 E MvfstCallbacks.cpp: onConnectionSetupError: error=TransportError: Internal Error, Error on socket write Operation not permitted,
07-26 15:51:12.407  4613  5005 E MvfstCallbacks.cpp: onConnectionSetupError: error=TransportError: Internal Error, Error on socket write Operation not permitted,
07-26 15:51:36.130  4613  5540 E msys    : E[N mccw.liger]onConnectError(579)=>connect/error - address: 57.144.208.36, port: 443, ex: folly::AsyncSocketException: AsyncSocketException: connect timed out after 9999ms, type = Timed out
07-26 15:51:36.404  4613  5540 E msys    : E[N mccw.liger]onConnectError(579)=>connect/error - address: 57.144.208.36, port: 80, ex: folly::AsyncSocketException: AsyncSocketException: connect timed out after 9999ms, type = Timed out
07-26 15:51:36.407  4613  5094 E msys    : E[N WA]_WCCXMPPStreamDisconnectHandler(299)=>xmpp/disconnect - WCIStreamStateErrorCode: 0, domain: WCIStreamState, subdomain: MCCWLigerStream: Error Domain=WCIStreamState Code=0 UserInfo=0xb400007684b87be0 {MCFErrorDirectUnderlyingErrorKey=0xb4000074f4be60d0 "Error Domain=MCCWLigerStream Code=1 UserInfo=0xb400007684c03330 {MCFErrorDirectLocalizedFailureReasonKey=folly::AsyncSocketException: AsyncSocketException: connect timed out after 9999ms, type = Timed out}"}
07-26 15:51:36.408  4613  5094 E msys    : E[N WA]_WCCConnectionDefaultLifecycleEventHandler(1966)=>[INFO] connection/xmpp/lifecycle_event/not-connected, [99.2927s]
07-26 15:51:36.409  4613  5094 E msys    : E[N WA]_WCCXMPPStreamDoDisconnect(1050)=>xmpp/disconnect - flags: 131
07-26 15:51:36.409  4613  5094 E msys    : E[N WA]_WCCConnectionDefaultDisconnectHandler(1996)=>connection/disconnected, backoff on socket failed to connect
07-26 15:51:36.409  4613  5094 E msys    : E[N WA]_WCCConnectionDefaultDisconnectHandler(2025)=>connection/disconnected, transport error
07-26 15:51:36.410  4613  5094 E msys    : E[N WA]_WCCConnectionDefaultEmitStateChange(2937)=>[INFO] connection/new_state/not-connected [connection_id=257349761, wcc_source=1, wcc_reason=18]
07-26 15:51:36.412  4613  5094 E msys    : E[C 1]MCCLogErrorWithTraceOrQPL(275)=>8/374/3970/32771
07-26 15:51:36.413  4613  5094 E msys    : E[C 1]MCCLogErrorWithTraceOrQPL(275)=>8/374/3972/18
07-26 15:51:36.414  4613  5094 E msys    : E[C mem.context]_LogConnectFailure(4976)=>Establishing connection failure reason and flags: disconnect/Doze/-1/reason/18/flags/32771/[no_connect, -, -, transport_error, no_bytes_read, -, -, -, -, -, -]
07-26 15:51:36.415  4613  5094 E msys    : E[C mem.context]_LogConnectFailure(5010)=>[Happy Eyeball] Connect failed with source=1, winner stream ip=2a03:2880:f36a:24:face:b00c:0:6e2e, port=80, dnsResolutionMethod=1, combined_ip_addresses=2a03:2880:f36a:24:face:b00c:0:6e2e, 57.144.208.36
07-26 15:51:36.417  4613  5094 E msys    : E[N WA]_WCCConnectionDefaultDisconnectHandler(2089)=>[INFO] connection/disconnected/[no-connect, no-bytes-read]
07-26 15:51:37.619  4613  5005 E MvfstCallbacks.cpp: onConnectionSetupError: error=TransportError: Internal Error, Error on socket write Operation not permitted,
07-26 15:51:37.633  4613  5005 E MvfstCallbacks.cpp: onConnectionSetupError: error=TransportError: Internal Error, Error on socket write Operation not permitted,
07-26 15:51:40.905  4613  5094 E msys    : E[N WA]_WCCConnectionDefaultEmitStateChange(2937)=>[INFO] connection/new_state/connecting [connection_id=257349764, wcc_source=1, wcc_reason=18]
07-26 15:51:40.921  4613  5094 E msys    : E[N WA]_WCCConnectionDefaultDoConnectWithAuthKeys(1434)=>[INFO] connection/connect/start/[host=z-p42-chat-e2ee-ig.facebook.com port=5222]/[157.240.16.175:5222]
07-26 15:51:40.922  4613  5094 E msys    : E[N WA]_WCCConnectionDefaultLifecycleEventHandler(1958)=>[INFO] connection/xmpp/lifecycle_event/will-connect
07-26 15:51:58.698  4613  5005 E MvfstCallbacks.cpp: onConnectionSetupError: error=TransportError: Internal Error, Error on socket write Operation not permitted,
07-26 15:51:58.708  4613  5005 E MvfstCallbacks.cpp: onConnectionSetupError: error=TransportError: Internal Error, Error on socket write Operation not permitted,
07-26 15:52:03.088  4613  5540 E msys    : E[N mccw.liger]onConnectError(579)=>connect/error - address: 157.240.16.175, port: 5222, ex: folly::AsyncSocketException: AsyncSocketException: connect timed out after 9999ms, type = Timed out
07-26 15:52:03.340  4613  5540 E msys    : E[N mccw.liger]onConnectError(579)=>connect/error - address: 157.240.16.175, port: 443, ex: folly::AsyncSocketException: AsyncSocketException: connect timed out after 9999ms, type = Timed out
07-26 15:52:19.272  4613  5005 E MvfstCallbacks.cpp: onConnectionSetupError: error=TransportError: Internal Error, Error on socket write Operation not permitted,
07-26 15:52:19.281  4613  5005 E MvfstCallbacks.cpp: onConnectionSetupError: error=TransportError: Internal Error, Error on socket write Operation not permitted,
07-26 15:53:14.734  4613  5005 E MvfstCallbacks.cpp: onConnectionSetupError: error=TransportError: Internal Error, Error on socket write Operation not permitted,
07-26 15:53:14.745  4613  5005 E MvfstCallbacks.cpp: onConnectionSetupError: error=TransportError: Internal Error, Error on socket write Operation not permitted,
07-26 15:53:16.209  4613  5540 E msys    : E[N mccw.liger]onConnectError(579)=>connect/error - address: 157.240.16.175, port: 80, ex: folly::AsyncSocketException: AsyncSocketException: connect timed out after 9999ms, type = Timed out
07-26 15:53:16.212  4613  5094 E msys    : E[N WA]_WCCXMPPStreamDisconnectHandler(299)=>xmpp/disconnect - WCIStreamStateErrorCode: 0, domain: WCIStreamState, subdomain: MCCWLigerStream: Error Domain=WCIStreamState Code=0 UserInfo=0xb400007684bee340 {MCFErrorDirectUnderlyingErrorKey=0xb4000074f4bfd150 "Error Domain=MCCWLigerStream Code=1 UserInfo=0xb400007684b5faf0 {MCFErrorDirectLocalizedFailureReasonKey=folly::AsyncSocketException: AsyncSocketException: connect timed out after 9999ms, type = Timed out}"}
07-26 15:53:16.213  4613  5094 E msys    : E[N WA]_WCCConnectionDefaultLifecycleEventHandler(1966)=>[INFO] connection/xmpp/lifecycle_event/not-connected, [95.2905s]
07-26 15:53:16.214  4613  5094 E msys    : E[N WA]_WCCXMPPStreamDoDisconnect(1050)=>xmpp/disconnect - flags: 131
07-26 15:53:16.214  4613  5094 E msys    : E[N WA]_WCCConnectionDefaultDisconnectHandler(1996)=>connection/disconnected, backoff on socket failed to connect
07-26 15:53:16.214  4613  5094 E msys    : E[N WA]_WCCConnectionDefaultDisconnectHandler(2025)=>connection/disconnected, transport error
07-26 15:53:16.215  4613  5094 E msys    : E[N WA]_WCCConnectionDefaultEmitStateChange(2937)=>[INFO] connection/new_state/not-connected [connection_id=257349761, wcc_source=1, wcc_reason=18]
07-26 15:53:16.217  4613  5094 E msys    : E[C 1]MCCLogErrorWithTraceOrQPL(275)=>8/374/3970/32771
07-26 15:53:16.218  4613  5094 E msys    : E[C 1]MCCLogErrorWithTraceOrQPL(275)=>8/374/3972/18
07-26 15:53:16.218  4613  5094 E msys    : E[C mem.context]_LogConnectFailure(4976)=>Establishing connection failure reason and flags: disconnect/Doze/-1/reason/18/flags/32771/[no_connect, -, -, transport_error, no_bytes_read, -, -, -, -, -, -]
07-26 15:53:16.219  4613  5094 E msys    : E[C mem.context]_LogConnectFailure(5010)=>[Happy Eyeball] Connect failed with source=1, winner stream ip=2a03:2880:f36a:24:face:b00c:0:6e2e, port=80, dnsResolutionMethod=1, combined_ip_addresses=157.240.16.175
07-26 15:53:16.221  4613  5094 E msys    : E[N WA]_WCCConnectionDefaultDisconnectHandler(2089)=>[INFO] connection/disconnected/[no-connect, no-bytes-read]
07-26 15:53:39.416  4613  5094 E msys    : E[N WA]_WCCConnectionDefaultEmitStateChange(2937)=>[INFO] connection/new_state/connecting [connection_id=257349765, wcc_source=1, wcc_reason=18]
07-26 15:53:39.437  4613  5094 E msys    : E[N WA]_WCCConnectionDefaultDoConnectWithAuthKeys(1434)=>[INFO] connection/connect/start/[host=z-p42-chat-e2ee-ig.facebook.com port=443]/[157.240.16.175:443]
07-26 15:53:39.438  4613  5094 E msys    : E[N WA]_WCCConnectionDefaultLifecycleEventHandler(1958)=>[INFO] connection/xmpp/lifecycle_event/will-connect
07-26 15:54:22.661  4613  4955 E MvfstCallbacks.cpp: onConnectionSetupError: error=TransportError: Internal Error, Error on socket write Operation not permitted,
07-26 15:54:22.669  4613  4955 E MvfstCallbacks.cpp: onConnectionSetupError: error=TransportError: Internal Error, Error on socket write Operation not permitted,
07-26 15:54:38.457 24913 24948 E jzr     : [Gmail] NotificationBroadcastReceiver: Failed to update light idle mode timestamp
07-26 15:54:38.457 24913 24948 E jzr     : java.io.IOException: Inoperable file: canonical[/data/data/com.google.android.gm/files/email_notification_timestamp/shared/EmailNotificationTimestamp.pb] freeSpace[34122514432] protoName[EmailNotificationTimestamp] mode[33152]
07-26 15:54:38.457 24913 24948 E jzr     :      at akhr.ck(PG:97)
07-26 15:54:38.457 24913 24948 E jzr     :      at akhr.cl(PG:36)
07-26 15:54:38.457 24913 24948 E jzr     :      at akhr.aq(PG:39)
07-26 15:54:38.457 24913 24948 E jzr     :      at akxc.b(PG:95)
07-26 15:54:38.457 24913 24948 E jzr     :      at akwy.a(PG:1206)
07-26 15:54:38.457 24913 24948 E jzr     :      at bevl.a(PG:53)
07-26 15:54:38.457 24913 24948 E jzr     :      at bevl.a(PG:29)
07-26 15:54:38.457 24913 24948 E jzr     :      at biza.a(PG:3)
07-26 15:54:38.457 24913 24948 E jzr     :      at biyg.run(PG:19)
07-26 15:54:38.457 24913 24948 E jzr     :      at bizc.run(PG:5)
07-26 15:54:38.457 24913 24948 E jzr     :      at bixl.run(PG:17)
07-26 15:54:38.457 24913 24948 E jzr     :      at biys.run(PG:3)
07-26 15:54:38.457 24913 24948 E jzr     :      at biyt.run(PG:200)
07-26 15:54:38.457 24913 24948 E jzr     :      at adsc.run(PG:7)
07-26 15:54:38.457 24913 24948 E jzr     :      at java.util.concurrent.ThreadPoolExecutor.runWorker(ThreadPoolExecutor.java:1156)
07-26 15:54:38.457 24913 24948 E jzr     :      at java.util.concurrent.ThreadPoolExecutor$Worker.run(ThreadPoolExecutor.java:651)
07-26 15:54:38.457 24913 24948 E jzr     :      at androidx.compose.ui.platform.AndroidComposeView$$ExternalSyntheticLambda4.run(PG:200)
07-26 15:54:38.457 24913 24948 E jzr     :      at java.lang.Thread.run(Thread.java:1119)
07-26 15:54:38.457 24913 24948 E jzr     :      at adsu.run(PG:61)
07-26 15:54:38.457 24913 24948 E jzr     : Caused by: bmjv: While parsing a protocol message, the input ended unexpectedly in the middle of a field.  This could mean either that the input has been truncated or that an embedded message misreported its own length.
07-26 15:54:38.457 24913 24948 E jzr     :      at bmia.U(PG:29)
07-26 15:54:38.457 24913 24948 E jzr     :      at bmia.a(PG:8)
07-26 15:54:38.457 24913 24948 E jzr     :      at bmia.s(PG:8)
07-26 15:54:38.457 24913 24948 E jzr     :      at bmia.j(PG:120)
07-26 15:54:38.457 24913 24948 E jzr     :      at bmia.x(PG:1)
07-26 15:54:38.457 24913 24948 E jzr     :      at bmid.u(PG:7)
07-26 15:54:38.457 24913 24948 E jzr     :      at bmkr.T(PG:27)
07-26 15:54:38.457 24913 24948 E jzr     :      at bmkr.l(PG:1894)
07-26 15:54:38.457 24913 24948 E jzr     :      at bmid.R(PG:20)
07-26 15:54:38.457 24913 24948 E jzr     :      at bmid.x(PG:5)
07-26 15:54:38.457 24913 24948 E jzr     :      at bmkr.l(PG:1884)
07-26 15:54:38.457 24913 24948 E jzr     :      at bmid.R(PG:20)
07-26 15:54:38.457 24913 24948 E jzr     :      at bmid.s(PG:5)
07-26 15:54:38.457 24913 24948 E jzr     :      at bmkr.l(PG:1514)
07-26 15:54:38.457 24913 24948 E jzr     :      at bmid.R(PG:20)
07-26 15:54:38.457 24913 24948 E jzr     :      at bmid.s(PG:5)
07-26 15:54:38.457 24913 24948 E jzr     :      at bmid.t(PG:11)
07-26 15:54:38.457 24913 24948 E jzr     :      at bmid.q(PG:77)
07-26 15:54:38.457 24913 24948 E jzr     :      at bmkr.l(PG:998)
07-26 15:54:38.457 24913 24948 E jzr     :      at bmiw.k(PG:19)
07-26 15:54:38.457 24913 24948 E jzr     :      at bmhh.a(PG:5)
07-26 15:54:38.457 24913 24948 E jzr     :      at bmhh.h(PG:1)
07-26 15:54:38.457 24913 24948 E jzr     :      at akxl.a(PG:9)
07-26 15:54:38.457 24913 24948 E jzr     :      at akxc.b(PG:39)
07-26 15:54:38.457 24913 24948 E jzr     :      ... 15 more
07-26 15:54:38.612  7413 32084 E fmrn    : Failed to start scan 3 times. [CONTEXT service_id=284 ]
07-26 15:54:40.064  4613  5540 E msys    : E[N mccw.liger]onConnectError(579)=>connect/error - address: 157.240.16.175, port: 5222, ex: folly::AsyncSocketException: AsyncSocketException: connect timed out after 9999ms, type = Timed out
07-26 15:54:40.220  4613  5094 E msys    : E[N WA]_WCCConnectionDefaultLifecycleEventHandler(1966)=>[INFO] connection/xmpp/lifecycle_event/did-connect, [60.7820s]
07-26 15:54:40.232  4613  5094 E msys    : E[N WA]_WCCConnectionDefaultLifecycleEventHandler(1966)=>[INFO] connection/xmpp/lifecycle_event/did-send-initial-payload, [0.0108s]
07-26 15:54:41.554  4613  5094 E msys    : E[N WA]_WCCConnectionDefaultLifecycleEventHandler(1966)=>[INFO] connection/xmpp/lifecycle_event/will-handshake, [1.3216s]
07-26 15:54:41.560  4613  5094 E msys    : E[N WA]_WCCConnectionDefaultLifecycleEventHandler(1966)=>[INFO] connection/xmpp/lifecycle_event/did-handshake, [0.0059s]
07-26 15:54:41.564  4613  5094 E msys    : E[N WA]_WCCConnectionDefaultReceiveHandler(2118)=>[INFO] connection/receive/login-success
07-26 15:54:41.564  4613  5094 E msys    : E[N WA]_WCCConnectionDefaultEmitStateChange(2937)=>[INFO] connection/new_state/connected [connection_id=257349765, wcc_source=1, wcc_reason=18]
07-26 15:54:43.353 25300 25362 E chromium: [0726/155443.353123:ERROR:ssl_client_socket_impl.cc(883)] handshake failed; returned -1, SSL error code 1, net_error -101
07-26 15:54:55.791  4613  5540 E msys    : E[N mccw.liger]onReadError(732)=>read/error - ex: AsyncSocketException: recv() failed (peer=157.240.16.175:80), type = Internal error, errno = 103 (Software caused connection abort), errno: 103
07-26 15:54:55.792  4613  5094 E msys    : E[N WA]_WCCXMPPStreamDisconnectHandler(299)=>xmpp/disconnect - WCIStreamStateErrorCode: 2, domain: WCIStreamState, subdomain: MCCWLigerStream: Error Domain=WCIStreamState Code=2 UserInfo=0xb400007684beec00 {MCFErrorDirectUnderlyingErrorKey=0xb4000074f4beb750 "Error Domain=MCCWLigerStream Code=2 UserInfo=0xb400007684cd73b0 {MCFErrorDirectLocalizedFailureReasonKey=AsyncSocketException: recv() failed (peer=157.240.16.175:80), type = Internal error, errno = 103 (Software caused connection abort)}"}
07-26 15:54:55.792  4613  5094 E msys    : E[N WA]_WCCConnectionDefaultLifecycleEventHandler(1966)=>[INFO] connection/xmpp/lifecycle_event/not-connected, [14.2323s]
07-26 15:54:55.792  4613  5094 E msys    : E[N WA]_WCCXMPPStreamDoDisconnect(1050)=>xmpp/disconnect - flags: 256
07-26 15:54:55.792  4613  5094 E msys    : E[N WA]_WCCConnectionDefaultDisconnectHandler(2064)=>connection/disconnected, peer reset
07-26 15:54:55.793  4613  5094 E msys    : E[N WA]_WCCConnectionDefaultEmitStateChange(2937)=>[INFO] connection/new_state/not-connected [connection_id=257349765, wcc_source=1, wcc_reason=18]
07-26 15:54:55.794  4613  5094 E msys    : E[C 1]MCCLogErrorWithTraceOrQPL(275)=>8/374/3970/65536
07-26 15:54:55.794  4613  5094 E msys    : E[C 1]MCCLogErrorWithTraceOrQPL(275)=>8/374/3972/18
07-26 15:54:55.794  4613  5094 E msys    : E[C mem.context]_LogConnectFailure(4976)=>Establishing connection failure reason and flags: disconnect/Doze/-1/reason/18/flags/65536/[-, -, -, -, -, -, -, -, -, peer_reset, -]
07-26 15:54:55.795  4613  5094 E msys    : E[C mem.context]_LogConnectFailure(5010)=>[Happy Eyeball] Connect failed with source=1, winner stream ip=157.240.16.175, port=80, dnsResolutionMethod=1, combined_ip_addresses=157.240.16.175
07-26 15:54:55.796  4613  5094 E msys    : E[N WA]_WCCConnectionDefaultDisconnectHandler(2089)=>[INFO] connection/disconnected/[did-connect, did-read-bytes]
07-26 15:54:55.797  4613  5094 E msys    : E[N WA]_WCCConnectionDefaultEmitStateChange(2937)=>[INFO] connection/new_state/connecting [connection_id=257349766, wcc_source=1, wcc_reason=18]
07-26 15:54:55.804  4613  5094 E msys    : E[N WA]_WCCConnectionDefaultDoConnectWithAuthKeys(1434)=>[INFO] connection/connect/start/[host=z-p42-chat-e2ee-ig.facebook.com port=5222]/[57.144.208.36:5222]
07-26 15:54:55.805  4613  5094 E msys    : E[N WA]_WCCConnectionDefaultLifecycleEventHandler(1958)=>[INFO] connection/xmpp/lifecycle_event/will-connect
07-26 15:55:02.018  4613  5005 E MvfstCallbacks.cpp: onConnectionSetupError: error=TransportError: Internal Error, Error on socket write Operation not permitted,
07-26 15:55:02.026  4613  5005 E MvfstCallbacks.cpp: onConnectionSetupError: error=TransportError: Internal Error, Error on socket write Operation not permitted,
07-26 15:55:11.219  4613  5540 E msys    : E[N mccw.liger]onConnectError(579)=>connect/error - address: 2a03:2880:f36a:24:face:b00c:0:6e2e, port: 5222, ex: folly::AsyncSocketException: AsyncSocketException: connect timed out after 9999ms, type = Timed out
07-26 15:55:11.473  4613  5540 E msys    : E[N mccw.liger]onConnectError(579)=>connect/error - address: 2a03:2880:f36a:24:face:b00c:0:6e2e, port: 443, ex: folly::AsyncSocketException: AsyncSocketException: connect timed out after 9999ms, type = Timed out
07-26 15:55:25.693  7413 32086 E fmrn    : Unable to stop autobatch scan. [CONTEXT service_id=284 ]
07-26 15:55:25.693  7413 32086 E fmrn    : fmyu: BLE scanner is not available
07-26 15:55:25.693  7413 32086 E fmrn    :      at fmrn.h(:com.google.android.gms@252931029@25.29.31 (190400-786286943):16)
07-26 15:55:25.693  7413 32086 E fmrn    :      at fmrn.c(:com.google.android.gms@252931029@25.29.31 (190400-786286943):1)
07-26 15:55:25.693  7413 32086 E fmrn    :      at bneq.run(:com.google.android.gms@252931029@25.29.31 (190400-786286943):9)
07-26 15:55:25.693  7413 32086 E fmrn    :      at fzvu.run(:com.google.android.gms@252931029@25.29.31 (190400-786286943):21)
07-26 15:55:25.693  7413 32086 E fmrn    :      at java.util.concurrent.Executors$RunnableAdapter.call(Executors.java:524)
07-26 15:55:25.693  7413 32086 E fmrn    :      at gibi.a(:com.google.android.gms@252931029@25.29.31 (190400-786286943):3)
07-26 15:55:25.693  7413 32086 E fmrn    :      at giai.run(:com.google.android.gms@252931029@25.29.31 (190400-786286943):19)
07-26 15:55:25.693  7413 32086 E fmrn    :      at gibj.run(:com.google.android.gms@252931029@25.29.31 (190400-786286943):5)
07-26 15:55:25.693  7413 32086 E fmrn    :      at giay.run(:com.google.android.gms@252931029@25.29.31 (190400-786286943):3)
07-26 15:55:25.693  7413 32086 E fmrn    :      at giaz.run(:com.google.android.gms@252931029@25.29.31 (190400-786286943):64)
07-26 15:55:25.693  7413 32086 E fmrn    :      at azxx.c(:com.google.android.gms@252931029@25.29.31 (190400-786286943):50)
07-26 15:55:25.693  7413 32086 E fmrn    :      at azxx.run(:com.google.android.gms@252931029@25.29.31 (190400-786286943):70)
07-26 15:55:25.693  7413 32086 E fmrn    :      at java.util.concurrent.ThreadPoolExecutor.runWorker(ThreadPoolExecutor.java:1156)
07-26 15:55:25.693  7413 32086 E fmrn    :      at java.util.concurrent.ThreadPoolExecutor$Worker.run(ThreadPoolExecutor.java:651)
07-26 15:55:25.693  7413 32086 E fmrn    :      at badq.run(:com.google.android.gms@252931029@25.29.31 (190400-786286943):8)
07-26 15:55:25.693  7413 32086 E fmrn    :      at java.lang.Thread.run(Thread.java:1119)
07-26 15:55:28.133  4613  5540 E msys    : E[N mccw.liger]onConnectError(579)=>connect/error - address: 2a03:2880:f36a:24:face:b00c:0:6e2e, port: 80, ex: folly::AsyncSocketException: AsyncSocketException: connect timed out after 9999ms, type = Timed out
07-26 15:55:28.392  4613  5540 E msys    : E[N mccw.liger]onConnectError(579)=>connect/error - address: 57.144.208.36, port: 5222, ex: folly::AsyncSocketException: AsyncSocketException: connect timed out after 9999ms, type = Timed out
07-26 15:55:41.865  4613  5540 E msys    : E[N mccw.liger]onConnectError(579)=>connect/error - address: 57.144.208.36, port: 443, ex: folly::AsyncSocketException: AsyncSocketException: connect timed out after 9999ms, type = Timed out
07-26 15:55:42.118  4613  5540 E msys    : E[N mccw.liger]onConnectError(579)=>connect/error - address: 57.144.208.36, port: 80, ex: folly::AsyncSocketException: AsyncSocketException: connect timed out after 9999ms, type = Timed out
07-26 15:55:42.120  4613  5094 E msys    : E[N WA]_WCCXMPPStreamDisconnectHandler(299)=>xmpp/disconnect - WCIStreamStateErrorCode: 0, domain: WCIStreamState, subdomain: MCCWLigerStream: Error Domain=WCIStreamState Code=0 UserInfo=0xb400007684cdb0f0 {MCFErrorDirectUnderlyingErrorKey=0xb4000074f4be7f10 "Error Domain=MCCWLigerStream Code=1 UserInfo=0xb400007684b86240 {MCFErrorDirectLocalizedFailureReasonKey=folly::AsyncSocketException: AsyncSocketException: connect timed out after 9999ms, type = Timed out}"}
07-26 15:55:42.121  4613  5094 E msys    : E[N WA]_WCCConnectionDefaultLifecycleEventHandler(1966)=>[INFO] connection/xmpp/lifecycle_event/not-connected, [46.3158s]
07-26 15:55:42.121  4613  5094 E msys    : E[N WA]_WCCXMPPStreamDoDisconnect(1050)=>xmpp/disconnect - flags: 131
07-26 15:55:42.121  4613  5094 E msys    : E[N WA]_WCCConnectionDefaultDisconnectHandler(1996)=>connection/disconnected, backoff on socket failed to connect
07-26 15:55:42.121  4613  5094 E msys    : E[N WA]_WCCConnectionDefaultDisconnectHandler(2025)=>connection/disconnected, transport error
07-26 15:55:42.122  4613  5094 E msys    : E[N WA]_WCCConnectionDefaultEmitStateChange(2937)=>[INFO] connection/new_state/not-connected [connection_id=257349765, wcc_source=1, wcc_reason=18]
07-26 15:55:42.124  4613  5094 E msys    : E[C 1]MCCLogErrorWithTraceOrQPL(275)=>8/374/3970/32771
07-26 15:55:42.125  4613  5094 E msys    : E[C 1]MCCLogErrorWithTraceOrQPL(275)=>8/374/3972/18
07-26 15:55:42.126  4613  5094 E msys    : E[C mem.context]_LogConnectFailure(4976)=>Establishing connection failure reason and flags: disconnect/Doze/-1/reason/18/flags/32771/[no_connect, -, -, transport_error, no_bytes_read, -, -, -, -, -, -]
07-26 15:55:42.126  4613  5094 E msys    : E[C mem.context]_LogConnectFailure(5010)=>[Happy Eyeball] Connect failed with source=1, winner stream ip=157.240.16.175, port=80, dnsResolutionMethod=1, combined_ip_addresses=2a03:2880:f36a:24:face:b00c:0:6e2e, 57.144.208.36
07-26 15:55:42.128  4613  5094 E msys    : E[N WA]_WCCConnectionDefaultDisconnectHandler(2089)=>[INFO] connection/disconnected/[no-connect, no-bytes-read]
07-26 15:55:43.240  4613  5094 E msys    : E[N WA]_WCCConnectionDefaultEmitStateChange(2937)=>[INFO] connection/new_state/connecting [connection_id=257349767, wcc_source=1, wcc_reason=18]
07-26 15:55:43.256  4613  5094 E msys    : E[N WA]_WCCConnectionDefaultDoConnectWithAuthKeys(1434)=>[INFO] connection/connect/start/[host=z-p42-chat-e2ee-ig.facebook.com port=443]/[57.144.208.36:443]
07-26 15:55:43.257  4613  5094 E msys    : E[N WA]_WCCConnectionDefaultLifecycleEventHandler(1958)=>[INFO] connection/xmpp/lifecycle_event/will-connect
07-26 15:55:53.489 24913 24949 E jzr     : [Gmail] NotificationBroadcastReceiver: Failed to update light idle mode timestamp
07-26 15:55:53.489 24913 24949 E jzr     : java.io.IOException: Inoperable file: canonical[/data/data/com.google.android.gm/files/email_notification_timestamp/shared/EmailNotificationTimestamp.pb] freeSpace[34120523776] protoName[EmailNotificationTimestamp] mode[33152]
07-26 15:55:53.489 24913 24949 E jzr     :      at akhr.ck(PG:97)
07-26 15:55:53.489 24913 24949 E jzr     :      at akhr.cl(PG:36)
07-26 15:55:53.489 24913 24949 E jzr     :      at akhr.aq(PG:39)
07-26 15:55:53.489 24913 24949 E jzr     :      at akxc.b(PG:95)
07-26 15:55:53.489 24913 24949 E jzr     :      at akwy.a(PG:1206)
07-26 15:55:53.489 24913 24949 E jzr     :      at bevl.a(PG:53)
07-26 15:55:53.489 24913 24949 E jzr     :      at bevl.a(PG:29)
07-26 15:55:53.489 24913 24949 E jzr     :      at biza.a(PG:3)
07-26 15:55:53.489 24913 24949 E jzr     :      at biyg.run(PG:19)
07-26 15:55:53.489 24913 24949 E jzr     :      at bizc.run(PG:5)
07-26 15:55:53.489 24913 24949 E jzr     :      at bixl.run(PG:17)
07-26 15:55:53.489 24913 24949 E jzr     :      at biys.run(PG:3)
07-26 15:55:53.489 24913 24949 E jzr     :      at biyt.run(PG:200)
07-26 15:55:53.489 24913 24949 E jzr     :      at adsc.run(PG:7)
07-26 15:55:53.489 24913 24949 E jzr     :      at java.util.concurrent.ThreadPoolExecutor.runWorker(ThreadPoolExecutor.java:1156)
07-26 15:55:53.489 24913 24949 E jzr     :      at java.util.concurrent.ThreadPoolExecutor$Worker.run(ThreadPoolExecutor.java:651)
07-26 15:55:53.489 24913 24949 E jzr     :      at androidx.compose.ui.platform.AndroidComposeView$$ExternalSyntheticLambda4.run(PG:200)
07-26 15:55:53.489 24913 24949 E jzr     :      at java.lang.Thread.run(Thread.java:1119)
