07-26 16:19:12.199 W/BatteryStatsService( 1799): Unknown sensor handle 0 received in noteWakeupSensorEvent
07-26 16:20:02.590 W/BatteryStatsService( 1799): Unknown sensor handle 0 received in noteWakeupSensorEvent
07-26 16:20:12.682 W/BatteryStatsService( 1799): Unknown sensor handle 0 received in noteWakeupSensorEvent
07-26 16:21:03.096 W/BatteryStatsService( 1799): Unknown sensor handle 0 received in noteWakeupSensorEvent
07-26 16:21:13.173 W/BatteryStatsService( 1799): Unknown sensor handle 0 received in noteWakeupSensorEvent
07-26 16:22:33.851 W/BatteryStatsService( 1799): Unknown sensor handle 0 received in noteWakeupSensorEvent
--------- beginning of main
07-26 16:22:40.206 I/NearbySharing( 7413): Network state changed: NetworkState(isRestricted=false, isOnline=true, isCongested=false, isMetered=false, isWifiConnected=true)
07-26 16:22:40.368 I/evxf    (15939): (REDACTED) appOpsListener %s %s
07-26 16:22:40.369 I/evxf    (15939): (REDACTED) Ignoring irrelevant audio permission changes for package %s
07-26 16:22:43.938 W/BatteryStatsService( 1799): Unknown sensor handle 0 received in noteWakeupSensorEvent
07-26 16:22:44.802 I/NearbySharing( 7413): Network state changed: NetworkState(isRestricted=false, isOnline=true, isCongested=false, isMetered=false, isWifiConnected=true)
07-26 16:22:45.375 I/ActivityScheduler( 7413): nextTriggerTime: 1689239143, in 180000ms, detectorType: 39, FULL_TYPE alarmWindowMillis: 22500
07-26 16:22:58.718 W/Settings( 7413): Setting airplane_mode_on has moved from android.provider.Settings.System to android.provider.Settings.Global, returning read-only value.
07-26 16:22:58.723 W/SystemServiceRegistry( 7413): No service published for: wifirtt
07-26 16:22:59.122 I/WM-WorkerWrapper(11401): Worker result SUCCESS for Work [ id=9d6013a6-99ed-474b-a06a-a729372528e2, tags={ slack.telemetry.internal.FlushTelemetryEventsWork,app_scope,cancel_on_logout } ]
07-26 16:23:00.036 I/FrewleTileCacheManagerV( 7413): (REDACTED) Fetched %d AP models from cache
07-26 16:23:00.076 I/ActivityScheduler( 7413): nextTriggerTime: 1689239143, in 165299ms, detectorType: 39, FULL_TYPE alarmWindowMillis: 22500
07-26 16:23:00.084 I/FusedLocation( 7413): (REDACTED) location delivery to %s blocked - too fast
07-26 16:23:00.084 I/FusedLocation( 7413): (REDACTED) location delivery to %s blocked - too close
07-26 16:23:00.085 I/FusedLocation( 7413): (REDACTED) stationary throttling engaged @%s
07-26 16:23:00.100 I/ActivityScheduler( 7413): nextTriggerTime: 1689239143, in 165275ms, detectorType: 39, FULL_TYPE alarmWindowMillis: 22500
07-26 16:23:04.088 W/BatteryStatsService( 1799): Unknown sensor handle 0 received in noteWakeupSensorEvent
07-26 16:23:10.431 I/WM-WorkerWrapper(11789): Worker result SUCCESS for Work [ id=1cc0e56b-ddcc-4ebe-a256-e940d6793403, tags={ com.whatsapp.messaging.xmpp.XmppLifecycleWorker } ]
07-26 16:23:11.319 W/oadcastreceiver(21450): Reducing the number of considered missed Gc histogram windows from 222 to 100
07-26 16:23:11.454 I/evxf    (15939): (REDACTED) appOpsListener %s %s
07-26 16:23:11.454 I/evxf    (15939): (REDACTED) Ignoring irrelevant audio permission changes for package %s
07-26 16:23:12.216 I/NearbySharing( 7413): Network state changed: NetworkState(isRestricted=false, isOnline=true, isCongested=false, isMetered=false, isWifiConnected=true)
07-26 16:23:13.382 I/gle.android.gms(29916): Explicit concurrent copying GC freed 425KB AllocSpace bytes, 0(0B) LOS objects, 24% free, 6931KB/9241KB, paused 182us,81us total 139.203ms
07-26 16:23:14.170 W/BatteryStatsService( 1799): Unknown sensor handle 0 received in noteWakeupSensorEvent
07-26 16:23:17.748 I/evxf    (15939): (REDACTED) appOpsListener %s %s
07-26 16:23:17.748 I/evxf    (15939): (REDACTED) Ignoring irrelevant audio permission changes for package %s
07-26 16:23:19.183 I/NearbySharing( 7413): Network state changed: NetworkState(isRestricted=false, isOnline=true, isCongested=false, isMetered=false, isWifiConnected=true)
07-26 16:23:29.136 I/WM-WorkerWrapper(11401): Worker result SUCCESS for Work [ id=4b87d4d4-a9d5-4946-a600-f82dcb0f77e7, tags={ slack.telemetry.internal.FlushTelemetryEventsWork,app_scope,cancel_on_logout } ]
07-26 16:23:37.179 I/bawi    (15939): (REDACTED) getHotwordActive::active query: %s, watch: %s, devices connected: %s
07-26 16:23:47.133 I/odingiot.co.fit(30122): Background concurrent copying GC freed 5686KB AllocSpace bytes, 0(0B) LOS objects, 49% free, 6441KB/12MB, paused 63us,29us total 132.844ms
07-26 16:23:47.133 W/odingiot.co.fit(30122): Reducing the number of considered missed Gc histogram windows from 148 to 100
07-26 16:23:48.234 I/WM-WorkerWrapper(11789): Worker result SUCCESS for Work [ id=61d4a996-8da4-4966-9071-93f6535feb1b, tags={ com.whatsapp.messaging.xmpp.XmppLifecycleWorker } ]
07-26 16:23:49.257 I/evxf    (15939): (REDACTED) appOpsListener %s %s
07-26 16:23:49.258 I/evxf    (15939): (REDACTED) Ignoring irrelevant audio permission changes for package %s
07-26 16:23:53.685 W/HttpCallTransport(13661): Fail read Http response and forward to Cello
07-26 16:23:53.686 W/HttpCallTransport(13661): Fail read Http response and forward to Cello
07-26 16:23:53.686 W/HttpCallTransport(13661): Fail read Http response and forward to Cello
07-26 16:23:53.688 W/HttpCallTransport(13661): Fail read Http response and forward to Cello
07-26 16:23:53.688 E/Cello   (13661): [13750:NonCelloThread] drive_v2_cloud_store.cc:7648:DumpToLog Request 0xb4000076b4b4a150: 0 https://play.googleapis.com/log transport: drive::ds::Status::UNAVAILABLE_WHILE_OFFLINE reader: drive::ds::Status::SUCCESS
07-26 16:23:53.689 E/Cello   (13661): [13750:NonCelloThread] drive_v2_cloud_store.cc:7648:DumpToLog req.hdr 0xb4000076b4b4a150: Content-Type=
07-26 16:23:53.689 E/Cello   (13661): [13750:NonCelloThread] drive_v2_cloud_store.cc:7648:DumpToLog Response body 0xb4000076b4b4a150: (no response body)
07-26 16:23:53.690 E/Cello   (13661): [13744:NonCelloThread] drive_v2_cloud_store.cc:7648:DumpToLog Request 0xb4000076b4b4b490: 0 https://play.googleapis.com/log transport: drive::ds::Status::UNAVAILABLE_WHILE_OFFLINE reader: drive::ds::Status::SUCCESS
07-26 16:23:53.690 E/Cello   (13661): [13744:NonCelloThread] drive_v2_cloud_store.cc:7648:DumpToLog req.hdr 0xb4000076b4b4b490: Content-Type=
07-26 16:23:53.691 E/Cello   (13661): [13753:MetricsTransportThread-CELLO] metrics_transport.cc:242:SendRequest Request failed: drive::ds::Status::UNAVAILABLE_WHILE_OFFLINE
07-26 16:23:53.691 E/Cello   (13661): [13744:NonCelloThread] drive_v2_cloud_store.cc:7648:DumpToLog Response body 0xb4000076b4b4b490: (no response body)
07-26 16:23:53.691 I/Cello   (13661): [13753:MetricsTransportThread-CELLO] metrics_transport.cc:471:ProcessRequestsOnBackgroundThread Metrics failed to send, drive::ds::Status::UNAVAILABLE_WHILE_OFFLINE
07-26 16:23:53.692 E/Cello   (13661): [13754:MetricsTransportThread-CELLO] metrics_transport.cc:242:SendRequest Request failed: drive::ds::Status::UNAVAILABLE_WHILE_OFFLINE
07-26 16:23:53.692 I/Cello   (13661): [13754:MetricsTransportThread-CELLO] metrics_transport.cc:471:ProcessRequestsOnBackgroundThread Metrics failed to send, drive::ds::Status::UNAVAILABLE_WHILE_OFFLINE
07-26 16:23:53.817 W/HttpCallTransport(13661): Fail read Http response and forward to Cello
07-26 16:23:53.818 W/HttpCallTransport(13661): Fail read Http response and forward to Cello
07-26 16:23:53.820 E/Cello   (13661): [13781:NonCelloThread] drive_v2_cloud_store.cc:7648:DumpToLog Request 0xb4000076b4b4ac50: 0 https://play.googleapis.com/log transport: drive::ds::Status::UNAVAILABLE_WHILE_OFFLINE reader: drive::ds::Status::SUCCESS
07-26 16:23:53.820 E/Cello   (13661): [13781:NonCelloThread] drive_v2_cloud_store.cc:7648:DumpToLog req.hdr 0xb4000076b4b4ac50: Content-Type=
07-26 16:23:53.820 E/Cello   (13661): [13781:NonCelloThread] drive_v2_cloud_store.cc:7648:DumpToLog Response body 0xb4000076b4b4ac50: (no response body)
07-26 16:23:53.821 E/Cello   (13661): [13784:MetricsTransportThread-CELLO] metrics_transport.cc:242:SendRequest Request failed: drive::ds::Status::UNAVAILABLE_WHILE_OFFLINE
07-26 16:23:53.821 I/Cello   (13661): [13784:MetricsTransportThread-CELLO] metrics_transport.cc:471:ProcessRequestsOnBackgroundThread Metrics failed to send, drive::ds::Status::UNAVAILABLE_WHILE_OFFLINE
07-26 16:23:53.935 W/HttpCallTransport(13661): Fail read Http response and forward to Cello
07-26 16:23:53.935 W/HttpCallTransport(13661): Fail read Http response and forward to Cello
07-26 16:23:53.936 E/Cello   (13661): [13790:NonCelloThread] drive_v2_cloud_store.cc:7648:DumpToLog Request 0xb4000076b4b49910: 0 https://play.googleapis.com/log transport: drive::ds::Status::UNAVAILABLE_WHILE_OFFLINE reader: drive::ds::Status::SUCCESS
07-26 16:23:53.936 E/Cello   (13661): [13790:NonCelloThread] drive_v2_cloud_store.cc:7648:DumpToLog req.hdr 0xb4000076b4b49910: Content-Type=
07-26 16:23:53.936 E/Cello   (13661): [13790:NonCelloThread] drive_v2_cloud_store.cc:7648:DumpToLog Response body 0xb4000076b4b49910: (no response body)
07-26 16:23:53.937 E/Cello   (13661): [13792:MetricsTransportThread-CELLO] metrics_transport.cc:242:SendRequest Request failed: drive::ds::Status::UNAVAILABLE_WHILE_OFFLINE
07-26 16:23:53.937 I/Cello   (13661): [13792:MetricsTransportThread-CELLO] metrics_transport.cc:471:ProcessRequestsOnBackgroundThread Metrics failed to send, drive::ds::Status::UNAVAILABLE_WHILE_OFFLINE
07-26 16:23:54.048 W/HttpCallTransport(13661): Fail read Http response and forward to Cello
07-26 16:23:54.048 W/HttpCallTransport(13661): Fail read Http response and forward to Cello
07-26 16:23:54.052 E/Cello   (13661): [13799:NonCelloThread] drive_v2_cloud_store.cc:7648:DumpToLog Request 0xb4000076b4b4ac50: 0 https://play.googleapis.com/log transport: drive::ds::Status::UNAVAILABLE_WHILE_OFFLINE reader: drive::ds::Status::SUCCESS
07-26 16:23:54.053 E/Cello   (13661): [13799:NonCelloThread] drive_v2_cloud_store.cc:7648:DumpToLog req.hdr 0xb4000076b4b4ac50: Content-Type=
07-26 16:23:54.053 E/Cello   (13661): [13799:NonCelloThread] drive_v2_cloud_store.cc:7648:DumpToLog Response body 0xb4000076b4b4ac50: (no response body)
07-26 16:23:54.053 E/Cello   (13661): [13801:MetricsTransportThread-CELLO] metrics_transport.cc:242:SendRequest Request failed: drive::ds::Status::UNAVAILABLE_WHILE_OFFLINE
07-26 16:23:54.054 I/Cello   (13661): [13801:MetricsTransportThread-CELLO] metrics_transport.cc:471:ProcessRequestsOnBackgroundThread Metrics failed to send, drive::ds::Status::UNAVAILABLE_WHILE_OFFLINE
07-26 16:23:59.176 I/WM-WorkerWrapper(11401): Worker result SUCCESS for Work [ id=aedcd41d-8ec7-4e55-b73d-765e6ba95dbc, tags={ slack.telemetry.internal.FlushTelemetryEventsWork,app_scope,cancel_on_logout } ]
07-26 16:24:03.824 W/HttpCallTransport(14329): Fail read Http response and forward to Cello
07-26 16:24:29.153 I/WM-WorkerWrapper(11401): Worker result SUCCESS for Work [ id=2a4e3849-2ad6-47ad-8f67-091e77fd53b6, tags={ slack.telemetry.internal.FlushTelemetryEventsWork,app_scope,cancel_on_logout } ]
07-26 16:24:37.178 I/bawi    (15939): (REDACTED) getHotwordActive::active query: %s, watch: %s, devices connected: %s
07-26 16:24:52.360 I/.gms.persistent(26549): Explicit concurrent copying GC freed 1211KB AllocSpace bytes, 11(540KB) LOS objects, 49% free, 9721KB/18MB, paused 244us,108us total 260.668ms
07-26 16:24:59.168 I/WM-WorkerWrapper(11401): Worker result SUCCESS for Work [ id=11b5f3cb-ff48-4be9-8ffa-e57f9b1814f1, tags={ slack.telemetry.internal.FlushTelemetryEventsWork,app_scope,cancel_on_logout } ]
07-26 16:25:05.101 W/BatteryStatsService( 1799): Unknown sensor handle 0 received in noteWakeupSensorEvent
07-26 16:25:15.202 W/BatteryStatsService( 1799): Unknown sensor handle 0 received in noteWakeupSensorEvent
07-26 16:25:23.714 W/HttpCallTransport(13661): Fail read Http response and forward to Cello
07-26 16:25:23.715 W/HttpCallTransport(13661): Fail read Http response and forward to Cello
07-26 16:25:23.715 W/HttpCallTransport(13661): Fail read Http response and forward to Cello
07-26 16:25:23.716 E/Cello   (13661): [13750:NonCelloThread] drive_v2_cloud_store.cc:7648:DumpToLog Request 0xb4000076b4b33ff0: 0 https://play.googleapis.com/log transport: drive::ds::Status::UNAVAILABLE_WHILE_OFFLINE reader: drive::ds::Status::SUCCESS
07-26 16:25:23.716 E/Cello   (13661): [13750:NonCelloThread] drive_v2_cloud_store.cc:7648:DumpToLog req.hdr 0xb4000076b4b33ff0: Content-Type=
07-26 16:25:23.717 W/HttpCallTransport(13661): Fail read Http response and forward to Cello
07-26 16:25:23.717 E/Cello   (13661): [13750:NonCelloThread] drive_v2_cloud_store.cc:7648:DumpToLog Response body 0xb4000076b4b33ff0: (no response body)
07-26 16:25:23.718 E/Cello   (13661): [13744:NonCelloThread] drive_v2_cloud_store.cc:7648:DumpToLog Request 0xb4000076b4b33a70: 0 https://play.googleapis.com/log transport: drive::ds::Status::UNAVAILABLE_WHILE_OFFLINE reader: drive::ds::Status::SUCCESS
07-26 16:25:23.719 E/Cello   (13661): [13744:NonCelloThread] drive_v2_cloud_store.cc:7648:DumpToLog req.hdr 0xb4000076b4b33a70: Content-Type=
07-26 16:25:23.719 E/Cello   (13661): [13753:MetricsTransportThread-CELLO] metrics_transport.cc:242:SendRequest Request failed: drive::ds::Status::UNAVAILABLE_WHILE_OFFLINE
07-26 16:25:23.720 I/Cello   (13661): [13753:MetricsTransportThread-CELLO] metrics_transport.cc:471:ProcessRequestsOnBackgroundThread Metrics failed to send, drive::ds::Status::UNAVAILABLE_WHILE_OFFLINE
07-26 16:25:23.720 E/Cello   (13661): [13744:NonCelloThread] drive_v2_cloud_store.cc:7648:DumpToLog Response body 0xb4000076b4b33a70: (no response body)
07-26 16:25:23.721 E/Cello   (13661): [13754:MetricsTransportThread-CELLO] metrics_transport.cc:242:SendRequest Request failed: drive::ds::Status::UNAVAILABLE_WHILE_OFFLINE
07-26 16:25:23.721 I/Cello   (13661): [13754:MetricsTransportThread-CELLO] metrics_transport.cc:471:ProcessRequestsOnBackgroundThread Metrics failed to send, drive::ds::Status::UNAVAILABLE_WHILE_OFFLINE
07-26 16:25:23.838 W/HttpCallTransport(13661): Fail read Http response and forward to Cello
07-26 16:25:23.839 W/HttpCallTransport(13661): Fail read Http response and forward to Cello
07-26 16:25:23.840 E/Cello   (13661): [13781:NonCelloThread] drive_v2_cloud_store.cc:7648:DumpToLog Request 0xb4000076b4b5f390: 0 https://play.googleapis.com/log transport: drive::ds::Status::UNAVAILABLE_WHILE_OFFLINE reader: drive::ds::Status::SUCCESS
07-26 16:25:23.841 E/Cello   (13661): [13781:NonCelloThread] drive_v2_cloud_store.cc:7648:DumpToLog req.hdr 0xb4000076b4b5f390: Content-Type=
07-26 16:25:23.841 E/Cello   (13661): [13781:NonCelloThread] drive_v2_cloud_store.cc:7648:DumpToLog Response body 0xb4000076b4b5f390: (no response body)
07-26 16:25:23.841 E/Cello   (13661): [13784:MetricsTransportThread-CELLO] metrics_transport.cc:242:SendRequest Request failed: drive::ds::Status::UNAVAILABLE_WHILE_OFFLINE
07-26 16:25:23.842 I/Cello   (13661): [13784:MetricsTransportThread-CELLO] metrics_transport.cc:471:ProcessRequestsOnBackgroundThread Metrics failed to send, drive::ds::Status::UNAVAILABLE_WHILE_OFFLINE
07-26 16:25:23.950 W/HttpCallTransport(13661): Fail read Http response and forward to Cello
07-26 16:25:23.951 W/HttpCallTransport(13661): Fail read Http response and forward to Cello
07-26 16:25:23.952 E/Cello   (13661): [13790:NonCelloThread] drive_v2_cloud_store.cc:7648:DumpToLog Request 0xb4000076b4b33a70: 0 https://play.googleapis.com/log transport: drive::ds::Status::UNAVAILABLE_WHILE_OFFLINE reader: drive::ds::Status::SUCCESS
07-26 16:25:23.952 E/Cello   (13661): [13790:NonCelloThread] drive_v2_cloud_store.cc:7648:DumpToLog req.hdr 0xb4000076b4b33a70: Content-Type=
07-26 16:25:23.953 E/Cello   (13661): [13790:NonCelloThread] drive_v2_cloud_store.cc:7648:DumpToLog Response body 0xb4000076b4b33a70: (no response body)
07-26 16:25:23.953 E/Cello   (13661): [13792:MetricsTransportThread-CELLO] metrics_transport.cc:242:SendRequest Request failed: drive::ds::Status::UNAVAILABLE_WHILE_OFFLINE
07-26 16:25:23.954 I/Cello   (13661): [13792:MetricsTransportThread-CELLO] metrics_transport.cc:471:ProcessRequestsOnBackgroundThread Metrics failed to send, drive::ds::Status::UNAVAILABLE_WHILE_OFFLINE
07-26 16:25:24.067 W/HttpCallTransport(13661): Fail read Http response and forward to Cello
07-26 16:25:24.068 W/HttpCallTransport(13661): Fail read Http response and forward to Cello
07-26 16:25:24.069 E/Cello   (13661): [13799:NonCelloThread] drive_v2_cloud_store.cc:7648:DumpToLog Request 0xb4000076b4b33ff0: 0 https://play.googleapis.com/log transport: drive::ds::Status::UNAVAILABLE_WHILE_OFFLINE reader: drive::ds::Status::SUCCESS
07-26 16:25:24.069 E/Cello   (13661): [13799:NonCelloThread] drive_v2_cloud_store.cc:7648:DumpToLog req.hdr 0xb4000076b4b33ff0: Content-Type=
07-26 16:25:24.069 E/Cello   (13661): [13799:NonCelloThread] drive_v2_cloud_store.cc:7648:DumpToLog Response body 0xb4000076b4b33ff0: (no response body)
07-26 16:25:24.069 E/Cello   (13661): [13801:MetricsTransportThread-CELLO] metrics_transport.cc:242:SendRequest Request failed: drive::ds::Status::UNAVAILABLE_WHILE_OFFLINE
07-26 16:25:24.069 I/Cello   (13661): [13801:MetricsTransportThread-CELLO] metrics_transport.cc:471:ProcessRequestsOnBackgroundThread Metrics failed to send, drive::ds::Status::UNAVAILABLE_WHILE_OFFLINE
07-26 16:25:29.137 D/WM-SystemJobScheduler(11401): Scheduling work ID 03a0964e-9798-4f7e-996b-2a97bc0d4aeeJob ID 16984
07-26 16:25:29.159 D/WM-SystemJobService(11401): onStartJob for WorkGenerationalId(workSpecId=03a0964e-9798-4f7e-996b-2a97bc0d4aee, generation=0)
07-26 16:25:29.160 D/WM-GreedyScheduler(11401): Ignoring {WorkSpec: 2dc7fd46-56da-44b7-be4e-1a0cf272c72c}. Requires device idle.
07-26 16:25:29.160 D/WM-GreedyScheduler(11401): Ignoring {WorkSpec: 8269b9e2-5228-42e9-b73d-f0b97511271f}. Requires device idle.
07-26 16:25:29.161 D/WM-GreedyScheduler(11401): Starting tracking for 03a0964e-9798-4f7e-996b-2a97bc0d4aee
07-26 16:25:29.162 D/WM-Processor(11401): Processor: processing WorkGenerationalId(workSpecId=03a0964e-9798-4f7e-996b-2a97bc0d4aee, generation=0)
07-26 16:25:29.165 D/WM-WorkerWrapper(11401): Starting work for slack.telemetry.internal.FlushTelemetryEventsWork
07-26 16:25:29.168 D/WM-ConstraintTracker(11401): NetworkStateTracker24: initial state = NetworkState(isConnected=true, isValidated=true, isMetered=false, isNotRoaming=true)
07-26 16:25:29.168 D/WM-NetworkStateTracker(11401): Registering network callback
07-26 16:25:29.171 I/WM-WorkerWrapper(11401): Worker result SUCCESS for Work [ id=03a0964e-9798-4f7e-996b-2a97bc0d4aee, tags={ slack.telemetry.internal.FlushTelemetryEventsWork,app_scope,cancel_on_logout } ]
07-26 16:25:29.173 D/WM-NetworkStateTracker(11401): Network capabilities changed: [ Transports: WIFI Capabilities: NOT_METERED&INTERNET&NOT_RESTRICTED&TRUSTED&NOT_VPN&VALIDATED&NOT_ROAMING&FOREGROUND&NOT_CONGESTED&NOT_SUSPENDED&NOT_VCN_MANAGED LinkUpBandwidth>=37145Kbps LinkDnBandwidth>=35769Kbps TransportInfo: <SSID: <unknown ssid>, BSSID: 02:**:**:**:00:00, MAC: 02:**:**:**:00:00, Security type: 2, Supplicant state: COMPLETED, Wi-Fi standard: 4, RSSI: -64, Link speed: 144Mbps, Tx Link speed: 58Mbps, Max Supported Tx Link speed: 300Mbps, Rx Link speed: 130Mbps, Max Supported Rx Link speed: 300Mbps, Frequency: 2462MHz, Net ID: -1, Metered hint: false, score: 60, isUsable: true, CarrierMerged: false, SubscriptionId: -1, IsPrimary: -1, Trusted: true, Restricted: false, Ephemeral: false, OEM paid: false, OEM private: false, OSU AP: false, FQDN: <none>, Provider friendly name: <none>, Requesting package name: <none><none>MLO Information: , Is TID-To-Link negotiation supported by the AP: false, AP MLD Address: <none>, AP MLO Link Id: <none>, AP MLO Affiliated links: <none>> SignalStrength: -64 UnderlyingNetworks: Null]
07-26 16:25:29.174 D/WM-Processor(11401): Processor 03a0964e-9798-4f7e-996b-2a97bc0d4aee executed; reschedule = false
07-26 16:25:29.174 D/WM-GreedyScheduler(11401): Stopping tracking for WorkGenerationalId(workSpecId=03a0964e-9798-4f7e-996b-2a97bc0d4aee, generation=0)
07-26 16:25:29.175 D/WM-SystemJobService(11401): 03a0964e-9798-4f7e-996b-2a97bc0d4aee executed on JobScheduler
07-26 16:25:29.183 D/WM-GreedyScheduler(11401): Cancelling work ID 03a0964e-9798-4f7e-996b-2a97bc0d4aee
07-26 16:25:29.186 D/WM-GreedyScheduler(11401): Ignoring {WorkSpec: 2dc7fd46-56da-44b7-be4e-1a0cf272c72c}. Requires device idle.
07-26 16:25:29.186 D/WM-GreedyScheduler(11401): Ignoring {WorkSpec: 8269b9e2-5228-42e9-b73d-f0b97511271f}. Requires device idle.
07-26 16:25:29.186 D/WM-NetworkStateTracker(11401): Unregistering network callback
07-26 16:25:33.848 W/HttpCallTransport(14329): Fail read Http response and forward to Cello
07-26 16:25:35.345 D/BatteryStatsHistory( 1799): addHistoryBufferLocked writeHistory took ms:17
07-26 16:25:37.182 I/bawi    (15939): (REDACTED) getHotwordActive::active query: %s, watch: %s, devices connected: %s
07-26 16:25:44.789 W/getprop (16057): type=1400 audit(0.0:1669960): avc:  denied  { open } for  path="/dev/__properties__/u:object_r:vendor_camera_software_moonlight_prop:s0" dev="tmpfs" ino=10001 scontext=u:r:shell:s0 tcontext=u:object_r:vendor_camera_software_moonlight_prop:s0 tclass=file permissive=0
07-26 16:25:47.026 V/BaseBle (30122): MyNotificationListenerService isEnabled=true
07-26 16:25:59.169 D/WM-SystemJobScheduler(11401): Scheduling work ID 0af4ecd1-f288-4953-86b7-8f7e27b6abf6Job ID 16985
07-26 16:25:59.183 D/WM-GreedyScheduler(11401): Ignoring {WorkSpec: 2dc7fd46-56da-44b7-be4e-1a0cf272c72c}. Requires device idle.
07-26 16:25:59.183 D/WM-GreedyScheduler(11401): Ignoring {WorkSpec: 8269b9e2-5228-42e9-b73d-f0b97511271f}. Requires device idle.
07-26 16:25:59.183 D/WM-GreedyScheduler(11401): Starting tracking for 0af4ecd1-f288-4953-86b7-8f7e27b6abf6
07-26 16:25:59.189 D/WM-ConstraintTracker(11401): NetworkStateTracker24: initial state = NetworkState(isConnected=true, isValidated=true, isMetered=false, isNotRoaming=true)
07-26 16:25:59.189 D/WM-NetworkStateTracker(11401): Registering network callback
07-26 16:25:59.192 D/WM-SystemJobService(11401): onStartJob for WorkGenerationalId(workSpecId=0af4ecd1-f288-4953-86b7-8f7e27b6abf6, generation=0)
07-26 16:25:59.193 D/WM-GreedyScheduler(11401): Constraints met: Scheduling work ID WorkGenerationalId(workSpecId=0af4ecd1-f288-4953-86b7-8f7e27b6abf6, generation=0)
07-26 16:25:59.194 D/WM-Processor(11401): Processor: processing WorkGenerationalId(workSpecId=0af4ecd1-f288-4953-86b7-8f7e27b6abf6, generation=0)
07-26 16:25:59.194 D/WM-Processor(11401): Work WorkGenerationalId(workSpecId=0af4ecd1-f288-4953-86b7-8f7e27b6abf6, generation=0) is already enqueued for processing
07-26 16:25:59.196 D/WM-NetworkStateTracker(11401): Network capabilities changed: [ Transports: WIFI Capabilities: NOT_METERED&INTERNET&NOT_RESTRICTED&TRUSTED&NOT_VPN&VALIDATED&NOT_ROAMING&FOREGROUND&NOT_CONGESTED&NOT_SUSPENDED&NOT_VCN_MANAGED LinkUpBandwidth>=37145Kbps LinkDnBandwidth>=35769Kbps TransportInfo: <SSID: <unknown ssid>, BSSID: 02:**:**:**:00:00, MAC: 02:**:**:**:00:00, Security type: 2, Supplicant state: COMPLETED, Wi-Fi standard: 4, RSSI: -64, Link speed: 144Mbps, Tx Link speed: 58Mbps, Max Supported Tx Link speed: 300Mbps, Rx Link speed: 130Mbps, Max Supported Rx Link speed: 300Mbps, Frequency: 2462MHz, Net ID: -1, Metered hint: false, score: 60, isUsable: true, CarrierMerged: false, SubscriptionId: -1, IsPrimary: -1, Trusted: true, Restricted: false, Ephemeral: false, OEM paid: false, OEM private: false, OSU AP: false, FQDN: <none>, Provider friendly name: <none>, Requesting package name: <none><none>MLO Information: , Is TID-To-Link negotiation supported by the AP: false, AP MLD Address: <none>, AP MLO Link Id: <none>, AP MLO Affiliated links: <none>> SignalStrength: -64 UnderlyingNetworks: Null]
07-26 16:25:59.199 D/WM-WorkerWrapper(11401): Starting work for slack.telemetry.internal.FlushTelemetryEventsWork
07-26 16:25:59.202 I/WM-WorkerWrapper(11401): Worker result SUCCESS for Work [ id=0af4ecd1-f288-4953-86b7-8f7e27b6abf6, tags={ slack.telemetry.internal.FlushTelemetryEventsWork,app_scope,cancel_on_logout } ]
07-26 16:25:59.203 D/WM-Processor(11401): Processor 0af4ecd1-f288-4953-86b7-8f7e27b6abf6 executed; reschedule = false
07-26 16:25:59.203 D/WM-GreedyScheduler(11401): Stopping tracking for WorkGenerationalId(workSpecId=0af4ecd1-f288-4953-86b7-8f7e27b6abf6, generation=0)
07-26 16:25:59.203 D/WM-SystemJobService(11401): 0af4ecd1-f288-4953-86b7-8f7e27b6abf6 executed on JobScheduler
07-26 16:25:59.209 D/WM-GreedyScheduler(11401): Cancelling work ID 0af4ecd1-f288-4953-86b7-8f7e27b6abf6
07-26 16:25:59.211 D/WM-GreedyScheduler(11401): Ignoring {WorkSpec: 2dc7fd46-56da-44b7-be4e-1a0cf272c72c}. Requires device idle.
07-26 16:25:59.211 D/WM-GreedyScheduler(11401): Ignoring {WorkSpec: 8269b9e2-5228-42e9-b73d-f0b97511271f}. Requires device idle.
07-26 16:25:59.211 D/WM-NetworkStateTracker(11401): Unregistering network callback
07-26 16:26:00.684 D/BatteryStatsService( 1799): notePemString  noteWhich: 49,arg1: -1, arg2: -1, arg3: 4277, arg4: 9785, name: com.vivo.fingerprintui
07-26 16:26:00.996 I/DeviceStatusMonitor(15342): DeviceStatusMonitor.handleBroadcast():123 onReceive() : Action = android.intent.action.SCREEN_ON
07-26 16:26:00.997 I/DeviceStatusMonitor(15342): DeviceStatusMonitor.updateCountryInfo():139 updateCountryInfo(), notifyAnyway = false
07-26 16:26:01.155 I/ActivityScheduler( 7413): nextTriggerTime: 1689239143, in -15779ms, detectorType: 39, FULL_TYPE alarmWindowMillis: 22500
07-26 16:26:01.176 D/WM-NetworkStateTracker( 8600): Network capabilities changed: [ Transports: WIFI Capabilities: NOT_METERED&INTERNET&NOT_RESTRICTED&TRUSTED&NOT_VPN&VALIDATED&NOT_ROAMING&FOREGROUND&NOT_CONGESTED&NOT_SUSPENDED&NOT_VCN_MANAGED LinkUpBandwidth>=27876Kbps LinkDnBandwidth>=33974Kbps TransportInfo: <SSID: <unknown ssid>, BSSID: 02:**:**:**:00:00, MAC: 02:**:**:**:00:00, Security type: 2, Supplicant state: COMPLETED, Wi-Fi standard: 4, RSSI: -66, Link speed: 144Mbps, Tx Link speed: 78Mbps, Max Supported Tx Link speed: 300Mbps, Rx Link speed: 78Mbps, Max Supported Rx Link speed: 300Mbps, Frequency: 2462MHz, Net ID: -1, Metered hint: false, score: 60, isUsable: true, CarrierMerged: false, SubscriptionId: -1, IsPrimary: -1, Trusted: true, Restricted: false, Ephemeral: false, OEM paid: false, OEM private: false, OSU AP: false, FQDN: <none>, Provider friendly name: <none>, Requesting package name: <none><none>MLO Information: , Is TID-To-Link negotiation supported by the AP: false, AP MLD Address: <none>, AP MLO Link Id: <none>, AP MLO Affiliated links: <none>> SignalStrength: -66 UnderlyingNetworks: Null]
07-26 16:26:01.193 V/BaseBle (30122): MyNotificationListenerService isEnabled=true
07-26 16:26:01.204 D/CellBroadcastReceiver(21450): onReceive Intent { act=android.intent.action.SERVICE_STATE flg=0x1000010 cmp=com.google.android.cellbroadcastreceiver/com.android.cellbroadcastreceiver.CellBroadcastReceiver (has extras) }
07-26 16:26:01.220 D/CellBroadcastReceiver(21450): onServiceStateChanged, ss: 0
07-26 16:26:01.220 D/CellBroadcastReceiver(21450): networkOperator: 405862
07-26 16:26:01.222 D/CellBroadcastReceiver(21450): update supported roaming operator as 
07-26 16:26:01.248 E/fmrn    ( 7413): Unable to stop autobatch scan. [CONTEXT service_id=284 ]
07-26 16:26:01.248 E/fmrn    ( 7413): fmyu: BLE scanner is not available
07-26 16:26:01.248 E/fmrn    ( 7413): 	at fmrn.h(:com.google.android.gms@252931029@25.29.31 (190400-786286943):16)
07-26 16:26:01.248 E/fmrn    ( 7413): 	at fmrn.c(:com.google.android.gms@252931029@25.29.31 (190400-786286943):1)
07-26 16:26:01.248 E/fmrn    ( 7413): 	at bneq.run(:com.google.android.gms@252931029@25.29.31 (190400-786286943):9)
07-26 16:26:01.248 E/fmrn    ( 7413): 	at fzvu.run(:com.google.android.gms@252931029@25.29.31 (190400-786286943):21)
07-26 16:26:01.248 E/fmrn    ( 7413): 	at java.util.concurrent.Executors$RunnableAdapter.call(Executors.java:524)
07-26 16:26:01.248 E/fmrn    ( 7413): 	at gibi.a(:com.google.android.gms@252931029@25.29.31 (190400-786286943):3)
07-26 16:26:01.248 E/fmrn    ( 7413): 	at giai.run(:com.google.android.gms@252931029@25.29.31 (190400-786286943):19)
07-26 16:26:01.248 E/fmrn    ( 7413): 	at gibj.run(:com.google.android.gms@252931029@25.29.31 (190400-786286943):5)
07-26 16:26:01.248 E/fmrn    ( 7413): 	at giay.run(:com.google.android.gms@252931029@25.29.31 (190400-786286943):3)
07-26 16:26:01.248 E/fmrn    ( 7413): 	at giaz.run(:com.google.android.gms@252931029@25.29.31 (190400-786286943):64)
07-26 16:26:01.248 E/fmrn    ( 7413): 	at azxx.c(:com.google.android.gms@252931029@25.29.31 (190400-786286943):50)
07-26 16:26:01.248 E/fmrn    ( 7413): 	at azxx.run(:com.google.android.gms@252931029@25.29.31 (190400-786286943):70)
07-26 16:26:01.248 E/fmrn    ( 7413): 	at java.util.concurrent.ThreadPoolExecutor.runWorker(ThreadPoolExecutor.java:1156)
07-26 16:26:01.248 E/fmrn    ( 7413): 	at java.util.concurrent.ThreadPoolExecutor$Worker.run(ThreadPoolExecutor.java:651)
07-26 16:26:01.248 E/fmrn    ( 7413): 	at badq.run(:com.google.android.gms@252931029@25.29.31 (190400-786286943):8)
07-26 16:26:01.248 E/fmrn    ( 7413): 	at java.lang.Thread.run(Thread.java:1119)
07-26 16:26:01.267 I/NullBinder( 7413): NullBinder for android.net.action.RECOMMEND_NETWORKS triggering remote TransactionTooLargeException due to Service without Chimera impl, calling uid: 1000, calling pid: 0
07-26 16:26:01.267 W/.gms.persistent( 7413): Large reply transaction of 4227072 bytes, interface descriptor , code 1
07-26 16:26:01.655 I/NearbySharing( 7413): Network state changed: NetworkState(isRestricted=false, isOnline=true, isCongested=false, isMetered=false, isWifiConnected=true)
07-26 16:26:01.954 D/BatteryStatsService( 1799): notePemString  noteWhich: 49,arg1: 1080, arg2: 2400, arg3: 3501, arg4: 326, name: com.android.systemui
07-26 16:26:01.990 D/BatteryStatsService( 1799): notePemString  noteWhich: 49,arg1: -2, arg2: -1, arg3: 3501, arg4: 672, name: com.android.systemui
07-26 16:26:02.118 I/ukf     (15939): Disconnecting from SysUi, flag disabled [IVR-C]
07-26 16:26:02.119 I/ukf     (15939): Disconnecting from SysUi, VM not enabled [IVR-C]
07-26 16:26:02.119 I/uka     (15939): No binding to unbind [IVR-C]
07-26 16:26:02.119 I/uka     (15939): Disconnected from SysUi [IVR-C]
07-26 16:26:02.156 D/BatteryStatsService( 1799): notePemString  noteWhich: 49,arg1: -2, arg2: -1, arg3: 3501, arg4: 672, name: com.android.systemui
07-26 16:26:02.157 D/BatteryStatsService( 1799): notePemString  noteWhich: 49,arg1: -2, arg2: -1, arg3: 3501, arg4: 322, name: com.android.systemui
07-26 16:26:02.172 I/fehd    (15939): (REDACTED) O received %s
07-26 16:26:02.193 I/NearbySharing( 7413): Screen is unlocked
07-26 16:26:02.193 I/NearbySharing( 7413): Uwb feature is off.
07-26 16:26:02.193 I/NearbySharing( 7413): Uwb feature is off.
07-26 16:26:02.193 I/NearbySharing( 7413): Stopping scanning because Bluetooth is disabled.
07-26 16:26:02.198 I/NearbySharing( 7413): Stopping Fast Init advertisement because Bluetooth is off.
07-26 16:26:02.199 I/NearbySharing( 7413): Stopping advertising because Bluetooth is disabled.
07-26 16:26:02.202 I/NearbySharing( 7413): Fast Initiation Scanning has stopped
07-26 16:26:02.202 I/NearbySharing( 7413): Stopping FastInitiation scanning because Bluetooth is disabled.
07-26 16:26:02.206 I/NearbySharing( 7413): Dismissing HUN as there's no device nearby.
07-26 16:26:02.237 W/fbservices:InitStatus(30428): Not blocking Service (156452180)
07-26 16:26:02.238 W/fbservices:InitStatus(30428): Not blocking Service (156452180)
07-26 16:26:02.276 D/BatteryStatsService( 1799): notePemString  noteWhich: 49,arg1: -2, arg2: -1, arg3: 3501, arg4: 326, name: com.android.systemui
07-26 16:26:02.299 I/NearbyMediums(26549): ModuleInitializer handles incoming intent android.intent.action.USER_PRESENT
07-26 16:26:02.303 D/BatteryStatsService( 1799): notePemString  noteWhich: 49,arg1: -2, arg2: -1, arg3: 3501, arg4: 672, name: com.android.systemui
07-26 16:26:02.303 D/BatteryStatsService( 1799): notePemString  noteWhich: 49,arg1: -2, arg2: -1, arg3: 3501, arg4: 322, name: com.android.systemui
07-26 16:26:02.304 D/BatteryStatsService( 1799): notePemString  noteWhich: 49,arg1: -2, arg2: -1, arg3: 3501, arg4: 326, name: com.android.systemui
07-26 16:26:02.307 I/Nearby  (26549): (REDACTED) Beginning attempt #%d out of %d for %s...
07-26 16:26:02.314 I/NearbyMediums(26549): BluetoothAdapter's name was not set by Nearby Connections, ignoring call to restore default scan mode.
07-26 16:26:02.320 I/NearbyMediums(26549): BluetoothAdapter's name was not set by Nearby Connections, ignoring call to restore device name
07-26 16:26:02.321 I/SystemUpdate(29916): [Control,UpdateReminderDialogControl] System update management not enabled in this context. Ignoring intent: Intent { act=android.intent.action.USER_PRESENT flg=0x4200010 pkg=com.google.android.gms }
07-26 16:26:02.325 D/BoundBrokerSvc(29916): onBind: Intent { act=com.google.android.gms.auth.cryptauth.cryptauthservice.START dat=chimera-action:/... cmp=com.google.android.gms/.chimera.GmsBoundBrokerService }
07-26 16:26:02.326 D/BoundBrokerSvc(29916): Loading bound service for intent: Intent { act=com.google.android.gms.auth.cryptauth.cryptauthservice.START dat=chimera-action:/... cmp=com.google.android.gms/.chimera.GmsBoundBrokerService }
07-26 16:26:02.334 I/RCNIntentOperation(26549): RCN is disabled on this network.
07-26 16:26:02.336 I/NearbyMediums( 7413): ModuleInitializer handles incoming intent android.intent.action.USER_PRESENT
07-26 16:26:02.345 I/Nearby  ( 7413): (REDACTED) Beginning attempt #%d out of %d for %s...
07-26 16:26:02.346 I/PersonalSafety( 7511): ConnectivityProtectionLockingIntentOperation: cancelled task [CONTEXT service_id=310 ]
07-26 16:26:02.346 I/NearbyMediums( 7413): BluetoothAdapter's name was not set by Nearby Connections, ignoring call to restore default scan mode.
07-26 16:26:02.348 I/NearbyMediums( 7413): BluetoothAdapter's name was not set by Nearby Connections, ignoring call to restore device name
07-26 16:26:02.362 D/BoundBrokerSvc(29916): onBind: Intent { act=com.google.android.gms.pay.service.BIND dat=chimera-action:/... cmp=com.google.android.gms/.chimera.GmsApiService }
07-26 16:26:02.362 D/BoundBrokerSvc(29916): Loading bound service for intent: Intent { act=com.google.android.gms.pay.service.BIND dat=chimera-action:/... cmp=com.google.android.gms/.chimera.GmsApiService }
07-26 16:26:02.373 D/BoundBrokerSvc(26549): onRebind: Intent { act=com.google.android.gms.auth.aang.events.services.START dat=chimera-action:/... cmp=com.google.android.gms/.chimera.PersistentApiService }
07-26 16:26:02.392 D/BoundBrokerSvc( 7511): onBind: Intent { act=com.google.android.gms.pay.service.BIND dat=chimera-action:/... cmp=com.google.android.gms/.chimera.GmsApiService }
07-26 16:26:02.392 D/BoundBrokerSvc( 7511): Loading bound service for intent: Intent { act=com.google.android.gms.pay.service.BIND dat=chimera-action:/... cmp=com.google.android.gms/.chimera.GmsApiService }
07-26 16:26:02.397 I/RCNIntentOperation( 7413): RCN is disabled on this network.
07-26 16:26:02.419 I/GoogleInputMethodService(15342): GoogleInputMethodService.onStartInput():1248 onStartInput(EditorInfo{EditorInfo{packageName=com.android.settings, inputType=0, inputTypeString=NULL, enableLearning=false, autoCorrection=false, autoComplete=false, imeOptions=0, privateImeOptions=null, actionName=UNSPECIFIED, actionLabel=null, initialSelStart=-1, initialSelEnd=-1, initialCapsMode=0, label=null, fieldId=0, fieldName=null, extras=null, hintText=null, hintLocales=[]}}, false)
07-26 16:26:02.421 I/Module  (15342): DeviceLockedStatusModuleProvider$Module.updateDeviceLockedStatus():100 repeatCheckTimes = 1, locked = false
07-26 16:26:02.646 W/fbservices:InitStatus(30428): Not blocking Service (156452180)
07-26 16:26:02.646 W/fbservices:InitStatus(30428): Not blocking Service (156452180)
07-26 16:26:03.050 W/libc    ( 8600): Access denied finding property "vendor.display.enable_optimal_refresh_rate"
07-26 16:26:03.052 E/OpenGLRenderer( 8600): Unable to match the desired swap behavior.
07-26 16:26:03.049 W/earchbox:search( 8600): type=1400 audit(0.0:1669985): avc:  denied  { read } for  name="u:object_r:vendor_display_prop:s0" dev="tmpfs" ino=10030 scontext=u:r:priv_app:s0:c512,c768 tcontext=u:object_r:vendor_display_prop:s0 tclass=file permissive=0 app=com.google.android.googlequicksearchbox
07-26 16:26:03.072 I/cnsc    ( 8600): onStart
07-26 16:26:03.079 I/clpy    ( 8600): (REDACTED) [%s] onStart()
07-26 16:26:03.079 I/clsd    ( 8600): Reloading theme data
07-26 16:26:03.082 I/cnsc    ( 8600): onResume
07-26 16:26:03.090 D/BoundBrokerSvc( 7511): onBind: Intent { act=com.google.android.gms.inappreach.service.START dat=chimera-action:/... cmp=com.google.android.gms/.chimera.GmsApiService }
07-26 16:26:03.090 D/BoundBrokerSvc( 7511): Loading bound service for intent: Intent { act=com.google.android.gms.inappreach.service.START dat=chimera-action:/... cmp=com.google.android.gms/.chimera.GmsApiService }
07-26 16:26:03.135 I/TRuntime.CctTransportBackend(14625): Making request to: https://firebaselogging.googleapis.com/v0cc/log/batch?format=json_proto3
07-26 16:26:03.305 I/GoogleInputMethodService(15342): GoogleInputMethodService.onFinishInput():1984 
07-26 16:26:03.306 I/Module  (15342): DeviceLockedStatusModuleProvider$Module.updateDeviceLockedStatus():100 repeatCheckTimes = 0, locked = false
07-26 16:26:03.306 I/GoogleInputMethodService(15342): GoogleInputMethodService.onStartInput():1248 onStartInput(EditorInfo{EditorInfo{packageName=com.android.launcher3, inputType=0, inputTypeString=NULL, enableLearning=false, autoCorrection=false, autoComplete=false, imeOptions=0, privateImeOptions=null, actionName=UNSPECIFIED, actionLabel=null, initialSelStart=-1, initialSelEnd=-1, initialCapsMode=0, label=null, fieldId=0, fieldName=null, extras=null, hintText=null, hintLocales=[]}}, false)
07-26 16:26:03.307 I/Module  (15342): DeviceLockedStatusModuleProvider$Module.updateDeviceLockedStatus():100 repeatCheckTimes = 1, locked = false
07-26 16:26:03.476 I/TRuntime.CctTransportBackend(14625): Status Code: 200
07-26 16:26:03.975 I/cnlw    ( 8600): (REDACTED) onApplyWindowInsets: systemWindowInsets=%s
07-26 16:26:03.975 I/cnlw    ( 8600): (REDACTED) onApplyWindowInsets: systemWindowInsets=%s
07-26 16:26:04.754 I/GoogleInputMethodService(15342): GoogleInputMethodService.onFinishInput():1984 
07-26 16:26:04.755 I/Module  (15342): DeviceLockedStatusModuleProvider$Module.updateDeviceLockedStatus():100 repeatCheckTimes = 0, locked = false
07-26 16:26:04.755 I/GoogleInputMethodService(15342): GoogleInputMethodService.onStartInput():1248 onStartInput(EditorInfo{EditorInfo{packageName=com.android.settings, inputType=0, inputTypeString=NULL, enableLearning=false, autoCorrection=false, autoComplete=false, imeOptions=0, privateImeOptions=null, actionName=UNSPECIFIED, actionLabel=null, initialSelStart=-1, initialSelEnd=-1, initialCapsMode=0, label=null, fieldId=0, fieldName=null, extras=null, hintText=null, hintLocales=[]}}, false)
07-26 16:26:04.755 I/Module  (15342): DeviceLockedStatusModuleProvider$Module.updateDeviceLockedStatus():100 repeatCheckTimes = 1, locked = false
07-26 16:26:04.768 I/cnsc    ( 8600): onPause
07-26 16:26:04.779 I/cnlw    ( 8600): (REDACTED) onApplyWindowInsets: systemWindowInsets=%s
07-26 16:26:04.780 I/cnlw    ( 8600): (REDACTED) onApplyWindowInsets: systemWindowInsets=%s
07-26 16:26:04.870 V/ClearcutMetricXmitter( 8600): Transmission is done.
07-26 16:26:05.358 I/cnsc    ( 8600): onStop
07-26 16:26:06.314 I/GoogleInputMethodService(15342): GoogleInputMethodService.onFinishInput():1984 
07-26 16:26:06.315 I/Module  (15342): DeviceLockedStatusModuleProvider$Module.updateDeviceLockedStatus():100 repeatCheckTimes = 0, locked = false
07-26 16:26:06.446 I/NearbySharing( 7413): Screen is locked
07-26 16:26:06.446 I/NearbySharing( 7413): Stopping scanning because the screen is locked.
07-26 16:26:06.453 I/NearbySharing( 7413): Stopping Fast Init advertisement because Bluetooth is off.
07-26 16:26:06.453 I/NearbySharing( 7413): Stopping advertising because Bluetooth is disabled.
07-26 16:26:06.453 I/NearbySharing( 7413): Stopping FastInitiation scanning because the screen is locked.
07-26 16:26:06.457 I/NearbySharing( 7413): Fast Initiation Scanning has stopped
07-26 16:26:06.475 I/NearbySharing( 7413): Dismissing HUN as there's no device nearby.
07-26 16:26:06.485 D/BatteryStatsService( 1799): notePemString  noteWhich: 49,arg1: 1024, arg2: 1024, arg3: 4277, arg4: 9791, name: com.vivo.fingerprintui
07-26 16:26:06.499 D/BatteryStatsService( 1799): notePemString  noteWhich: 49,arg1: 1024, arg2: 1024, arg3: 4277, arg4: 9791, name: com.vivo.fingerprintui
07-26 16:26:06.589 D/BatteryStatsService( 1799): notePemString  noteWhich: 49,arg1: 1080, arg2: 2400, arg3: 3501, arg4: 672, name: com.android.systemui
07-26 16:26:06.590 D/BatteryStatsService( 1799): notePemString  noteWhich: 49,arg1: 1080, arg2: 2400, arg3: 3501, arg4: 322, name: com.android.systemui
07-26 16:26:06.591 D/BatteryStatsService( 1799): notePemString  noteWhich: 49,arg1: 1080, arg2: 2400, arg3: 3501, arg4: 326, name: com.android.systemui
07-26 16:26:06.596 I/ukf     (15939): Disconnecting from SysUi, flag disabled [IVR-C]
07-26 16:26:06.596 I/ukf     (15939): Disconnecting from SysUi, VM not enabled [IVR-C]
07-26 16:26:06.596 I/uka     (15939): No binding to unbind [IVR-C]
07-26 16:26:06.596 I/uka     (15939): Disconnected from SysUi [IVR-C]
07-26 16:26:06.597 I/xlo     (15939): (REDACTED) stopListening(%s, %s)
07-26 16:26:06.597 I/xlo     (15939): (REDACTED) stopListening(%s, %s)
07-26 16:26:06.605 D/BatteryStatsService( 1799): notePemString  noteWhich: 49,arg1: 1080, arg2: 2400, arg3: 3501, arg4: 672, name: com.android.systemui
07-26 16:26:06.608 D/BatteryStatsService( 1799): notePemString  noteWhich: 49,arg1: 1080, arg2: 2400, arg3: 3501, arg4: 322, name: com.android.systemui
07-26 16:26:06.611 D/BatteryStatsService( 1799): notePemString  noteWhich: 49,arg1: 1080, arg2: 2400, arg3: 3501, arg4: 672, name: com.android.systemui
07-26 16:26:06.683 W/droid.speedtest(10265): Suspending all threads took: 122.263ms
07-26 16:26:06.688 I/zjm     (15939): Ignoring as mutex already locked
07-26 16:26:06.718 I/biky    (15939): (REDACTED) #FCF: Managed profile check status : %s
07-26 16:26:06.724 I/bikw    (15939): (REDACTED) #FCF: Demo mode check status : %s
07-26 16:26:06.724 I/binq    (15939): (REDACTED) #FCF evaluate: %s
07-26 16:26:06.724 I/binq    (15939): (REDACTED) TngMaStatusChecker#evaluateInternal completed in %s millis
07-26 16:26:06.737 I/bplo    (15939): #getOobeStatus: OptedIn [CONTEXT ratelimit_period="10 SECONDS" ]
07-26 16:26:06.738 I/bine    (15939): Robin is eligible and opted-in
07-26 16:26:06.738 I/bine    (15939): (REDACTED) Headphone Integration status: %s
07-26 16:26:06.755 I/DeviceStatusMonitor(15342): DeviceStatusMonitor.handleBroadcast():123 onReceive() : Action = android.intent.action.SCREEN_OFF
07-26 16:26:06.756 I/DeviceStatusMonitor(15342): DeviceStatusMonitor.updateCountryInfo():139 updateCountryInfo(), notifyAnyway = false
07-26 16:26:06.756 I/InputBundle(15342): InputBundle.consumeEvent():943 Skip consuming an event as imeStatus is 0
07-26 16:26:06.757 I/Module  (15342): DeviceLockedStatusModuleProvider$Module.updateDeviceLockedStatus():100 repeatCheckTimes = 0, locked = false
07-26 16:26:06.835 I/ActivityScheduler( 7413): nextTriggerTime: 1689239143, in -21460ms, detectorType: 39, FULL_TYPE alarmWindowMillis: 22500
07-26 16:26:06.859 I/BatchScanningManager( 7413): (REDACTED) Starting batch scanner in %d seconds.
07-26 16:26:06.880 I/NetworkScheduler( 7413): (REDACTED) Error inserting %s
07-26 16:26:07.161 W/inkedin.android(25300): Reducing the number of considered missed Gc histogram windows from 125 to 100
07-26 16:26:07.985 I/ActivityScheduler( 7413): nextTriggerTime: 1689441753, in 180000ms, detectorType: 39, FULL_TYPE alarmWindowMillis: 22500
07-26 16:26:08.912 E/FbnsAIDLClientManager(11905): Max Try reached for binding to FbnsAIDLService, threadId 41638
07-26 16:26:08.924 E/FbnsAIDLClientManager(11905): Fbns AIDL request got RemoteException
07-26 16:26:08.924 E/FbnsAIDLClientManager(11905): android.os.RemoteException: AIDLService is not bound
07-26 16:26:08.924 E/FbnsAIDLClientManager(11905): 	at X.5oL.A00(:21)
07-26 16:26:08.924 E/FbnsAIDLClientManager(11905): 	at X.BQb.call(:302)
07-26 16:26:08.924 E/FbnsAIDLClientManager(11905): 	at java.util.concurrent.FutureTask.run(FutureTask.java:317)
07-26 16:26:08.924 E/FbnsAIDLClientManager(11905): 	at java.util.concurrent.ThreadPoolExecutor.runWorker(ThreadPoolExecutor.java:1156)
07-26 16:26:08.924 E/FbnsAIDLClientManager(11905): 	at java.util.concurrent.ThreadPoolExecutor$Worker.run(ThreadPoolExecutor.java:651)
07-26 16:26:08.924 E/FbnsAIDLClientManager(11905): 	at java.lang.Thread.run(Thread.java:1119)
07-26 16:26:16.855 I/NearbyPresence(26549): (REDACTED) %s verified [==] new request %s equals to the old request
07-26 16:26:16.857 I/NearbyPresence( 7413): (REDACTED) %s verified [==] new request %s equals to the old request
07-26 16:26:17.427 D/BoundBrokerSvc(29916): onUnbind: Intent { act=com.google.android.gms.pay.service.BIND dat=chimera-action:/... cmp=com.google.android.gms/.chimera.GmsApiService }
07-26 16:26:17.448 D/BoundBrokerSvc(29916): onUnbind: Intent { act=com.google.android.gms.auth.cryptauth.cryptauthservice.START dat=chimera-action:/... cmp=com.google.android.gms/.chimera.GmsBoundBrokerService }
07-26 16:26:17.456 D/BoundBrokerSvc(26549): onUnbind: Intent { act=com.google.android.gms.auth.aang.events.services.START dat=chimera-action:/... cmp=com.google.android.gms/.chimera.PersistentApiService }
07-26 16:26:18.764 I/Authzen (29916): [DeviceStateSyncManager] The server is in sync with current state. Nothing to do
07-26 16:26:18.771 I/Authzen ( 7511): [DeviceStateSyncManager] The server is in sync with current state. Nothing to do
07-26 16:26:20.385 D/BoundBrokerSvc( 7511): onUnbind: Intent { act=com.google.android.gms.inappreach.service.START dat=chimera-action:/... cmp=com.google.android.gms/.chimera.GmsApiService }
07-26 16:26:20.670 W/DirectSQLiteDiskIO(11905): maybeRetrieveInboxFromDiskSync isAtAppStart: false, trigger: HandleSendNextMutation-null, isSQLiteFailed: false, isMinimalLoadComplete: true
07-26 16:26:29.157 D/WM-SystemJobScheduler(11401): Scheduling work ID 14457886-40a6-425d-b08d-8760905cbca0Job ID 16986
07-26 16:26:29.175 D/WM-GreedyScheduler(11401): Ignoring {WorkSpec: 2dc7fd46-56da-44b7-be4e-1a0cf272c72c}. Requires device idle.
07-26 16:26:29.175 D/WM-GreedyScheduler(11401): Ignoring {WorkSpec: 8269b9e2-5228-42e9-b73d-f0b97511271f}. Requires device idle.
07-26 16:26:29.176 D/WM-GreedyScheduler(11401): Starting tracking for 14457886-40a6-425d-b08d-8760905cbca0
07-26 16:26:29.179 D/WM-SystemJobService(11401): onStartJob for WorkGenerationalId(workSpecId=14457886-40a6-425d-b08d-8760905cbca0, generation=0)
07-26 16:26:29.180 D/WM-ConstraintTracker(11401): NetworkStateTracker24: initial state = NetworkState(isConnected=true, isValidated=true, isMetered=false, isNotRoaming=true)
07-26 16:26:29.181 D/WM-NetworkStateTracker(11401): Registering network callback
07-26 16:26:29.183 D/WM-Processor(11401): Processor: processing WorkGenerationalId(workSpecId=14457886-40a6-425d-b08d-8760905cbca0, generation=0)
07-26 16:26:29.187 D/WM-WorkerWrapper(11401): Starting work for slack.telemetry.internal.FlushTelemetryEventsWork
07-26 16:26:29.188 D/WM-GreedyScheduler(11401): Constraints met: Scheduling work ID WorkGenerationalId(workSpecId=14457886-40a6-425d-b08d-8760905cbca0, generation=0)
07-26 16:26:29.189 D/WM-Processor(11401): Work WorkGenerationalId(workSpecId=14457886-40a6-425d-b08d-8760905cbca0, generation=0) is already enqueued for processing
07-26 16:26:29.198 D/WM-NetworkStateTracker(11401): Network capabilities changed: [ Transports: WIFI Capabilities: NOT_METERED&INTERNET&NOT_RESTRICTED&TRUSTED&NOT_VPN&VALIDATED&NOT_ROAMING&FOREGROUND&NOT_CONGESTED&NOT_SUSPENDED&NOT_VCN_MANAGED LinkUpBandwidth>=27876Kbps LinkDnBandwidth>=33974Kbps TransportInfo: <SSID: <unknown ssid>, BSSID: 02:**:**:**:00:00, MAC: 02:**:**:**:00:00, Security type: 2, Supplicant state: COMPLETED, Wi-Fi standard: 4, RSSI: -66, Link speed: 144Mbps, Tx Link speed: 78Mbps, Max Supported Tx Link speed: 300Mbps, Rx Link speed: 78Mbps, Max Supported Rx Link speed: 300Mbps, Frequency: 2462MHz, Net ID: -1, Metered hint: false, score: 60, isUsable: true, CarrierMerged: false, SubscriptionId: -1, IsPrimary: -1, Trusted: true, Restricted: false, Ephemeral: false, OEM paid: false, OEM private: false, OSU AP: false, FQDN: <none>, Provider friendly name: <none>, Requesting package name: <none><none>MLO Information: , Is TID-To-Link negotiation supported by the AP: false, AP MLD Address: <none>, AP MLO Link Id: <none>, AP MLO Affiliated links: <none>> SignalStrength: -66 UnderlyingNetworks: Null]
07-26 16:26:29.203 I/WM-WorkerWrapper(11401): Worker result SUCCESS for Work [ id=14457886-40a6-425d-b08d-8760905cbca0, tags={ slack.telemetry.internal.FlushTelemetryEventsWork,app_scope,cancel_on_logout } ]
07-26 16:26:29.203 D/WM-Processor(11401): Processor 14457886-40a6-425d-b08d-8760905cbca0 executed; reschedule = false
07-26 16:26:29.203 D/WM-GreedyScheduler(11401): Stopping tracking for WorkGenerationalId(workSpecId=14457886-40a6-425d-b08d-8760905cbca0, generation=0)
07-26 16:26:29.204 D/WM-SystemJobService(11401): 14457886-40a6-425d-b08d-8760905cbca0 executed on JobScheduler
07-26 16:26:29.208 D/WM-GreedyScheduler(11401): Cancelling work ID 14457886-40a6-425d-b08d-8760905cbca0
07-26 16:26:29.210 D/WM-GreedyScheduler(11401): Ignoring {WorkSpec: 2dc7fd46-56da-44b7-be4e-1a0cf272c72c}. Requires device idle.
07-26 16:26:29.210 D/WM-GreedyScheduler(11401): Ignoring {WorkSpec: 8269b9e2-5228-42e9-b73d-f0b97511271f}. Requires device idle.
