07-26 16:32:49.104 I/dolt    ( 8600): (REDACTED) Writing data for these Geller corpora: %s
07-26 16:32:49.105 I/dolt    ( 8600): (REDACTED) Writing metadata key: %s, corpus: %s
07-26 16:32:49.107 I/dolt    ( 8600): (REDACTED) Writing metadata key: %s, corpus: %s
07-26 16:32:49.108 I/fgjv    ( 8600): Successfully scheduled next periodic workers
07-26 16:32:49.110 I/dolt    ( 8600): (REDACTED) Writing metadata key: %s, corpus: %s
07-26 16:32:49.146 I/fgiz    ( 8600): #sync() complete
07-26 16:32:49.160 I/dolt    ( 8600): (REDACTED) Writing data for these Geller corpora: %s
07-26 16:32:49.164 I/dolt    ( 8600): (REDACTED) Writing metadata key: %s, corpus: %s
07-26 16:32:49.167 I/dolt    ( 8600): (REDACTED) Writing metadata key: %s, corpus: %s
07-26 16:32:49.178 I/dolt    ( 8600): (REDACTED) Writing metadata key: %s, corpus: %s
07-26 16:32:49.183 I/dolt    ( 8600): (REDACTED) Writing data for these Geller corpora: %s
07-26 16:32:49.218 E/eqyc    ( 8600): (REDACTED) WorkManager failure in operation: %s, worker tag: %s
07-26 16:32:49.218 E/eqyc    ( 8600): java.util.concurrent.ExecutionException: ffge: Account was no longer valid when task executed.
07-26 16:32:49.218 E/eqyc    ( 8600): 	at fqud.j(PG:21)
07-26 16:32:49.218 E/eqyc    ( 8600): 	at fque.t(PG:23)
07-26 16:32:49.218 E/eqyc    ( 8600): 	at fqud.get(PG:1)
07-26 16:32:49.218 E/eqyc    ( 8600): 	at a.dd(PG:2)
07-26 16:32:49.218 E/eqyc    ( 8600): 	at fqym.z(PG:10)
07-26 16:32:49.218 E/eqyc    ( 8600): 	at eqxz.a(PG:11)
07-26 16:32:49.218 E/eqyc    ( 8600): 	at ffbz.a(PG:3)
07-26 16:32:49.218 E/eqyc    ( 8600): 	at fqyi.a(PG:3)
07-26 16:32:49.218 E/eqyc    ( 8600): 	at fqxl.run(PG:19)
07-26 16:32:49.218 E/eqyc    ( 8600): 	at fqyk.run(PG:5)
07-26 16:32:49.218 E/eqyc    ( 8600): 	at dlvo.run(PG:5)
07-26 16:32:49.218 E/eqyc    ( 8600): 	at fpln.run(PG:44)
07-26 16:32:49.218 E/eqyc    ( 8600): 	at dlvf.run(PG:42)
07-26 16:32:49.218 E/eqyc    ( 8600): 	at java.lang.Thread.run(Thread.java:1119)
07-26 16:32:49.218 E/eqyc    ( 8600): 	at dlwr.run(PG:62)
07-26 16:32:49.218 E/eqyc    ( 8600): Caused by: ffge: Account was no longer valid when task executed.
07-26 16:32:49.218 E/eqyc    ( 8600): 	at ffgp.apply(PG:5)
07-26 16:32:49.218 E/eqyc    ( 8600): 	at fgqj.apply(PG:13)
07-26 16:32:49.218 E/eqyc    ( 8600): 	at fqua.e(PG:3)
07-26 16:32:49.218 E/eqyc    ( 8600): 	at fquc.run(PG:130)
07-26 16:32:49.218 E/eqyc    ( 8600): 	... 5 more
07-26 16:32:49.218 E/eqyc    ( 8600): Caused by: feri: fenk: ednf: Selected account doesn't match the primary search account
07-26 16:32:49.218 E/eqyc    ( 8600): 	at fenv.apply(PG:5)
07-26 16:32:49.218 E/eqyc    ( 8600): 	at fgqn.apply(PG:13)
07-26 16:32:49.218 E/eqyc    ( 8600): 	at fqub.e(PG:3)
07-26 16:32:49.218 E/eqyc    ( 8600): 	at fquc.run(PG:130)
07-26 16:32:49.218 E/eqyc    ( 8600): 	at fqvz.execute(PG:1)
07-26 16:32:49.218 E/eqyc    ( 8600): 	at fqud.f(PG:1)
07-26 16:32:49.218 E/eqyc    ( 8600): 	at fqud.m(PG:95)
07-26 16:32:49.218 E/eqyc    ( 8600): 	at fqud.q(PG:19)
07-26 16:32:49.218 E/eqyc    ( 8600): 	at fquk.run(PG:77)
07-26 16:32:49.218 E/eqyc    ( 8600): 	at fqvz.execute(PG:1)
07-26 16:32:49.218 E/eqyc    ( 8600): 	at fqud.f(PG:1)
07-26 16:32:49.218 E/eqyc    ( 8600): 	at fqud.m(PG:95)
07-26 16:32:49.218 E/eqyc    ( 8600): 	at fqud.q(PG:19)
07-26 16:32:49.218 E/eqyc    ( 8600): 	at fquk.run(PG:77)
07-26 16:32:49.218 E/eqyc    ( 8600): 	at fqvz.execute(PG:1)
07-26 16:32:49.218 E/eqyc    ( 8600): 	at fqud.f(PG:1)
07-26 16:32:49.218 E/eqyc    ( 8600): 	at fqud.m(PG:95)
07-26 16:32:49.218 E/eqyc    ( 8600): 	at fqud.r(PG:29)
07-26 16:32:49.218 E/eqyc    ( 8600): 	at fquc.run(PG:160)
07-26 16:32:49.218 E/eqyc    ( 8600): 	... 5 more
07-26 16:32:49.218 E/eqyc    ( 8600): Caused by: fenk: ednf: Selected account doesn't match the primary search account
07-26 16:32:49.218 E/eqyc    ( 8600): 	at ednu.apply(PG:25)
07-26 16:32:49.218 E/eqyc    ( 8600): 	at fgqn.apply(PG:13)
07-26 16:32:49.218 E/eqyc    ( 8600): 	at fquj.e(PG:3)
07-26 16:32:49.218 E/eqyc    ( 8600): 	at fquk.run(PG:38)
07-26 16:32:49.218 E/eqyc    ( 8600): 	... 5 more
07-26 16:32:49.218 E/eqyc    ( 8600): Caused by: ednf: Selected account doesn't match the primary search account
07-26 16:32:49.218 E/eqyc    ( 8600): 	at ednu.apply(PG:22)
07-26 16:32:49.218 E/eqyc    ( 8600): 	... 8 more
07-26 16:32:49.221 I/WM-WorkerWrapper( 8600): Worker result SUCCESS for Work [ id=713d3cd2-742b-4556-9bd8-aac2da4f4c81, tags={ com.google.apps.tiktok.contrib.work.TikTokListenableWorker,com.google.apps.tiktok.sync.impl.workmanager.SyncPeriodicWorker_proc<search>,TikTokWorker#com.google.apps.tiktok.sync.impl.workmanager.SyncPeriodicWorker } ]
07-26 16:32:49.222 I/dolt    ( 8600): (REDACTED) Writing metadata key: %s, corpus: %s
07-26 16:32:49.224 I/dolt    ( 8600): (REDACTED) Writing metadata key: %s, corpus: %s
07-26 16:32:49.225 I/dolt    ( 8600): (REDACTED) Writing metadata key: %s, corpus: %s
07-26 16:32:49.227 E/ffbk    ( 8600): (REDACTED) Future Monitor failed
07-26 16:32:49.227 E/ffbk    ( 8600): java.lang.IllegalArgumentException
07-26 16:32:49.227 E/ffbk    ( 8600): 	at a.aX(PG:6)
07-26 16:32:49.227 E/ffbk    ( 8600): 	at ffgv.h(PG:13)
07-26 16:32:49.227 E/ffbk    ( 8600): 	at ffgf.apply(PG:12)
07-26 16:32:49.227 E/ffbk    ( 8600): 	at fquj.e(PG:3)
07-26 16:32:49.227 E/ffbk    ( 8600): 	at fquk.run(PG:38)
07-26 16:32:49.227 E/ffbk    ( 8600): 	at dlvo.run(PG:5)
07-26 16:32:49.227 E/ffbk    ( 8600): 	at fpln.run(PG:44)
07-26 16:32:49.227 E/ffbk    ( 8600): 	at dlvf.run(PG:42)
07-26 16:32:49.227 E/ffbk    ( 8600): 	at java.lang.Thread.run(Thread.java:1119)
07-26 16:32:49.227 E/ffbk    ( 8600): 	at dlwr.run(PG:62)
07-26 16:32:49.228 W/ffgs    ( 8600): Account Worker did not pass Account requirements and will be skipped.
07-26 16:32:49.228 W/ffgs    ( 8600): ffge: Account was no longer valid when task executed.
07-26 16:32:49.228 W/ffgs    ( 8600): 	at ffgp.apply(PG:5)
07-26 16:32:49.228 W/ffgs    ( 8600): 	at fgqj.apply(PG:13)
07-26 16:32:49.228 W/ffgs    ( 8600): 	at fqua.e(PG:3)
07-26 16:32:49.228 W/ffgs    ( 8600): 	at fquc.run(PG:130)
07-26 16:32:49.228 W/ffgs    ( 8600): 	at dlvo.run(PG:5)
07-26 16:32:49.228 W/ffgs    ( 8600): 	at fpln.run(PG:44)
07-26 16:32:49.228 W/ffgs    ( 8600): 	at dlvf.run(PG:42)
07-26 16:32:49.228 W/ffgs    ( 8600): 	at java.lang.Thread.run(Thread.java:1119)
07-26 16:32:49.228 W/ffgs    ( 8600): 	at dlwr.run(PG:62)
07-26 16:32:49.228 W/ffgs    ( 8600): Caused by: feri: fenk: ednf: Selected account doesn't match the primary search account
07-26 16:32:49.228 W/ffgs    ( 8600): 	at fenv.apply(PG:5)
07-26 16:32:49.228 W/ffgs    ( 8600): 	at fgqn.apply(PG:13)
07-26 16:32:49.228 W/ffgs    ( 8600): 	at fqub.e(PG:3)
07-26 16:32:49.228 W/ffgs    ( 8600): 	at fquc.run(PG:130)
07-26 16:32:49.228 W/ffgs    ( 8600): 	at fqvz.execute(PG:1)
07-26 16:32:49.228 W/ffgs    ( 8600): 	at fqud.f(PG:1)
07-26 16:32:49.228 W/ffgs    ( 8600): 	at fqud.m(PG:95)
07-26 16:32:49.228 W/ffgs    ( 8600): 	at fqud.q(PG:19)
07-26 16:32:49.228 W/ffgs    ( 8600): 	at fquk.run(PG:77)
07-26 16:32:49.228 W/ffgs    ( 8600): 	at fqvz.execute(PG:1)
07-26 16:32:49.228 W/ffgs    ( 8600): 	at fqud.f(PG:1)
07-26 16:32:49.228 W/ffgs    ( 8600): 	at fqud.m(PG:95)
07-26 16:32:49.228 W/ffgs    ( 8600): 	at fqud.q(PG:19)
07-26 16:32:49.228 W/ffgs    ( 8600): 	at fquk.run(PG:77)
07-26 16:32:49.228 W/ffgs    ( 8600): 	at fqvz.execute(PG:1)
07-26 16:32:49.228 W/ffgs    ( 8600): 	at fqud.f(PG:1)
07-26 16:32:49.228 W/ffgs    ( 8600): 	at fqud.m(PG:95)
07-26 16:32:49.228 W/ffgs    ( 8600): 	at fqud.r(PG:29)
07-26 16:32:49.228 W/ffgs    ( 8600): 	at fquc.run(PG:160)
07-26 16:32:49.228 W/ffgs    ( 8600): 	... 5 more
07-26 16:32:49.228 W/ffgs    ( 8600): Caused by: fenk: ednf: Selected account doesn't match the primary search account
07-26 16:32:49.228 W/ffgs    ( 8600): 	at ednu.apply(PG:25)
07-26 16:32:49.228 W/ffgs    ( 8600): 	at fgqn.apply(PG:13)
07-26 16:32:49.228 W/ffgs    ( 8600): 	at fquj.e(PG:3)
07-26 16:32:49.228 W/ffgs    ( 8600): 	at fquk.run(PG:38)
07-26 16:32:49.228 W/ffgs    ( 8600): 	... 5 more
07-26 16:32:49.228 W/ffgs    ( 8600): Caused by: ednf: Selected account doesn't match the primary search account
07-26 16:32:49.228 W/ffgs    ( 8600): 	at ednu.apply(PG:22)
07-26 16:32:49.228 W/ffgs    ( 8600): 	... 8 more
07-26 16:32:49.229 I/dolt    ( 8600): (REDACTED) Writing metadata key: %s, corpus: %s
07-26 16:32:49.233 I/dolt    ( 8600): (REDACTED) Writing metadata key: %s, corpus: %s
07-26 16:32:49.235 I/WM-WorkerWrapper( 8600): Worker result FAILURE for Work [ id=d19e0986-dc5b-4302-b85a-8d31cd30c09f, tags={ com.google.apps.tiktok.contrib.work.TikTokListenableWorker,TikTokWorker#com.google.android.apps.search.googleapp.discover.sync.FeedSync,tiktok_account_work,account_id_4 } ]
07-26 16:32:49.236 I/dolt    ( 8600): (REDACTED) Writing metadata key: %s, corpus: %s
07-26 16:32:49.238 I/dolt    ( 8600): (REDACTED) Writing data for these Geller corpora: %s
07-26 16:32:49.242 I/dolt    ( 8600): (REDACTED) Writing data for these Geller corpora: %s
07-26 16:32:49.244 I/dolt    ( 8600): (REDACTED) Writing metadata key: %s, corpus: %s
07-26 16:32:49.244 I/dolt    ( 8600): (REDACTED) Writing metadata key: %s, corpus: %s
07-26 16:32:49.252 I/dolt    ( 8600): (REDACTED) Writing data for these Geller corpora: %s
07-26 16:32:49.253 I/dolt    ( 8600): (REDACTED) Writing metadata key: %s, corpus: %s
07-26 16:32:49.253 I/dolt    ( 8600): (REDACTED) Writing metadata key: %s, corpus: %s
07-26 16:32:49.253 I/dolt    ( 8600): (REDACTED) Writing metadata key: %s, corpus: %s
07-26 16:32:49.262 I/dolt    ( 8600): (REDACTED) Writing data for these Geller corpora: %s
07-26 16:32:49.262 I/dolt    ( 8600): (REDACTED) Writing metadata key: %s, corpus: %s
07-26 16:32:49.264 I/dolt    ( 8600): (REDACTED) Writing data for these Geller corpora: %s
07-26 16:32:49.265 W/LibraryVersion(14281): Failed to get app version for libraryName: optional-module-face
07-26 16:32:49.266 I/dolt    ( 8600): (REDACTED) Writing metadata key: %s, corpus: %s
07-26 16:32:49.319 W/Vision  (14281): Would have logged:
07-26 16:32:49.319 W/Vision  (14281): # m73.aoz@f463453a
07-26 16:32:49.331 I/native  (14281): I0000 00:00:1753527769.331399   17676 face_detector_v2_jni.cc:34] Loading models/fssd_100_8bit_v1.tflite
07-26 16:32:49.352 I/native  (14281): I0000 00:00:1753527769.352904   17676 face_detector_v2_jni.cc:34] Loading models/fssd_100_8bit_gray_v1.tflite
07-26 16:32:49.382 I/native  (14281): I0000 00:00:1753527769.382086   17676 face_detector_v2_jni.cc:34] Loading models/LMprec_600.emd
07-26 16:32:49.399 I/native  (14281): I0000 00:00:1753527769.399924   17676 face_detector_v2_jni.cc:34] Loading models/BCLlefteyeclosed_200.emd
07-26 16:32:49.400 I/native  (14281): I0000 00:00:1753527769.400523   17676 face_detector_v2_jni.cc:34] Loading models/BCLrighteyeclosed_200.emd
07-26 16:32:49.400 I/native  (14281): I0000 00:00:1753527769.400850   17676 face_detector_v2_jni.cc:34] Loading models/BCLjoy_200.emd
07-26 16:32:49.401 I/native  (14281): I0000 00:00:1753527769.401669   17676 face_detector_v2_jni.cc:34] Loading models/MFT_fssd_accgray.pb
07-26 16:32:49.401 I/native  (14281): I0000 00:00:1753527769.401844   17676 face_detector_v2_jni.cc:34] Loading models/contours.tfl
07-26 16:32:49.408 I/native  (14281): I0000 00:00:1753527769.408073   17676 face_detector_v2_jni.cc:34] Loading models/blazeface.tfl
07-26 16:32:49.447 I/tflite  (14281): Initialized TensorFlow Lite runtime.
07-26 16:32:49.464 I/tflite  (14281): Created TensorFlow Lite XNNPACK delegate for CPU.
07-26 16:32:49.466 I/tflite  (14281): Replacing 120 out of 120 node(s) with delegate (TfLiteXNNPackDelegate) node, yielding 1 partitions for subgraph 0.
07-26 16:32:49.586 I/tflite  (14281): Replacing 120 out of 120 node(s) with delegate (TfLiteXNNPackDelegate) node, yielding 1 partitions for subgraph 0.
07-26 16:32:49.642 W/CCTFlatFileLogStore( 7413): Excessive logging: 16 events, 114340 bytes from log source STREAMZ_GELLER_LIBRARY last 4s
07-26 16:32:49.812 I/fsjl    (15939): (REDACTED) Created gRPC endpoint for service %s
07-26 16:32:49.835 I/azhx    (15939): (REDACTED) OnChange called on field %s
07-26 16:32:49.836 I/azhx    (15939): (REDACTED) OnChange called on field %s
07-26 16:32:49.910 W/Vision  (14281): Would have logged:
07-26 16:32:49.910 W/Vision  (14281): # m73.aoz@1a774801
07-26 16:32:49.945 I/fetb    (15939): (REDACTED) GMSCore Auth returned %d accounts.
07-26 16:32:49.945 I/fetb    (15939): (REDACTED) GoogleOwnersProvider returned %d accounts.
07-26 16:32:49.956 I/evxf    (15939): (REDACTED) appOpsListener %s %s
07-26 16:32:49.956 I/evxf    (15939): (REDACTED) Ignoring irrelevant audio permission changes for package %s
07-26 16:32:49.957 I/azhx    (15939): (REDACTED) OnChange called on field %s
07-26 16:32:50.055 W/ratelimit( 8600): Single process limit 50/s drop 241 lines.
07-26 16:32:50.055 I/dolt    ( 8600): (REDACTED) Writing metadata key: %s, corpus: %s
07-26 16:32:50.063 I/dolt    ( 8600): (REDACTED) Writing metadata key: %s, corpus: %s
07-26 16:32:50.064 I/dolt    ( 8600): (REDACTED) Writing metadata key: %s, corpus: %s
07-26 16:32:50.065 I/dolt    ( 8600): (REDACTED) Writing metadata key: %s, corpus: %s
07-26 16:32:50.066 I/dolt    ( 8600): (REDACTED) Writing metadata key: %s, corpus: %s
07-26 16:32:50.069 I/azoz    ( 8600): PR status onSyncCompleted called in TNG
07-26 16:32:50.069 I/pti     ( 8600): PR status onSyncCompleted called
07-26 16:32:50.071 I/azhx    (15939): (REDACTED) OnChange called on field %s
07-26 16:32:50.078 I/awfu    ( 8600): Geller-AiAi egress is not enabled
07-26 16:32:50.080 E/ffbk    ( 8600): (REDACTED) Failed to share %s data to AiAi.
07-26 16:32:50.080 E/ffbk    ( 8600): dogo: Geller AiAi data share is not enabled
07-26 16:32:50.080 E/ffbk    ( 8600): 	at awfu.c(PG:28)
07-26 16:32:50.080 E/ffbk    ( 8600): 	at awfu.b(PG:1)
07-26 16:32:50.080 E/ffbk    ( 8600): 	at awfz.a(PG:29)
07-26 16:32:50.080 E/ffbk    ( 8600): 	at fgqi.a(PG:13)
07-26 16:32:50.080 E/ffbk    ( 8600): 	at fqvv.a(PG:3)
07-26 16:32:50.080 E/ffbk    ( 8600): 	at fqxl.run(PG:19)
07-26 16:32:50.080 E/ffbk    ( 8600): 	at dlvo.run(PG:5)
07-26 16:32:50.080 E/ffbk    ( 8600): 	at fpln.run(PG:44)
07-26 16:32:50.080 E/ffbk    ( 8600): 	at dlvf.run(PG:42)
07-26 16:32:50.080 E/ffbk    ( 8600): 	at java.lang.Thread.run(Thread.java:1119)
07-26 16:32:50.080 E/ffbk    ( 8600): 	at dlwr.run(PG:62)
07-26 16:32:50.084 I/azoz    ( 8600): (REDACTED) PR status onSyncCompleted updated in TNG to %s
07-26 16:32:50.085 I/pti     ( 8600): (REDACTED) PR status onSyncCompleted updated to %s
07-26 16:32:50.086 I/azoz    ( 8600): PR status onSyncCompleted called in TNG
07-26 16:32:50.087 I/pti     ( 8600): PR status onSyncCompleted called
07-26 16:32:50.087 I/doiq    ( 8600): (REDACTED) Starting batch sync for corpora: %s
07-26 16:32:50.091 I/azhx    (15939): (REDACTED) OnChange called on field %s
07-26 16:32:50.094 I/dolt    ( 8600): (REDACTED) Writing data for these Geller corpora: %s
07-26 16:32:50.095 I/dolt    ( 8600): (REDACTED) Writing metadata key: %s, corpus: %s
07-26 16:32:50.095 I/dolt    ( 8600): (REDACTED) Writing metadata key: %s, corpus: %s
07-26 16:32:50.096 I/dolt    ( 8600): (REDACTED) Writing metadata key: %s, corpus: %s
07-26 16:32:50.104 I/azoz    ( 8600): (REDACTED) PR status onSyncCompleted updated in TNG to %s
07-26 16:32:50.109 I/pti     ( 8600): (REDACTED) PR status onSyncCompleted updated to %s
07-26 16:32:50.131 I/dolt    ( 8600): (REDACTED) Writing data for these Geller corpora: %s
07-26 16:32:50.137 I/aleu    ( 8600): NGA enabled in interactor.
07-26 16:32:50.137 I/dolt    ( 8600): (REDACTED) Writing metadata key: %s, corpus: %s
07-26 16:32:50.139 I/dolt    ( 8600): (REDACTED) Writing data for these Geller corpora: %s
07-26 16:32:50.143 I/dolt    ( 8600): (REDACTED) Writing metadata key: %s, corpus: %s
07-26 16:32:50.145 I/dolt    ( 8600): (REDACTED) Writing metadata key: %s, corpus: %s
07-26 16:32:50.159 I/aleu    ( 8600): NGA enabled in interactor.
07-26 16:32:50.188 I/dolt    ( 8600): The GellerConfig is not present, returning null.
07-26 16:32:50.188 I/dolt    ( 8600): (REDACTED) The GellerConfig is not present, defaulting isUploadEnabled for corpus %s to true.
07-26 16:32:50.213 I/doiq    ( 8600): (REDACTED) There are %d elements to be updated on the server for corpus %s and with the reason %s.
07-26 16:32:50.213 I/doiq    ( 8600): (REDACTED) There are %d elements to delete from the server for corpus %s and with the reason %s.
07-26 16:32:50.215 I/doiq    ( 8600): (REDACTED) No previous syncToken for corpus %s found.
07-26 16:32:50.241 I/earchbox:search( 8600): Background young concurrent copying GC freed 5328KB AllocSpace bytes, 11(1184KB) LOS objects, 4% free, 44MB/46MB, paused 902us,453us total 170.060ms
07-26 16:32:50.269 I/doiq    ( 8600): (REDACTED) The syncToken for corpus %s is %s and the syncRequestReason is %s
07-26 16:32:50.270 I/doiq    ( 8600): (REDACTED) The syncToken for corpus %s is %s and the syncRequestReason is %s
07-26 16:32:50.275 I/dolt    ( 8600): (REDACTED) Writing metadata key: %s, corpus: %s
07-26 16:32:50.276 I/doiq    ( 8600): (REDACTED) The syncToken for corpus %s is %s and the syncRequestReason is %s
07-26 16:32:50.276 I/dolt    ( 8600): (REDACTED) Writing metadata key: %s, corpus: %s
07-26 16:32:50.282 I/dolt    ( 8600): (REDACTED) Writing metadata key: %s, corpus: %s
07-26 16:32:50.282 I/dolt    ( 8600): (REDACTED) Writing metadata key: %s, corpus: %s
07-26 16:32:50.283 I/doiq    ( 8600): (REDACTED) Starting batch sync for corpora: %s
07-26 16:32:50.284 I/dolt    ( 8600): (REDACTED) Writing metadata key: %s, corpus: %s
07-26 16:32:50.285 I/dolt    ( 8600): (REDACTED) Writing metadata key: %s, corpus: %s
07-26 16:32:50.290 I/dolt    ( 8600): (REDACTED) Writing metadata key: %s, corpus: %s
07-26 16:32:50.290 I/dolt    ( 8600): (REDACTED) Writing metadata key: %s, corpus: %s
07-26 16:32:50.291 I/dolt    ( 8600): (REDACTED) Writing metadata key: %s, corpus: %s
07-26 16:32:50.292 I/dolt    ( 8600): (REDACTED) Writing metadata key: %s, corpus: %s
07-26 16:32:50.292 I/dolt    ( 8600): (REDACTED) Writing metadata key: %s, corpus: %s
07-26 16:32:50.293 I/dolt    ( 8600): (REDACTED) Writing metadata key: %s, corpus: %s
07-26 16:32:50.297 I/fgiz    ( 8600): Scheduling next wakeup
07-26 16:32:50.807 W/Vision  (14281): Would have logged:
07-26 16:32:50.807 W/Vision  (14281): # m73.aoz@53b5bb68
07-26 16:32:50.807 I/native  (14281): I0000 00:00:1753527770.807317   17701 face_detector_v2_jni.cc:34] Loading models/fssd_100_8bit_v1.tflite
07-26 16:32:50.813 I/native  (14281): I0000 00:00:1753527770.813323   17701 face_detector_v2_jni.cc:34] Loading models/fssd_100_8bit_gray_v1.tflite
07-26 16:32:50.818 I/native  (14281): I0000 00:00:1753527770.818836   17701 face_detector_v2_jni.cc:34] Loading models/LMprec_600.emd
07-26 16:32:50.832 I/native  (14281): I0000 00:00:1753527770.832710   17701 face_detector_v2_jni.cc:34] Loading models/BCLlefteyeclosed_200.emd
07-26 16:32:50.833 I/native  (14281): I0000 00:00:1753527770.833099   17701 face_detector_v2_jni.cc:34] Loading models/BCLrighteyeclosed_200.emd
07-26 16:32:50.833 I/native  (14281): I0000 00:00:1753527770.833412   17701 face_detector_v2_jni.cc:34] Loading models/BCLjoy_200.emd
07-26 16:32:50.833 I/native  (14281): I0000 00:00:1753527770.833786   17701 face_detector_v2_jni.cc:34] Loading models/MFT_fssd_accgray.pb
07-26 16:32:50.833 I/native  (14281): I0000 00:00:1753527770.833963   17701 face_detector_v2_jni.cc:34] Loading models/contours.tfl
07-26 16:32:50.835 I/native  (14281): I0000 00:00:1753527770.835950   17701 face_detector_v2_jni.cc:34] Loading models/blazeface.tfl
07-26 16:32:50.915 I/tflite  (14281): Replacing 120 out of 120 node(s) with delegate (TfLiteXNNPackDelegate) node, yielding 1 partitions for subgraph 0.
07-26 16:32:50.988 I/evxf    (15939): (REDACTED) appOpsListener %s %s
07-26 16:32:50.988 I/evxf    (15939): (REDACTED) Ignoring irrelevant audio permission changes for package %s
07-26 16:32:51.060 I/tflite  (14281): Replacing 120 out of 120 node(s) with delegate (TfLiteXNNPackDelegate) node, yielding 1 partitions for subgraph 0.
07-26 16:32:51.216 W/ratelimit( 8600): Single process limit 50/s drop 80 lines.
07-26 16:32:51.216 I/dolt    ( 8600): (REDACTED) Writing metadata key: %s, corpus: %s
07-26 16:32:51.217 I/dolt    ( 8600): (REDACTED) Writing metadata key: %s, corpus: %s
07-26 16:32:51.220 I/doiq    ( 8600): (REDACTED) Starting batch sync for corpora: %s
07-26 16:32:51.226 I/doiq    ( 8600): (REDACTED) The syncToken for corpus %s is %s and the syncRequestReason is %s
07-26 16:32:51.289 I/dolt    ( 8600): (REDACTED) Writing metadata key: %s, corpus: %s
07-26 16:32:51.291 I/dolt    ( 8600): (REDACTED) Writing metadata key: %s, corpus: %s
07-26 16:32:51.296 I/doiq    ( 8600): (REDACTED) Starting batch sync for corpora: %s
07-26 16:32:51.300 I/dolt    ( 8600): (REDACTED) Writing metadata key: %s, corpus: %s
07-26 16:32:51.300 I/dolt    ( 8600): (REDACTED) Writing metadata key: %s, corpus: %s
07-26 16:32:51.307 I/doiq    ( 8600): (REDACTED) The syncToken for corpus %s is %s and the syncRequestReason is %s
07-26 16:32:51.309 I/doiq    ( 8600): (REDACTED) Starting batch sync for corpora: %s
07-26 16:32:51.314 I/doiq    ( 8600): (REDACTED) The syncToken for corpus %s is %s and the syncRequestReason is %s
07-26 16:32:51.320 W/Vision  (14281): Would have logged:
07-26 16:32:51.320 W/Vision  (14281): # m73.aoz@6e77e6c9
07-26 16:32:51.543 I/dolt    ( 8600): (REDACTED) Writing metadata key: %s, corpus: %s
07-26 16:32:51.543 I/dolt    ( 8600): (REDACTED) Writing metadata key: %s, corpus: %s
07-26 16:32:51.545 I/doiq    ( 8600): (REDACTED) Starting batch sync for corpora: %s
07-26 16:32:51.548 I/dolt    ( 8600): The GellerConfig is not present, returning null.
07-26 16:32:51.548 I/dolt    ( 8600): (REDACTED) The GellerConfig is not present, defaulting isUploadEnabled for corpus %s to true.
07-26 16:32:51.549 I/doiq    ( 8600): (REDACTED) The syncToken for corpus %s is %s and the syncRequestReason is %s
07-26 16:32:51.564 I/dolt    ( 8600): (REDACTED) Writing metadata key: %s, corpus: %s
07-26 16:32:51.564 I/dolt    ( 8600): (REDACTED) Writing metadata key: %s, corpus: %s
07-26 16:32:51.566 I/doiq    ( 8600): (REDACTED) Starting batch sync for corpora: %s
07-26 16:32:51.569 I/dolt    ( 8600): The GellerConfig is not present, returning null.
07-26 16:32:51.569 I/dolt    ( 8600): (REDACTED) The GellerConfig is not present, defaulting isUploadEnabled for corpus %s to true.
07-26 16:32:51.569 I/doiq    ( 8600): (REDACTED) The syncToken for corpus %s is %s and the syncRequestReason is %s
07-26 16:32:51.684 I/dolt    ( 8600): (REDACTED) Writing metadata key: %s, corpus: %s
07-26 16:32:51.685 I/dolt    ( 8600): (REDACTED) Writing metadata key: %s, corpus: %s
07-26 16:32:51.691 I/doiq    ( 8600): (REDACTED) Starting batch sync for corpora: %s
07-26 16:32:51.699 I/dolt    ( 8600): The GellerConfig is not present, returning null.
07-26 16:32:51.700 I/dolt    ( 8600): (REDACTED) The GellerConfig is not present, defaulting isUploadEnabled for corpus %s to true.
07-26 16:32:51.701 I/doiq    ( 8600): (REDACTED) The syncToken for corpus %s is %s and the syncRequestReason is %s
07-26 16:32:51.794 I/earchbox:search( 8600): Background young concurrent copying GC freed 3001KB AllocSpace bytes, 0(0B) LOS objects, 6% free, 43MB/46MB, paused 902us,229us total 136.216ms
07-26 16:32:51.799 I/dolt    ( 8600): (REDACTED) Writing metadata key: %s, corpus: %s
07-26 16:32:51.799 I/dolt    ( 8600): (REDACTED) Writing metadata key: %s, corpus: %s
07-26 16:32:51.805 I/doiq    ( 8600): (REDACTED) Starting batch sync for corpora: %s
07-26 16:32:51.811 I/doiq    ( 8600): (REDACTED) The syncToken for corpus %s is %s and the syncRequestReason is %s
07-26 16:32:51.895 I/dolt    ( 8600): (REDACTED) Writing metadata key: %s, corpus: %s
07-26 16:32:51.896 I/dolt    ( 8600): (REDACTED) Writing metadata key: %s, corpus: %s
07-26 16:32:51.906 I/doiq    ( 8600): (REDACTED) Starting batch sync for corpora: %s
07-26 16:32:51.916 I/doiq    ( 8600): (REDACTED) The syncToken for corpus %s is %s and the syncRequestReason is %s
07-26 16:32:51.924 I/dolt    ( 8600): (REDACTED) Writing metadata key: %s, corpus: %s
07-26 16:32:51.925 I/dolt    ( 8600): (REDACTED) Writing metadata key: %s, corpus: %s
07-26 16:32:51.934 I/doiq    ( 8600): (REDACTED) Starting batch sync for corpora: %s
07-26 16:32:51.940 I/doiq    ( 8600): (REDACTED) The syncToken for corpus %s is %s and the syncRequestReason is %s
07-26 16:32:52.179 I/dolt    ( 8600): (REDACTED) Writing metadata key: %s, corpus: %s
07-26 16:32:52.181 I/dolt    ( 8600): (REDACTED) Writing metadata key: %s, corpus: %s
07-26 16:32:52.187 I/doiq    ( 8600): (REDACTED) Starting batch sync for corpora: %s
07-26 16:32:52.197 I/doiq    ( 8600): (REDACTED) The syncToken for corpus %s is %s and the syncRequestReason is %s
07-26 16:32:52.268 I/dolt    ( 8600): (REDACTED) Writing metadata key: %s, corpus: %s
07-26 16:32:52.269 I/dolt    ( 8600): (REDACTED) Writing metadata key: %s, corpus: %s
07-26 16:32:52.276 I/doiq    ( 8600): (REDACTED) Starting batch sync for corpora: %s
07-26 16:32:52.285 I/doiq    ( 8600): (REDACTED) The syncToken for corpus %s is %s and the syncRequestReason is %s
07-26 16:32:52.306 I/dolt    ( 8600): (REDACTED) Writing metadata key: %s, corpus: %s
07-26 16:32:52.306 I/dolt    ( 8600): (REDACTED) Writing metadata key: %s, corpus: %s
07-26 16:32:52.310 I/doiq    ( 8600): (REDACTED) Starting batch sync for corpora: %s
07-26 16:32:52.315 I/doiq    ( 8600): (REDACTED) The syncToken for corpus %s is %s and the syncRequestReason is %s
07-26 16:32:52.511 I/dolt    ( 8600): (REDACTED) Writing metadata key: %s, corpus: %s
07-26 16:32:52.512 I/dolt    ( 8600): (REDACTED) Writing metadata key: %s, corpus: %s
07-26 16:32:52.519 I/doiq    ( 8600): (REDACTED) Starting batch sync for corpora: %s
07-26 16:32:52.529 I/doiq    ( 8600): (REDACTED) The syncToken for corpus %s is %s and the syncRequestReason is %s
07-26 16:32:52.542 I/dolt    ( 8600): (REDACTED) Writing metadata key: %s, corpus: %s
07-26 16:32:52.543 I/dolt    ( 8600): (REDACTED) Writing metadata key: %s, corpus: %s
07-26 16:32:52.546 I/doiq    ( 8600): (REDACTED) Starting batch sync for corpora: %s
07-26 16:32:52.558 I/doiq    ( 8600): (REDACTED) The syncToken for corpus %s is %s and the syncRequestReason is %s
07-26 16:32:52.563 I/dolt    ( 8600): (REDACTED) Writing metadata key: %s, corpus: %s
07-26 16:32:52.563 I/dolt    ( 8600): (REDACTED) Writing metadata key: %s, corpus: %s
07-26 16:32:52.571 I/doiq    ( 8600): (REDACTED) Starting batch sync for corpora: %s
07-26 16:32:52.579 I/doiq    ( 8600): (REDACTED) The syncToken for corpus %s is %s and the syncRequestReason is %s
07-26 16:32:52.620 I/.gms.persistent(26549): Explicit concurrent copying GC freed 1508KB AllocSpace bytes, 10(520KB) LOS objects, 49% free, 9597KB/18MB, paused 211us,89us total 248.460ms
07-26 16:32:52.757 I/dolt    ( 8600): (REDACTED) Writing metadata key: %s, corpus: %s
07-26 16:32:52.758 I/dolt    ( 8600): (REDACTED) Writing metadata key: %s, corpus: %s
07-26 16:32:52.760 I/doiq    ( 8600): (REDACTED) Starting batch sync for corpora: %s
07-26 16:32:52.766 I/doiq    ( 8600): (REDACTED) The syncToken for corpus %s is %s and the syncRequestReason is %s
07-26 16:32:52.815 I/earchbox:search( 8600): Background concurrent copying GC freed 11MB AllocSpace bytes, 38(1588KB) LOS objects, 40% free, 34MB/58MB, paused 345us,217us total 476.244ms
07-26 16:32:52.919 I/dolt    ( 8600): (REDACTED) Writing metadata key: %s, corpus: %s
07-26 16:32:52.920 I/dolt    ( 8600): (REDACTED) Writing metadata key: %s, corpus: %s
07-26 16:32:52.921 I/dolt    ( 8600): (REDACTED) Writing metadata key: %s, corpus: %s
07-26 16:32:52.929 I/doiq    ( 8600): (REDACTED) Starting batch sync for corpora: %s
07-26 16:32:52.930 I/dolt    ( 8600): (REDACTED) Writing metadata key: %s, corpus: %s
07-26 16:32:52.935 I/doiq    ( 8600): (REDACTED) Starting batch sync for corpora: %s
07-26 16:32:52.935 I/doiq    ( 8600): (REDACTED) The syncToken for corpus %s is %s and the syncRequestReason is %s
07-26 16:32:52.941 I/doiq    ( 8600): (REDACTED) The syncToken for corpus %s is %s and the syncRequestReason is %s
07-26 16:32:52.993 I/dolt    ( 8600): (REDACTED) Writing metadata key: %s, corpus: %s
07-26 16:32:52.994 I/dolt    ( 8600): (REDACTED) Writing metadata key: %s, corpus: %s
07-26 16:32:52.999 I/doiq    ( 8600): (REDACTED) Starting batch sync for corpora: %s
07-26 16:32:53.012 I/doiq    ( 8600): (REDACTED) The syncToken for corpus %s is %s and the syncRequestReason is %s
07-26 16:32:53.177 I/dolt    ( 8600): (REDACTED) Writing metadata key: %s, corpus: %s
07-26 16:32:53.178 I/dolt    ( 8600): (REDACTED) Writing metadata key: %s, corpus: %s
07-26 16:32:53.183 I/doiq    ( 8600): (REDACTED) Starting batch sync for corpora: %s
07-26 16:32:53.193 I/doiq    ( 8600): (REDACTED) The syncToken for corpus %s is %s and the syncRequestReason is %s
07-26 16:32:53.247 I/dolt    ( 8600): (REDACTED) Writing metadata key: %s, corpus: %s
07-26 16:32:53.248 I/dolt    ( 8600): (REDACTED) Writing metadata key: %s, corpus: %s
07-26 16:32:53.250 I/doiq    ( 8600): (REDACTED) Starting batch sync for corpora: %s
07-26 16:32:53.254 I/dolt    ( 8600): The GellerConfig is not present, returning null.
07-26 16:32:53.254 I/dolt    ( 8600): (REDACTED) The GellerConfig is not present, defaulting isUploadEnabled for corpus %s to true.
07-26 16:32:53.255 I/doiq    ( 8600): (REDACTED) The syncToken for corpus %s is %s and the syncRequestReason is %s
07-26 16:32:53.279 I/dolt    ( 8600): (REDACTED) Writing metadata key: %s, corpus: %s
07-26 16:32:53.280 I/dolt    ( 8600): (REDACTED) Writing metadata key: %s, corpus: %s
07-26 16:32:53.283 I/doiq    ( 8600): (REDACTED) Starting batch sync for corpora: %s
07-26 16:32:53.292 I/doiq    ( 8600): (REDACTED) The syncToken for corpus %s is %s and the syncRequestReason is %s
07-26 16:32:53.421 I/dolt    ( 8600): (REDACTED) Writing metadata key: %s, corpus: %s
07-26 16:32:53.422 I/dolt    ( 8600): (REDACTED) Writing metadata key: %s, corpus: %s
07-26 16:32:53.426 I/doiq    ( 8600): (REDACTED) Starting batch sync for corpora: %s
07-26 16:32:53.431 I/dolt    ( 8600): The GellerConfig is not present, returning null.
07-26 16:32:53.432 I/dolt    ( 8600): (REDACTED) The GellerConfig is not present, defaulting isUploadEnabled for corpus %s to true.
07-26 16:32:53.432 I/doiq    ( 8600): (REDACTED) The syncToken for corpus %s is %s and the syncRequestReason is %s
07-26 16:32:53.492 I/dolt    ( 8600): (REDACTED) Writing metadata key: %s, corpus: %s
07-26 16:32:53.493 I/dolt    ( 8600): (REDACTED) Writing metadata key: %s, corpus: %s
07-26 16:32:53.505 I/doiq    ( 8600): (REDACTED) Starting batch sync for corpora: %s
07-26 16:32:53.516 I/doiq    ( 8600): (REDACTED) The syncToken for corpus %s is %s and the syncRequestReason is %s
07-26 16:32:53.528 I/dolt    ( 8600): (REDACTED) Writing metadata key: %s, corpus: %s
07-26 16:32:53.529 I/dolt    ( 8600): (REDACTED) Writing metadata key: %s, corpus: %s
07-26 16:32:53.534 I/doiq    ( 8600): (REDACTED) Starting batch sync for corpora: %s
07-26 16:32:53.541 I/dolt    ( 8600): The GellerConfig is not present, returning null.
07-26 16:32:53.541 I/dolt    ( 8600): (REDACTED) The GellerConfig is not present, defaulting isUploadEnabled for corpus %s to true.
07-26 16:32:53.543 I/doiq    ( 8600): (REDACTED) The syncToken for corpus %s is %s and the syncRequestReason is %s
07-26 16:32:53.658 I/dolt    ( 8600): (REDACTED) Writing metadata key: %s, corpus: %s
07-26 16:32:53.659 I/dolt    ( 8600): (REDACTED) Writing metadata key: %s, corpus: %s
07-26 16:32:53.669 I/doiq    ( 8600): (REDACTED) Starting batch sync for corpora: %s
07-26 16:32:53.679 I/doiq    ( 8600): (REDACTED) The syncToken for corpus %s is %s and the syncRequestReason is %s
07-26 16:32:53.699 W/dohs    ( 8600): (REDACTED) There was an error when syncing corpus: %s. Error message: %s. Error code: %d.
07-26 16:32:53.706 E/dxof$a  ( 8600): (REDACTED) %s: GDD Sync failed for corpus: %s, configuration: %s
07-26 16:32:53.706 E/dxof$a  ( 8600): %s
07-26 16:32:53.708 I/doiq    ( 8600): (REDACTED) Starting batch sync for corpora: %s
07-26 16:32:53.710 I/emmp    ( 8600): (REDACTED) getting App Capabilities %s
07-26 16:32:53.711 I/emjs    ( 8600): Building Device Properties.
07-26 16:32:53.712 I/bdhi    ( 8600): Configuring for the active keyboard. [SD]
07-26 16:32:53.716 I/AudioManager( 8600): In isBluetoothScoOn(), calling application: com.google.android.googlequicksearchbox
07-26 16:32:53.736 I/dolt    ( 8600): The GellerConfig is not present, returning null.
07-26 16:32:53.737 I/dolt    ( 8600): (REDACTED) The GellerConfig is not present, defaulting isUploadEnabled for corpus %s to true.
07-26 16:32:53.738 I/doiq    ( 8600): (REDACTED) The syncToken for corpus %s is %s and the syncRequestReason is %s
07-26 16:32:53.747 I/dolt    ( 8600): (REDACTED) Writing metadata key: %s, corpus: %s
07-26 16:32:53.748 I/dolt    ( 8600): (REDACTED) Writing metadata key: %s, corpus: %s
07-26 16:32:53.752 I/doiq    ( 8600): (REDACTED) Starting batch sync for corpora: %s
07-26 16:32:53.758 I/doiq    ( 8600): (REDACTED) The syncToken for corpus %s is %s and the syncRequestReason is %s
07-26 16:32:53.789 I/dolt    ( 8600): (REDACTED) Writing metadata key: %s, corpus: %s
07-26 16:32:54.000 W/ratelimit( 8600): Single process limit 50/s drop 45 lines.
07-26 16:32:54.000 I/dolt    ( 8600): (REDACTED) Writing metadata key: %s, corpus: %s
07-26 16:32:54.001 I/dolt    ( 8600): (REDACTED) Writing metadata key: %s, corpus: %s
07-26 16:32:54.004 I/doiq    ( 8600): (REDACTED) Starting batch sync for corpora: %s
07-26 16:32:54.010 I/doiq    ( 8600): (REDACTED) The syncToken for corpus %s is %s and the syncRequestReason is %s
07-26 16:32:54.058 I/ahse    ( 8600): (REDACTED) #getHotwordModelFromMobstore [mobstoreUri: %s]
07-26 16:32:54.059 I/LPRequestState( 8600): (REDACTED) [%s] #resolveUnusedLanguagePacks
07-26 16:32:54.059 I/LPRequestState( 8600): (REDACTED) [%s] #resolveDesiredLanguagePacks
07-26 16:32:54.059 I/ahse    ( 8600): (REDACTED) #getHotwordModelFromMobstore [mobstoreUri: %s]
07-26 16:32:54.060 I/dolt    ( 8600): (REDACTED) Writing metadata key: %s, corpus: %s
07-26 16:32:54.060 I/dolt    ( 8600): (REDACTED) Writing metadata key: %s, corpus: %s
07-26 16:32:54.065 I/doiq    ( 8600): (REDACTED) Starting batch sync for corpora: %s
07-26 16:32:54.070 I/HotwordModelPopulator( 8600): (REDACTED) Updated file group for locale '%s' from location: %s. Download already finished. Version: %d
07-26 16:32:54.070 I/HotwordModelPopulator( 8600): (REDACTED) Updated file group for locale '%s' from location: %s. Download in progress, but older model found. Expected version: %d. Found version: %d
07-26 16:32:54.074 I/HotwordModelPopulator( 8600): (REDACTED) Updated file group for locale '%s' from location: %s. Download already finished. Version: %d
07-26 16:32:54.074 I/HotwordModelPopulator( 8600): (REDACTED) Updated file group for locale '%s' from location: %s. Download in progress, but older model found. Expected version: %d. Found version: %d
07-26 16:32:54.080 I/doiq    ( 8600): (REDACTED) The syncToken for corpus %s is %s and the syncRequestReason is %s
07-26 16:32:54.175 I/cxbg    ( 8600): (REDACTED) Got URL response, starting to read response body. uri=%s
07-26 16:32:54.231 I/dolt    ( 8600): (REDACTED) Writing metadata key: %s, corpus: %s
07-26 16:32:54.232 I/dolt    ( 8600): (REDACTED) Writing metadata key: %s, corpus: %s
07-26 16:32:54.237 I/doiq    ( 8600): (REDACTED) Starting batch sync for corpora: %s
07-26 16:32:54.253 I/doiq    ( 8600): (REDACTED) The syncToken for corpus %s is %s and the syncRequestReason is %s
07-26 16:32:54.262 I/dolt    ( 8600): (REDACTED) Writing metadata key: %s, corpus: %s
07-26 16:32:54.262 I/dolt    ( 8600): (REDACTED) Writing metadata key: %s, corpus: %s
07-26 16:32:54.266 I/doiq    ( 8600): (REDACTED) Starting batch sync for corpora: %s
07-26 16:32:54.273 I/doiq    ( 8600): (REDACTED) The syncToken for corpus %s is %s and the syncRequestReason is %s
07-26 16:32:54.276 I/cxbg    ( 8600): (REDACTED) Response body written. bytesWritten=%d, uri=%s
07-26 16:32:54.276 I/cxbg    ( 8600): (REDACTED) Request complete, closing. uri=%s
07-26 16:32:54.336 E/SingleDataFileGroupPop( 8600): Failed to add file group 
07-26 16:32:54.337 E/PhFileGroupPop( 8600): Failed to add file group 
07-26 16:32:54.337 E/PhFileGroupPop( 8600): Failed to add file group 
07-26 16:32:54.337 E/PhFileGroupPop( 8600): Failed to add file group 
07-26 16:32:54.337 E/PhFileGroupPop( 8600): Failed to add file group 
07-26 16:32:54.337 E/PhFileGroupPop( 8600): Failed to add file group 
07-26 16:32:54.338 E/PhFileGroupPop( 8600): Failed to add file group 
07-26 16:32:54.338 E/PhFileGroupPop( 8600): Failed to add file group 
07-26 16:32:54.338 E/PhFileGroupPop( 8600): Failed to add file group 
07-26 16:32:54.338 I/eqts    ( 8600): Throttled; returning pending refresh
07-26 16:32:54.338 I/eqts    ( 8600): Throttled; returning pending refresh
07-26 16:32:54.339 I/eqts    ( 8600): Throttled; returning pending refresh
07-26 16:32:54.339 I/eqts    ( 8600): Throttled; returning pending refresh
07-26 16:32:54.339 I/eqts    ( 8600): Throttled; returning pending refresh
07-26 16:32:54.339 I/eqts    ( 8600): Throttled; returning pending refresh
07-26 16:32:54.339 I/eqts    ( 8600): Throttled; returning pending refresh
07-26 16:32:54.339 I/eqts    ( 8600): Throttled; returning pending refresh
07-26 16:32:54.339 I/ezhl    ( 8600): MDD.MigrationProxyPopulator.refreshFileGroups
07-26 16:32:54.340 E/SingleDataFileGroupPop( 8600): Failed to add file group 
07-26 16:32:54.340 I/ZipLPPopulator( 8600): #scheduleLanguagePackDeletion
07-26 16:32:54.340 I/ZipLPPopulator( 8600): fowj: MEDIUM
07-26 16:32:54.340 I/ZipLPPopulator( 8600): 	at ezmv.b(PG:22)
07-26 16:32:54.340 I/ZipLPPopulator( 8600): 	at dxfa.A(PG:24)
07-26 16:32:54.340 I/ZipLPPopulator( 8600): 	at dxdk.apply(PG:25)
07-26 16:32:54.340 I/ZipLPPopulator( 8600): 	at fgqj.apply(PG:13)
07-26 16:32:54.340 I/ZipLPPopulator( 8600): 	at fqui.e(PG:3)
07-26 16:32:54.340 I/ZipLPPopulator( 8600): 	at fquk.run(PG:38)
07-26 16:32:54.340 I/ZipLPPopulator( 8600): 	at fqya.run(PG:68)
07-26 16:32:54.340 I/ZipLPPopulator( 8600): 	at dlvo.run(PG:5)
07-26 16:32:54.340 I/ZipLPPopulator( 8600): 	at java.util.concurrent.ThreadPoolExecutor.runWorker(ThreadPoolExecutor.java:1156)
07-26 16:32:54.340 I/ZipLPPopulator( 8600): 	at java.util.concurrent.ThreadPoolExecutor$Worker.run(ThreadPoolExecutor.java:651)
07-26 16:32:54.340 I/ZipLPPopulator( 8600): 	at dlux.run(PG:27)
07-26 16:32:54.340 I/ZipLPPopulator( 8600): 	at java.lang.Thread.run(Thread.java:1119)
07-26 16:32:54.340 I/ZipLPPopulator( 8600): 	at dlwr.run(PG:62)
07-26 16:32:54.340 I/ZipLPPopulator( 8600): #addNewFileGroups
07-26 16:32:54.341 I/ezmi    ( 8600): #getDownloadableLanguagePacks
07-26 16:32:54.341 I/eznh    ( 8600): (REDACTED) Loaded languagepack (LP) flag value from latest config %s: %s
07-26 16:32:54.887 W/CCTFlatFileLogStore( 7413): Excessive logging: 32 events, 251109 bytes from log source STREAMZ_GELLER_LIBRARY last 9s
07-26 16:32:55.000 W/ratelimit( 8600): Single process limit 50/s drop 67 lines.
07-26 16:32:55.000 I/doiq    ( 8600): (REDACTED) Starting batch sync for corpora: %s
07-26 16:32:55.002 I/doiq    ( 8600): (REDACTED) The syncToken for corpus %s is %s and the syncRequestReason is %s
07-26 16:32:55.004 I/emmp    ( 8600): (REDACTED) getting App Capabilities %s
07-26 16:32:55.004 I/emjs    ( 8600): Building Device Properties.
07-26 16:32:55.004 I/AudioManager( 8600): In isBluetoothScoOn(), calling application: com.google.android.googlequicksearchbox
07-26 16:32:55.006 I/doiq    ( 8600): (REDACTED) Starting batch sync for corpora: %s
07-26 16:32:55.006 W/dxof$a  ( 8600): (REDACTED) %s: Account was not provided, skipping private sync for corpus: %s, configuration: %s
07-26 16:32:55.008 I/emmp    ( 8600): (REDACTED) getting App Capabilities %s
07-26 16:32:55.009 I/emjs    ( 8600): Building Device Properties.
07-26 16:32:55.010 I/AudioManager( 8600): In isBluetoothScoOn(), calling application: com.google.android.googlequicksearchbox
07-26 16:32:55.014 I/doiq    ( 8600): (REDACTED) Starting batch sync for corpora: %s
07-26 16:32:55.014 I/AudioManager( 8600): In isBluetoothScoOn(), calling application: com.google.android.googlequicksearchbox
07-26 16:32:55.016 I/emmp    ( 8600): (REDACTED) getting App Capabilities %s
07-26 16:32:55.016 I/doiq    ( 8600): (REDACTED) Starting batch sync for corpora: %s
07-26 16:32:55.016 I/emjs    ( 8600): Building Device Properties.
07-26 16:32:55.016 I/doiq    ( 8600): (REDACTED) Starting batch sync for corpora: %s
07-26 16:32:55.021 I/emmp    ( 8600): (REDACTED) getting App Capabilities %s
07-26 16:32:55.021 I/emjs    ( 8600): Building Device Properties.
07-26 16:32:55.021 I/emmp    ( 8600): (REDACTED) getting App Capabilities %s
07-26 16:32:55.022 I/emjs    ( 8600): Building Device Properties.
07-26 16:32:55.023 I/AudioManager( 8600): In isBluetoothScoOn(), calling application: com.google.android.googlequicksearchbox
07-26 16:32:55.031 I/doiq    ( 8600): (REDACTED) Starting batch sync for corpora: %s
07-26 16:32:55.032 I/bdhi    ( 8600): Configuring for the active keyboard. [SD]
07-26 16:32:55.035 I/doiq    ( 8600): (REDACTED) The syncToken for corpus %s is %s and the syncRequestReason is %s
07-26 16:32:55.036 I/AudioManager( 8600): In isBluetoothScoOn(), calling application: com.google.android.googlequicksearchbox
07-26 16:32:55.052 I/AudioManager( 8600): In isBluetoothScoOn(), calling application: com.google.android.googlequicksearchbox
07-26 16:32:55.059 I/doiq    ( 8600): (REDACTED) The syncToken for corpus %s is %s and the syncRequestReason is %s
07-26 16:32:55.060 W/doiq    ( 8600): (REDACTED) Upload permissions denied for Corpus %s
07-26 16:32:55.062 I/doiq    ( 8600): (REDACTED) The syncToken for corpus %s is %s and the syncRequestReason is %s
07-26 16:32:55.062 I/doiq    ( 8600): (REDACTED) The syncToken for corpus %s is %s and the syncRequestReason is %s
07-26 16:32:55.066 I/dolt    ( 8600): The GellerConfig is not present, returning null.
07-26 16:32:55.066 I/dolt    ( 8600): (REDACTED) The GellerConfig is not present, defaulting isUploadEnabled for corpus %s to true.
07-26 16:32:55.067 I/doiq    ( 8600): (REDACTED) The syncToken for corpus %s is %s and the syncRequestReason is %s
07-26 16:32:55.075 I/doiq    ( 8600): (REDACTED) The syncToken for corpus %s is %s and the syncRequestReason is %s
07-26 16:32:55.082 I/doiq    ( 8600): (REDACTED) The syncToken for corpus %s is %s and the syncRequestReason is %s
07-26 16:32:55.104 I/dolt    ( 8600): (REDACTED) Writing metadata key: %s, corpus: %s
07-26 16:32:55.105 I/dolt    ( 8600): (REDACTED) Writing metadata key: %s, corpus: %s
07-26 16:32:55.113 I/doiq    ( 8600): (REDACTED) Starting batch sync for corpora: %s
07-26 16:32:55.127 I/doiq    ( 8600): (REDACTED) The syncToken for corpus %s is %s and the syncRequestReason is %s
07-26 16:32:55.233 I/dolt    ( 8600): (REDACTED) Writing metadata key: %s, corpus: %s
07-26 16:32:55.233 I/dolt    ( 8600): (REDACTED) Writing metadata key: %s, corpus: %s
07-26 16:32:55.234 I/dolt    ( 8600): (REDACTED) Writing metadata key: %s, corpus: %s
07-26 16:32:55.235 I/dolt    ( 8600): (REDACTED) Writing metadata key: %s, corpus: %s
07-26 16:32:55.239 I/doiq    ( 8600): (REDACTED) Starting batch sync for corpora: %s
07-26 16:32:55.240 I/doiq    ( 8600): (REDACTED) Starting batch sync for corpora: %s
07-26 16:32:55.254 I/doiq    ( 8600): (REDACTED) The syncToken for corpus %s is %s and the syncRequestReason is %s
07-26 16:32:55.254 I/dolt    ( 8600): The GellerConfig is not present, returning null.
07-26 16:32:55.254 I/dolt    ( 8600): (REDACTED) The GellerConfig is not present, defaulting isUploadEnabled for corpus %s to true.
07-26 16:32:55.255 I/doiq    ( 8600): (REDACTED) The syncToken for corpus %s is %s and the syncRequestReason is %s
07-26 16:32:55.289 I/dolt    ( 8600): (REDACTED) Writing metadata key: %s, corpus: %s
07-26 16:32:55.521 I/CobaltUploader( 7834): Unbinding from upload service
07-26 16:32:56.081 W/ratelimit( 8600): Single process limit 50/s drop 95 lines.
07-26 16:32:56.081 I/dolt    ( 8600): (REDACTED) Writing metadata key: %s, corpus: %s
07-26 16:32:56.082 I/dolt    ( 8600): (REDACTED) Writing metadata key: %s, corpus: %s
07-26 16:32:56.086 I/doiq    ( 8600): (REDACTED) Starting batch sync for corpora: %s
07-26 16:32:56.089 I/dolt    ( 8600): (REDACTED) Writing metadata key: %s, corpus: %s
07-26 16:32:56.089 I/dolt    ( 8600): (REDACTED) Writing metadata key: %s, corpus: %s
07-26 16:32:56.091 I/doiq    ( 8600): (REDACTED) The syncToken for corpus %s is %s and the syncRequestReason is %s
07-26 16:32:56.093 I/doiq    ( 8600): (REDACTED) Starting batch sync for corpora: %s
07-26 16:32:56.094 I/dolt    ( 8600): (REDACTED) Writing metadata key: %s, corpus: %s
07-26 16:32:56.095 I/dolt    ( 8600): (REDACTED) Writing metadata key: %s, corpus: %s
07-26 16:32:56.097 I/doiq    ( 8600): (REDACTED) Starting batch sync for corpora: %s
07-26 16:32:56.097 I/doiq    ( 8600): (REDACTED) The syncToken for corpus %s is %s and the syncRequestReason is %s
07-26 16:32:56.101 I/doiq    ( 8600): (REDACTED) The syncToken for corpus %s is %s and the syncRequestReason is %s
07-26 16:32:56.340 I/dolt    ( 8600): (REDACTED) Writing metadata key: %s, corpus: %s
07-26 16:32:56.342 I/dolt    ( 8600): (REDACTED) Writing metadata key: %s, corpus: %s
07-26 16:32:56.343 I/dolt    ( 8600): (REDACTED) Writing metadata key: %s, corpus: %s
07-26 16:32:56.344 I/dolt    ( 8600): (REDACTED) Writing metadata key: %s, corpus: %s
07-26 16:32:56.347 I/doiq    ( 8600): (REDACTED) Starting batch sync for corpora: %s
07-26 16:32:56.349 I/doiq    ( 8600): (REDACTED) Starting batch sync for corpora: %s
07-26 16:32:56.356 I/doiq    ( 8600): (REDACTED) The syncToken for corpus %s is %s and the syncRequestReason is %s
07-26 16:32:56.365 I/doiq    ( 8600): (REDACTED) The syncToken for corpus %s is %s and the syncRequestReason is %s
07-26 16:32:56.369 I/dolt    ( 8600): (REDACTED) Writing metadata key: %s, corpus: %s
07-26 16:32:56.374 I/dolt    ( 8600): (REDACTED) Writing metadata key: %s, corpus: %s
07-26 16:32:56.377 I/doiq    ( 8600): (REDACTED) Starting batch sync for corpora: %s
07-26 16:32:56.383 I/doiq    ( 8600): (REDACTED) The syncToken for corpus %s is %s and the syncRequestReason is %s
07-26 16:32:56.594 I/dolt    ( 8600): (REDACTED) Writing metadata key: %s, corpus: %s
07-26 16:32:56.595 I/dolt    ( 8600): (REDACTED) Writing metadata key: %s, corpus: %s
07-26 16:32:56.599 I/doiq    ( 8600): (REDACTED) Starting batch sync for corpora: %s
07-26 16:32:56.607 I/dolt    ( 8600): The GellerConfig is not present, returning null.
07-26 16:32:56.608 I/dolt    ( 8600): (REDACTED) The GellerConfig is not present, defaulting isUploadEnabled for corpus %s to true.
07-26 16:32:56.609 I/doiq    ( 8600): (REDACTED) The syncToken for corpus %s is %s and the syncRequestReason is %s
07-26 16:32:56.628 I/dolt    ( 8600): (REDACTED) Writing metadata key: %s, corpus: %s
07-26 16:32:56.629 I/dolt    ( 8600): (REDACTED) Writing metadata key: %s, corpus: %s
07-26 16:32:56.634 I/doiq    ( 8600): (REDACTED) Starting batch sync for corpora: %s
07-26 16:32:56.644 I/doiq    ( 8600): (REDACTED) The syncToken for corpus %s is %s and the syncRequestReason is %s
07-26 16:32:56.710 I/dolt    ( 8600): (REDACTED) Writing metadata key: %s, corpus: %s
07-26 16:32:56.712 I/dolt    ( 8600): (REDACTED) Writing metadata key: %s, corpus: %s
07-26 16:32:56.717 I/doiq    ( 8600): (REDACTED) Starting batch sync for corpora: %s
07-26 16:32:56.731 I/doiq    ( 8600): (REDACTED) The syncToken for corpus %s is %s and the syncRequestReason is %s
07-26 16:32:56.847 I/dolt    ( 8600): (REDACTED) Writing metadata key: %s, corpus: %s
07-26 16:32:56.848 I/dolt    ( 8600): (REDACTED) Writing metadata key: %s, corpus: %s
07-26 16:32:56.861 I/doiq    ( 8600): (REDACTED) Starting batch sync for corpora: %s
07-26 16:32:56.873 I/dolt    ( 8600): (REDACTED) Writing metadata key: %s, corpus: %s
07-26 16:32:56.874 I/doiq    ( 8600): (REDACTED) The syncToken for corpus %s is %s and the syncRequestReason is %s
07-26 16:32:56.874 I/dolt    ( 8600): (REDACTED) Writing metadata key: %s, corpus: %s
07-26 16:32:56.882 I/doiq    ( 8600): (REDACTED) Starting batch sync for corpora: %s
07-26 16:32:56.889 I/doiq    ( 8600): (REDACTED) The syncToken for corpus %s is %s and the syncRequestReason is %s
07-26 16:32:56.975 I/dolt    ( 8600): (REDACTED) Writing metadata key: %s, corpus: %s
07-26 16:32:56.981 I/dolt    ( 8600): (REDACTED) Writing metadata key: %s, corpus: %s
07-26 16:32:56.986 I/doiq    ( 8600): (REDACTED) Starting batch sync for corpora: %s
07-26 16:32:56.992 I/dolt    ( 8600): The GellerConfig is not present, returning null.
07-26 16:32:57.132 W/ratelimit( 8600): Single process limit 50/s drop 3 lines.
07-26 16:32:57.132 I/dolt    ( 8600): (REDACTED) Writing metadata key: %s, corpus: %s
07-26 16:32:57.133 I/dolt    ( 8600): (REDACTED) Writing metadata key: %s, corpus: %s
07-26 16:32:57.136 I/doiq    ( 8600): (REDACTED) Starting batch sync for corpora: %s
07-26 16:32:57.145 I/dolt    ( 8600): The GellerConfig is not present, returning null.
07-26 16:32:57.146 I/dolt    ( 8600): (REDACTED) The GellerConfig is not present, defaulting isUploadEnabled for corpus %s to true.
07-26 16:32:57.147 I/doiq    ( 8600): (REDACTED) The syncToken for corpus %s is %s and the syncRequestReason is %s
07-26 16:32:57.223 I/dolt    ( 8600): (REDACTED) Writing metadata key: %s, corpus: %s
07-26 16:32:57.224 I/dolt    ( 8600): (REDACTED) Writing metadata key: %s, corpus: %s
07-26 16:32:57.231 I/doiq    ( 8600): (REDACTED) Starting batch sync for corpora: %s
07-26 16:32:57.231 I/dolt    ( 8600): (REDACTED) Writing metadata key: %s, corpus: %s
