07-26 16:32:45.515 I/downloader2( 7834): Exceeded max concurrent downloads, not running another queued request
07-26 16:32:45.518 I/downloader2( 7834): Exceeded max concurrent downloads, not running another queued request
07-26 16:32:45.525 I/AdServicesCobaltUploadB( 7511): Cobalt: uploaded encrypted envelope [CONTEXT service_id=300 ]
07-26 16:32:45.543 I/downloader2( 7834): Exceeded max concurrent downloads, not running another queued request
07-26 16:32:45.545 I/downloader2( 7834): Exceeded max concurrent downloads, not running another queued request
07-26 16:32:45.558 I/downloader2( 7834): Exceeded max concurrent downloads, not running another queued request
07-26 16:32:45.582 I/downloader2( 7834): Exceeded max concurrent downloads, not running another queued request
07-26 16:32:45.584 I/downloader2( 7834): Exceeded max concurrent downloads, not running another queued request
07-26 16:32:45.590 I/downloader2( 7834): Exceeded max concurrent downloads, not running another queued request
07-26 16:32:45.710 I/downloader2( 7834): Exceeded max concurrent downloads, not running another queued request
07-26 16:32:45.711 I/downloader2( 7834): Exceeded max concurrent downloads, not running another queued request
07-26 16:32:45.754 I/downloader2( 7834): Exceeded max concurrent downloads, not running another queued request
07-26 16:32:45.983 I/MdiSyncModule( 7511): (REDACTED) Receiving API connection from package '%s'...
07-26 16:32:45.986 I/MdiSyncModule( 7511): API connection successful!
07-26 16:32:46.022 W/ratelimit( 7834): Single process limit 50/s drop 3 lines.
07-26 16:32:46.022 I/downloader2( 7834): Exceeded max concurrent downloads, not running another queued request
07-26 16:32:46.031 W/ratelimit( 8600): Single process limit 50/s drop 268 lines.
07-26 16:32:46.031 I/LPRequestState( 8600): (REDACTED) [%s] #resolveUnusedLanguagePacks
07-26 16:32:46.037 I/LPRequestState( 8600): (REDACTED) [%s] #resolveDesiredLanguagePacks
07-26 16:32:46.037 I/downloader2( 7834): Exceeded max concurrent downloads, not running another queued request
07-26 16:32:46.041 I/emjs    ( 8600): Building Device Properties.
07-26 16:32:46.041 I/emjs    ( 8600): Building Device Properties.
07-26 16:32:46.042 I/emmp    ( 8600): (REDACTED) getting App Capabilities %s
07-26 16:32:46.042 I/emjs    ( 8600): Building Device Properties.
07-26 16:32:46.043 I/emmp    ( 8600): (REDACTED) getting App Capabilities %s
07-26 16:32:46.043 I/emjs    ( 8600): Building Device Properties.
07-26 16:32:46.050 I/emmp    ( 8600): (REDACTED) getting App Capabilities %s
07-26 16:32:46.077 I/downloader2( 7834): Exceeded max concurrent downloads, not running another queued request
07-26 16:32:46.087 I/downloader2( 7834): Exceeded max concurrent downloads, not running another queued request
07-26 16:32:46.092 I/MdiSyncModule( 7511): (REDACTED) Receiving API connection from package '%s'...
07-26 16:32:46.092 I/MdiSyncModule( 7511): API connection successful!
07-26 16:32:46.093 I/MdiSyncModule( 7511): (REDACTED) Receiving API connection from package '%s'...
07-26 16:32:46.094 I/MdiSyncModule( 7511): API connection successful!
07-26 16:32:46.098 I/emmp    ( 8600): (REDACTED) getting App Capabilities %s
07-26 16:32:46.099 I/emjs    ( 8600): Building Device Properties.
07-26 16:32:46.099 I/emmp    ( 8600): (REDACTED) getting App Capabilities %s
07-26 16:32:46.100 I/emjs    ( 8600): Building Device Properties.
07-26 16:32:46.100 I/MdiSyncModule( 7511): (REDACTED) Receiving API connection from package '%s'...
07-26 16:32:46.105 I/MdiSyncModule( 7511): API connection successful!
07-26 16:32:46.108 I/MdiSyncModule( 7511): (REDACTED) Receiving API connection from package '%s'...
07-26 16:32:46.111 I/MdiSyncModule( 7511): API connection successful!
07-26 16:32:46.117 I/downloader2( 7834): Exceeded max concurrent downloads, not running another queued request
07-26 16:32:46.136 I/emmp    ( 8600): (REDACTED) getting App Capabilities %s
07-26 16:32:46.137 I/emjs    ( 8600): Building Device Properties.
07-26 16:32:46.138 I/emmp    ( 8600): (REDACTED) getting App Capabilities %s
07-26 16:32:46.138 I/emjs    ( 8600): Building Device Properties.
07-26 16:32:46.138 I/emmp    ( 8600): (REDACTED) getting App Capabilities %s
07-26 16:32:46.139 I/emjs    ( 8600): Building Device Properties.
07-26 16:32:46.139 I/aiur    ( 8600): (REDACTED) Adding surface identity to the device capabilities for surface %s.
07-26 16:32:46.149 I/emmp    ( 8600): (REDACTED) getting App Capabilities %s
07-26 16:32:46.151 I/emmp    ( 8600): (REDACTED) getting App Capabilities %s
07-26 16:32:46.151 I/emjs    ( 8600): Building Device Properties.
07-26 16:32:46.164 I/downloader2( 7834): Exceeded max concurrent downloads, not running another queued request
07-26 16:32:46.174 I/downloader2( 7834): Exceeded max concurrent downloads, not running another queued request
07-26 16:32:46.176 I/ezrp    ( 8600): #initializeLanguages
07-26 16:32:46.179 I/emjs    ( 8600): Building Device Properties.
07-26 16:32:46.193 I/LPDownloadSettingsState( 8600): (REDACTED) Defaulting LP download condition to %s as user has not edited settings.
07-26 16:32:46.194 I/DefaultLPManager( 8600): #getAvailablePackages
07-26 16:32:46.195 I/ezmi    ( 8600): #getDownloadableLanguagePacks
07-26 16:32:46.195 I/eznh    ( 8600): (REDACTED) Loaded languagepack (LP) flag value from latest config %s: %s
07-26 16:32:46.196 W/SystemLPSourceImpl( 8600): #getAvailablePackages: Note there is not reason to call this method, as getInstalledPackages() returns the same LanguagePacks for this impl.
07-26 16:32:46.196 W/LegacyLPSourceImpl( 8600): #getAvailablePackages: Note there is no reason to call this method, as getInstalledPackages() returns the same LanguagePacks for this impl.
07-26 16:32:46.197 I/DefaultLPManager( 8600): #getInstalledPackages
07-26 16:32:46.197 I/ezmi    ( 8600): #getInstalledPackages from MDD
07-26 16:32:46.197 I/ezmi    ( 8600): #GetLanguagePackList
07-26 16:32:46.198 I/ezmi    ( 8600): MDD.getFileGroupsByFilter(langpack-domain_xx-XX_ver_zipfile)
07-26 16:32:46.198 I/DefaultLPManager( 8600): #getInstalledPackages
07-26 16:32:46.198 I/ezmi    ( 8600): #getInstalledPackages from MDD
07-26 16:32:46.198 I/ezmi    ( 8600): #GetLanguagePackList
07-26 16:32:46.199 I/ezmi    ( 8600): MDD.getFileGroupsByFilter(langpack-domain_xx-XX_ver_zipfile)
07-26 16:32:46.199 I/DefaultLPManager( 8600): #getRequestedPackages
07-26 16:32:46.199 I/ZipLPPopulator( 8600): #addNewFileGroups
07-26 16:32:46.199 I/ezmi    ( 8600): #getDownloadableLanguagePacks
07-26 16:32:46.199 I/eznh    ( 8600): (REDACTED) Loaded languagepack (LP) flag value from latest config %s: %s
07-26 16:32:46.200 I/LPRequestState( 8600): (REDACTED) [%s] #resolveDesiredLanguagePacks
07-26 16:32:46.201 I/carui   (17400): CarUi plugin is disabled
07-26 16:32:46.202 I/ZipLPPopulator( 8600): #addNewFileGroups complete
07-26 16:32:46.205 I/ezmi    ( 8600): #getPendingPackages from MDD
07-26 16:32:46.205 I/ezmi    ( 8600): #GetLanguagePackList
07-26 16:32:46.205 I/ezmi    ( 8600): MDD.getFileGroupsByFilter(langpack-domain_xx-XX_ver_zipfile)
07-26 16:32:46.206 W/SystemLPSourceImpl( 8600): #getRequestedPackages: There is not reason to call this method, as the result is always empty.
07-26 16:32:46.206 W/LegacyLPSourceImpl( 8600): #getRequestedPackages: There is no reason to call this method, as the result is always empty.
07-26 16:32:46.219 I/downloader2( 7834): Exceeded max concurrent downloads, not running another queued request
07-26 16:32:46.219 I/downloader2( 7834): Exceeded max concurrent downloads, not running another queued request
07-26 16:32:46.228 I/downloader2( 7834): Exceeded max concurrent downloads, not running another queued request
07-26 16:32:46.362 I/downloader2( 7834): Exceeded max concurrent downloads, not running another queued request
07-26 16:32:46.366 I/downloader2( 7834): Exceeded max concurrent downloads, not running another queued request
07-26 16:32:46.399 I/downloader2( 7834): Exceeded max concurrent downloads, not running another queued request
07-26 16:32:46.401 I/downloader2( 7834): Exceeded max concurrent downloads, not running another queued request
07-26 16:32:46.479 I/downloader2( 7834): Exceeded max concurrent downloads, not running another queued request
07-26 16:32:46.480 I/downloader2( 7834): Exceeded max concurrent downloads, not running another queued request
07-26 16:32:46.525 I/downloader2( 7834): Exceeded max concurrent downloads, not running another queued request
07-26 16:32:46.526 I/downloader2( 7834): Exceeded max concurrent downloads, not running another queued request
07-26 16:32:46.535 I/downloader2( 7834): Exceeded max concurrent downloads, not running another queued request
07-26 16:32:46.672 I/DefaultProcessValidator(32240): Validating WorkManager process
07-26 16:32:46.679 I/DefaultProcessValidator(32240): Processes: NONE, true, com.google.android.tts, com.google.android.tts
07-26 16:32:46.800 I/SyncManagerImpl(32240): #sync(). Running Synclets and scheduling next sync.
07-26 16:32:46.824 I/SyncManagerImpl(32240): Running synclets: [LanguagePackAutoUpdateSynclet]
07-26 16:32:46.831 I/SyncManagerImpl(32240): Starting synclet: LanguagePackAutoUpdateSynclet
07-26 16:32:46.831 I/LPAutoUpdateSynclet(32240): #sync
07-26 16:32:46.845 I/VoiceLanguageHelper(32240): #initializeLanguages
07-26 16:32:46.847 I/LPDownloadSettingsState(32240): Defaulting LP download condition to 2 as user has not edited settings.
07-26 16:32:46.847 I/SyncManagerImpl(32240): #sync() complete
07-26 16:32:46.847 I/DefaultLPManager(32240): #getAvailablePackages
07-26 16:32:46.847 I/ffm     (32240): #getDownloadableLanguagePacks
07-26 16:32:46.847 I/SyncManagerImpl(32240): Completed sync. Scheduling next wakeup
07-26 16:32:46.848 I/SyncWorkManagerOneTimeS(32240): Scheduling next onetime WorkManager workers
07-26 16:32:46.849 I/LanguagePackConfigImpl(32240): Loaded languagepack (LP) flag value from latest config autogen_BatchV3071V3072: [en-US3006, de-DE3002, es-ES3000, fr-FR3002, it-IT3000, ja-JP3003, en-AU3003, en-GB3002, en-IE3002, en-SG3001, de-DE3003, fr-FR3003, ja-JP3004, en-US3008, de-AT3053, de-BE3053, de-CH3053, de-DE3053, en-AU3053, en-CA3053, en-GB3053, en-IE3053, en-IN3053, en-SG3053, en-US3053, es-ES3053, es-US3053, fr-BE3053, fr-CH3053, fr-FR3053, hi-IN3053, it-CH3053, it-IT3053, ja-JP3053, pt-BR3053, de-AT3054, de-BE3054, de-CH3054, de-DE3054, en-AU3054, en-CA3054, en-GB3054, en-IE3054, en-IN3054, en-SG3054, en-US3054, es-ES3054, es-US3054, fr-BE3054, fr-CA3054, fr-CH3054, fr-FR3054, hi-IN3054, id-ID3054, it-CH3054, it-IT3054, ja-JP3054, ko-KR3054, pt-BR3054, th-TH3054, cmn-Hans-CN3056, cmn-Hant-TW3056, de-AT3056, de-BE3056, de-CH3056, de-DE3056, en-CA3056, en-IN3056, en-US3056, es-ES3056, es-US3056, fr-BE3056, fr-CA3056, fr-CH3056, fr-FR3056, hi-IN3056, id-ID3056, it-CH3056, it-IT3056, ja-JP3056, ko-KR3056, pl-PL3056, pt-BR3056, ru-RU3056, th-TH3056, tr-TR3056, vi-VN3056, en-AU3071, en-CA3071, en-GB3071, en-IE3071, en-SG3071, en-US3072, hi-IN3072]
07-26 16:32:46.849 W/SystemLPSourceImpl(32240): #getAvailablePackages: Note there is not reason to call this method, as getInstalledPackages() returns the same LanguagePacks for this impl.
07-26 16:32:46.849 I/DefaultLPManager(32240): #getInstalledPackages
07-26 16:32:46.850 I/ffm     (32240): #getInstalledPackages from MDD
07-26 16:32:46.850 I/ffm     (32240): #GetLanguagePackList
07-26 16:32:46.850 I/ffm     (32240): MDD.getFileGroupsByFilter(langpack-domain_xx-XX_ver_zipfile)
07-26 16:32:46.850 I/SystemLPSourceImpl(32240): Parsed system partition LanguagePack metadata file: /product/usr/srec/en-US/metadata
07-26 16:32:46.851 E/VoiceSearchConfigUtils(32240): Unrecognized recognizer for [ja-JP, 3053]: 23. Ignoring it and its associated features.
07-26 16:32:46.851 E/VoiceSearchConfigUtils(32240): Unrecognized recognizer for [ja-JP, 3053]: 22. Ignoring it and its associated features.
07-26 16:32:46.851 E/VoiceSearchConfigUtils(32240): Unrecognized recognizer for [ja-JP, 3053]: 23. Ignoring it and its associated features.
07-26 16:32:46.851 E/VoiceSearchConfigUtils(32240): Unrecognized recognizer for [ja-JP, 3053]: 22. Ignoring it and its associated features.
07-26 16:32:46.851 E/VoiceSearchConfigUtils(32240): Unrecognized recognizer for [ja-JP, 3053]: 23. Ignoring it and its associated features.
07-26 16:32:46.851 E/VoiceSearchConfigUtils(32240): Unrecognized recognizer for [ja-JP, 3053]: 22. Ignoring it and its associated features.
07-26 16:32:46.851 E/VoiceSearchConfigUtils(32240): Unrecognized recognizer for [ja-JP, 3053]: 22. Ignoring it and its associated features.
07-26 16:32:46.851 E/VoiceSearchConfigUtils(32240): Unrecognized recognizer for [ja-JP, 3053]: 22. Ignoring it and its associated features.
07-26 16:32:46.852 E/VoiceSearchConfigUtils(32240): Unrecognized recognizer for [ja-JP, 3054]: 23. Ignoring it and its associated features.
07-26 16:32:46.852 E/VoiceSearchConfigUtils(32240): Unrecognized recognizer for [ja-JP, 3054]: 22. Ignoring it and its associated features.
07-26 16:32:46.852 E/VoiceSearchConfigUtils(32240): Unrecognized recognizer for [ja-JP, 3054]: 23. Ignoring it and its associated features.
07-26 16:32:46.852 E/VoiceSearchConfigUtils(32240): Unrecognized recognizer for [ja-JP, 3054]: 22. Ignoring it and its associated features.
07-26 16:32:46.852 E/VoiceSearchConfigUtils(32240): Unrecognized recognizer for [ja-JP, 3054]: 23. Ignoring it and its associated features.
07-26 16:32:46.852 E/VoiceSearchConfigUtils(32240): Unrecognized recognizer for [ja-JP, 3054]: 22. Ignoring it and its associated features.
07-26 16:32:46.852 E/VoiceSearchConfigUtils(32240): Unrecognized recognizer for [ja-JP, 3054]: 22. Ignoring it and its associated features.
07-26 16:32:46.852 E/VoiceSearchConfigUtils(32240): Unrecognized recognizer for [ja-JP, 3054]: 22. Ignoring it and its associated features.
07-26 16:32:46.853 E/VoiceSearchConfigUtils(32240): Unrecognized recognizer for [ja-JP, 3056]: 23. Ignoring it and its associated features.
07-26 16:32:46.853 E/VoiceSearchConfigUtils(32240): Unrecognized recognizer for [ja-JP, 3056]: 22. Ignoring it and its associated features.
07-26 16:32:46.853 E/VoiceSearchConfigUtils(32240): Unrecognized recognizer for [ja-JP, 3056]: 23. Ignoring it and its associated features.
07-26 16:32:46.853 E/VoiceSearchConfigUtils(32240): Unrecognized recognizer for [ja-JP, 3056]: 22. Ignoring it and its associated features.
07-26 16:32:46.853 E/VoiceSearchConfigUtils(32240): Unrecognized recognizer for [ja-JP, 3056]: 23. Ignoring it and its associated features.
07-26 16:32:46.853 E/VoiceSearchConfigUtils(32240): Unrecognized recognizer for [ja-JP, 3056]: 22. Ignoring it and its associated features.
07-26 16:32:46.853 E/VoiceSearchConfigUtils(32240): Unrecognized recognizer for [ja-JP, 3056]: 22. Ignoring it and its associated features.
07-26 16:32:46.853 E/VoiceSearchConfigUtils(32240): Unrecognized recognizer for [ja-JP, 3056]: 22. Ignoring it and its associated features.
07-26 16:32:46.854 I/LPRequestState(32240): [ManagerRequests] #resolveDesiredLanguagePacks
07-26 16:32:46.857 I/LPRequestState(32240): Assigning language pack Optional.of(LanguagePackDescriptor{locale=en_US, version=3072, installType=ZIPFILE_DOWNLOAD, applicationDomains=[1, 2, 3, 4, 5, 6, 7, 11], featuresForDomains={1=[2, 3, 4, 5, 6, 9, 10, 12, 13, 14, 15], 2=[2, 3, 4, 5, 6, 7, 8, 9, 10, 12, 13, 14, 15], 3=[2, 3, 4, 5, 6, 9, 10, 12, 13, 14, 15], 4=[2, 3, 4, 5, 6, 7, 8, 9, 10, 12, 13, 14, 15], 5=[2, 3, 4, 5, 6, 9, 10, 12, 13, 14, 15], 6=[2, 3, 4, 5, 6, 7, 8, 9, 10, 12, 13, 14, 15], 7=[2, 3, 4, 5, 6, 7, 8, 9, 10, 12, 13, 14, 15], 11=[2, 3, 4, 5, 6, 7, 8, 9, 10, 12, 13, 14, 15]}, sizeBytes=62065000, zipfileParams=Optional.of(ZipfileParams{downloadUrl=https://dl.google.com/android/voice/soda/en-US/v3072/soda-en-US-v3072.zip, hashValueSha1=F8745C8DBBDAE1E77A9A9E7BAF378CBC78B7BB2A}), readOnlyParams=Optional.absent()}) for request # feu@b2ceef46
07-26 16:32:46.858 I/DefaultLPManager(32240): #getInstalledPackages
07-26 16:32:46.858 I/ffm     (32240): #getInstalledPackages from MDD
07-26 16:32:46.858 I/ffm     (32240): #GetLanguagePackList
07-26 16:32:46.858 I/ffm     (32240): MDD.getFileGroupsByFilter(langpack-domain_xx-XX_ver_zipfile)
07-26 16:32:46.858 I/DefaultLPManager(32240): #getRequestedPackages
07-26 16:32:46.858 I/ZipLPPopulator(32240): #addNewFileGroups
07-26 16:32:46.858 I/ffm     (32240): #getDownloadableLanguagePacks
07-26 16:32:46.859 I/WM-WorkerWrapper(32240): Worker result SUCCESS for Work [ id=fbc46b76-0c1b-4bb3-90df-f666f16a142f, tags={ com.google.apps.tiktok.contrib.work.TikTokListenableWorker,com.google.apps.tiktok.sync.impl.workmanager.SyncWorker,TikTokWorker#com.google.apps.tiktok.sync.impl.workmanager.SyncWorker } ]
07-26 16:32:46.860 I/LanguagePackConfigImpl(32240): Loaded languagepack (LP) flag value from latest config autogen_BatchV3071V3072: [en-US3006, de-DE3002, es-ES3000, fr-FR3002, it-IT3000, ja-JP3003, en-AU3003, en-GB3002, en-IE3002, en-SG3001, de-DE3003, fr-FR3003, ja-JP3004, en-US3008, de-AT3053, de-BE3053, de-CH3053, de-DE3053, en-AU3053, en-CA3053, en-GB3053, en-IE3053, en-IN3053, en-SG3053, en-US3053, es-ES3053, es-US3053, fr-BE3053, fr-CH3053, fr-FR3053, hi-IN3053, it-CH3053, it-IT3053, ja-JP3053, pt-BR3053, de-AT3054, de-BE3054, de-CH3054, de-DE3054, en-AU3054, en-CA3054, en-GB3054, en-IE3054, en-IN3054, en-SG3054, en-US3054, es-ES3054, es-US3054, fr-BE3054, fr-CA3054, fr-CH3054, fr-FR3054, hi-IN3054, id-ID3054, it-CH3054, it-IT3054, ja-JP3054, ko-KR3054, pt-BR3054, th-TH3054, cmn-Hans-CN3056, cmn-Hant-TW3056, de-AT3056, de-BE3056, de-CH3056, de-DE3056, en-CA3056, en-IN3056, en-US3056, es-ES3056, es-US3056, fr-BE3056, fr-CA3056, fr-CH3056, fr-FR3056, hi-IN3056, id-ID3056, it-CH3056, it-IT3056, ja-JP3056, ko-KR3056, pl-PL3056, pt-BR3056, ru-RU3056, th-TH3056, tr-TR3056, vi-VN3056, en-AU3071, en-CA3071, en-GB3071, en-IE3071, en-SG3071, en-US3072, hi-IN3072]
07-26 16:32:46.860 W/SystemLPSourceImpl(32240): #getRequestedPackages: There is not reason to call this method, as the result is always empty.
07-26 16:32:46.860 I/DefaultLPManager(32240): #getAvailablePackages
07-26 16:32:46.860 I/ffm     (32240): #getDownloadableLanguagePacks
07-26 16:32:46.860 I/SystemLPSourceImpl(32240): Parsed system partition LanguagePack metadata file: /product/usr/srec/en-US/metadata
07-26 16:32:46.861 I/LanguagePackConfigImpl(32240): Loaded languagepack (LP) flag value from latest config autogen_BatchV3071V3072: [en-US3006, de-DE3002, es-ES3000, fr-FR3002, it-IT3000, ja-JP3003, en-AU3003, en-GB3002, en-IE3002, en-SG3001, de-DE3003, fr-FR3003, ja-JP3004, en-US3008, de-AT3053, de-BE3053, de-CH3053, de-DE3053, en-AU3053, en-CA3053, en-GB3053, en-IE3053, en-IN3053, en-SG3053, en-US3053, es-ES3053, es-US3053, fr-BE3053, fr-CH3053, fr-FR3053, hi-IN3053, it-CH3053, it-IT3053, ja-JP3053, pt-BR3053, de-AT3054, de-BE3054, de-CH3054, de-DE3054, en-AU3054, en-CA3054, en-GB3054, en-IE3054, en-IN3054, en-SG3054, en-US3054, es-ES3054, es-US3054, fr-BE3054, fr-CA3054, fr-CH3054, fr-FR3054, hi-IN3054, id-ID3054, it-CH3054, it-IT3054, ja-JP3054, ko-KR3054, pt-BR3054, th-TH3054, cmn-Hans-CN3056, cmn-Hant-TW3056, de-AT3056, de-BE3056, de-CH3056, de-DE3056, en-CA3056, en-IN3056, en-US3056, es-ES3056, es-US3056, fr-BE3056, fr-CA3056, fr-CH3056, fr-FR3056, hi-IN3056, id-ID3056, it-CH3056, it-IT3056, ja-JP3056, ko-KR3056, pl-PL3056, pt-BR3056, ru-RU3056, th-TH3056, tr-TR3056, vi-VN3056, en-AU3071, en-CA3071, en-GB3071, en-IE3071, en-SG3071, en-US3072, hi-IN3072]
07-26 16:32:46.861 W/SystemLPSourceImpl(32240): #getAvailablePackages: Note there is not reason to call this method, as getInstalledPackages() returns the same LanguagePacks for this impl.
07-26 16:32:46.861 E/VoiceSearchConfigUtils(32240): Unrecognized recognizer for [ja-JP, 3053]: 23. Ignoring it and its associated features.
07-26 16:32:46.861 I/SystemLPSourceImpl(32240): Parsed system partition LanguagePack metadata file: /product/usr/srec/en-US/metadata
07-26 16:32:46.861 E/VoiceSearchConfigUtils(32240): Unrecognized recognizer for [ja-JP, 3053]: 22. Ignoring it and its associated features.
07-26 16:32:46.861 E/VoiceSearchConfigUtils(32240): Unrecognized recognizer for [ja-JP, 3053]: 23. Ignoring it and its associated features.
07-26 16:32:46.862 E/VoiceSearchConfigUtils(32240): Unrecognized recognizer for [ja-JP, 3053]: 22. Ignoring it and its associated features.
07-26 16:32:46.862 E/VoiceSearchConfigUtils(32240): Unrecognized recognizer for [ja-JP, 3053]: 23. Ignoring it and its associated features.
07-26 16:32:46.862 E/VoiceSearchConfigUtils(32240): Unrecognized recognizer for [ja-JP, 3053]: 22. Ignoring it and its associated features.
07-26 16:32:46.862 E/VoiceSearchConfigUtils(32240): Unrecognized recognizer for [ja-JP, 3053]: 22. Ignoring it and its associated features.
07-26 16:32:46.862 I/SystemLPSourceImpl(32240): Parsed system partition LanguagePack metadata file: /product/usr/srec/en-US/metadata
07-26 16:32:46.862 E/VoiceSearchConfigUtils(32240): Unrecognized recognizer for [ja-JP, 3053]: 22. Ignoring it and its associated features.
07-26 16:32:46.862 E/VoiceSearchConfigUtils(32240): Unrecognized recognizer for [ja-JP, 3053]: 23. Ignoring it and its associated features.
07-26 16:32:46.862 E/VoiceSearchConfigUtils(32240): Unrecognized recognizer for [ja-JP, 3053]: 22. Ignoring it and its associated features.
07-26 16:32:46.862 E/VoiceSearchConfigUtils(32240): Unrecognized recognizer for [ja-JP, 3053]: 23. Ignoring it and its associated features.
07-26 16:32:46.862 E/VoiceSearchConfigUtils(32240): Unrecognized recognizer for [ja-JP, 3053]: 22. Ignoring it and its associated features.
07-26 16:32:46.863 E/VoiceSearchConfigUtils(32240): Unrecognized recognizer for [ja-JP, 3053]: 23. Ignoring it and its associated features.
07-26 16:32:46.863 E/VoiceSearchConfigUtils(32240): Unrecognized recognizer for [ja-JP, 3053]: 22. Ignoring it and its associated features.
07-26 16:32:46.863 E/VoiceSearchConfigUtils(32240): Unrecognized recognizer for [ja-JP, 3053]: 22. Ignoring it and its associated features.
07-26 16:32:46.863 E/VoiceSearchConfigUtils(32240): Unrecognized recognizer for [ja-JP, 3053]: 22. Ignoring it and its associated features.
07-26 16:32:46.863 E/VoiceSearchConfigUtils(32240): Unrecognized recognizer for [ja-JP, 3054]: 23. Ignoring it and its associated features.
07-26 16:32:46.863 E/VoiceSearchConfigUtils(32240): Unrecognized recognizer for [ja-JP, 3054]: 22. Ignoring it and its associated features.
07-26 16:32:46.863 E/VoiceSearchConfigUtils(32240): Unrecognized recognizer for [ja-JP, 3054]: 23. Ignoring it and its associated features.
07-26 16:32:46.863 E/VoiceSearchConfigUtils(32240): Unrecognized recognizer for [ja-JP, 3054]: 22. Ignoring it and its associated features.
07-26 16:32:46.863 E/VoiceSearchConfigUtils(32240): Unrecognized recognizer for [ja-JP, 3054]: 23. Ignoring it and its associated features.
07-26 16:32:46.863 E/VoiceSearchConfigUtils(32240): Unrecognized recognizer for [ja-JP, 3054]: 22. Ignoring it and its associated features.
07-26 16:32:46.863 E/VoiceSearchConfigUtils(32240): Unrecognized recognizer for [ja-JP, 3054]: 22. Ignoring it and its associated features.
07-26 16:32:46.863 E/VoiceSearchConfigUtils(32240): Unrecognized recognizer for [ja-JP, 3054]: 23. Ignoring it and its associated features.
07-26 16:32:46.863 E/VoiceSearchConfigUtils(32240): Unrecognized recognizer for [ja-JP, 3054]: 22. Ignoring it and its associated features.
07-26 16:32:46.863 E/VoiceSearchConfigUtils(32240): Unrecognized recognizer for [ja-JP, 3054]: 22. Ignoring it and its associated features.
07-26 16:32:46.864 E/VoiceSearchConfigUtils(32240): Unrecognized recognizer for [ja-JP, 3054]: 23. Ignoring it and its associated features.
07-26 16:32:46.864 E/VoiceSearchConfigUtils(32240): Unrecognized recognizer for [ja-JP, 3054]: 22. Ignoring it and its associated features.
07-26 16:32:46.864 E/VoiceSearchConfigUtils(32240): Unrecognized recognizer for [ja-JP, 3054]: 23. Ignoring it and its associated features.
07-26 16:32:46.864 E/VoiceSearchConfigUtils(32240): Unrecognized recognizer for [ja-JP, 3054]: 22. Ignoring it and its associated features.
07-26 16:32:46.864 E/VoiceSearchConfigUtils(32240): Unrecognized recognizer for [ja-JP, 3054]: 22. Ignoring it and its associated features.
07-26 16:32:46.864 E/VoiceSearchConfigUtils(32240): Unrecognized recognizer for [ja-JP, 3054]: 22. Ignoring it and its associated features.
07-26 16:32:46.864 E/VoiceSearchConfigUtils(32240): Unrecognized recognizer for [ja-JP, 3056]: 23. Ignoring it and its associated features.
07-26 16:32:46.864 E/VoiceSearchConfigUtils(32240): Unrecognized recognizer for [ja-JP, 3056]: 22. Ignoring it and its associated features.
07-26 16:32:46.864 E/VoiceSearchConfigUtils(32240): Unrecognized recognizer for [ja-JP, 3056]: 23. Ignoring it and its associated features.
07-26 16:32:46.864 E/VoiceSearchConfigUtils(32240): Unrecognized recognizer for [ja-JP, 3056]: 22. Ignoring it and its associated features.
07-26 16:32:46.864 E/VoiceSearchConfigUtils(32240): Unrecognized recognizer for [ja-JP, 3056]: 23. Ignoring it and its associated features.
07-26 16:32:46.865 E/VoiceSearchConfigUtils(32240): Unrecognized recognizer for [ja-JP, 3056]: 23. Ignoring it and its associated features.
07-26 16:32:46.865 E/VoiceSearchConfigUtils(32240): Unrecognized recognizer for [ja-JP, 3056]: 22. Ignoring it and its associated features.
07-26 16:32:46.865 E/VoiceSearchConfigUtils(32240): Unrecognized recognizer for [ja-JP, 3056]: 23. Ignoring it and its associated features.
07-26 16:32:46.865 E/VoiceSearchConfigUtils(32240): Unrecognized recognizer for [ja-JP, 3056]: 22. Ignoring it and its associated features.
07-26 16:32:46.865 E/VoiceSearchConfigUtils(32240): Unrecognized recognizer for [ja-JP, 3056]: 22. Ignoring it and its associated features.
07-26 16:32:46.865 E/VoiceSearchConfigUtils(32240): Unrecognized recognizer for [ja-JP, 3056]: 23. Ignoring it and its associated features.
07-26 16:32:46.865 E/VoiceSearchConfigUtils(32240): Unrecognized recognizer for [ja-JP, 3056]: 22. Ignoring it and its associated features.
07-26 16:32:46.865 E/VoiceSearchConfigUtils(32240): Unrecognized recognizer for [ja-JP, 3056]: 22. Ignoring it and its associated features.
07-26 16:32:46.865 E/VoiceSearchConfigUtils(32240): Unrecognized recognizer for [ja-JP, 3056]: 22. Ignoring it and its associated features.
07-26 16:32:46.865 E/VoiceSearchConfigUtils(32240): Unrecognized recognizer for [ja-JP, 3056]: 22. Ignoring it and its associated features.
07-26 16:32:46.865 E/VoiceSearchConfigUtils(32240): Unrecognized recognizer for [ja-JP, 3056]: 22. Ignoring it and its associated features.
07-26 16:32:46.867 I/LPRequestState(32240): [ZipfileRequests] #resolveDesiredLanguagePacks
07-26 16:32:46.869 W/gle.android.tts(32240): Reducing the number of considered missed Gc histogram windows from 1156 to 100
07-26 16:32:46.876 I/LPRequestState(32240): Assigning language pack Optional.of(LanguagePackDescriptor{locale=en_US, version=3072, installType=ZIPFILE_DOWNLOAD, applicationDomains=[1, 2, 3, 4, 5, 6, 7, 11], featuresForDomains={1=[2, 3, 4, 5, 6, 9, 10, 12, 13, 14, 15], 2=[2, 3, 4, 5, 6, 7, 8, 9, 10, 12, 13, 14, 15], 3=[2, 3, 4, 5, 6, 9, 10, 12, 13, 14, 15], 4=[2, 3, 4, 5, 6, 7, 8, 9, 10, 12, 13, 14, 15], 5=[2, 3, 4, 5, 6, 9, 10, 12, 13, 14, 15], 6=[2, 3, 4, 5, 6, 7, 8, 9, 10, 12, 13, 14, 15], 7=[2, 3, 4, 5, 6, 7, 8, 9, 10, 12, 13, 14, 15], 11=[2, 3, 4, 5, 6, 7, 8, 9, 10, 12, 13, 14, 15]}, sizeBytes=62065000, zipfileParams=Optional.of(ZipfileParams{downloadUrl=https://dl.google.com/android/voice/soda/en-US/v3072/soda-en-US-v3072.zip, hashValueSha1=F8745C8DBBDAE1E77A9A9E7BAF378CBC78B7BB2A}), readOnlyParams=Optional.absent()}) for request # feu@ce118b46
07-26 16:32:46.877 I/LPDownloadSettingsState(32240): Defaulting LP download condition to 2 as user has not edited settings.
07-26 16:32:46.877 I/ZipLPPopulator(32240): MDD.addFileGroup: LanguagePackDescriptor{locale=en_US, version=3072, installType=ZIPFILE_DOWNLOAD, applicationDomains=[1, 2, 3, 4, 5, 6, 7, 11], featuresForDomains={1=[2, 3, 4, 5, 6, 9, 10, 12, 13, 14, 15], 2=[2, 3, 4, 5, 6, 7, 8, 9, 10, 12, 13, 14, 15], 3=[2, 3, 4, 5, 6, 9, 10, 12, 13, 14, 15], 4=[2, 3, 4, 5, 6, 7, 8, 9, 10, 12, 13, 14, 15], 5=[2, 3, 4, 5, 6, 9, 10, 12, 13, 14, 15], 6=[2, 3, 4, 5, 6, 7, 8, 9, 10, 12, 13, 14, 15], 7=[2, 3, 4, 5, 6, 7, 8, 9, 10, 12, 13, 14, 15], 11=[2, 3, 4, 5, 6, 7, 8, 9, 10, 12, 13, 14, 15]}, sizeBytes=62065000, zipfileParams=Optional.of(ZipfileParams{downloadUrl=https://dl.google.com/android/voice/soda/en-US/v3072/soda-en-US-v3072.zip, hashValueSha1=F8745C8DBBDAE1E77A9A9E7BAF378CBC78B7BB2A}), readOnlyParams=Optional.absent()}
07-26 16:32:46.884 I/cn_CronetUrlRequestContext(14281): destroyNativeStreamLocked org.chromium.net.impl.CronetBidirectionalStream@b8eb562
07-26 16:32:46.925 I/SyncWorkManagerOneTimeS(32240): Successfully scheduled next onetime workers
07-26 16:32:46.963 I/Finsky  (23988): [2] SCH: job service start with id 9165.
07-26 16:32:46.976 I/ZipLPPopulator(32240): #addNewFileGroups complete
07-26 16:32:46.977 I/ffm     (32240): #getPendingPackages from MDD
07-26 16:32:46.977 I/ffm     (32240): #GetLanguagePackList
07-26 16:32:46.977 I/ffm     (32240): MDD.getFileGroupsByFilter(langpack-domain_xx-XX_ver_zipfile)
07-26 16:32:46.977 I/ZipLPPopulator(32240): Updated file group for group 'langpack-domain_en-US_3072_zipfile' from location: https://dl.google.com/android/voice/soda/en-US/v3072/soda-en-US-v3072.zip
07-26 16:32:46.977 I/LPRequestState(32240): [ManagerRequests] #resolveUnusedLanguagePacks
07-26 16:32:46.977 I/LPRequestState(32240): [ManagerRequests] #resolveDesiredLanguagePacks
07-26 16:32:46.977 I/LPRequestState(32240): Assigning language pack Optional.of(LanguagePackDescriptor{locale=en_US, version=3072, installType=ZIPFILE_DOWNLOAD, applicationDomains=[1, 11, 5, 7, 4, 2, 3, 6], featuresForDomains={1=[2, 3, 4, 5, 6, 9, 10, 12, 13, 14, 15], 11=[2, 3, 4, 5, 6, 7, 8, 9, 10, 12, 13, 14, 15], 5=[2, 3, 4, 5, 6, 9, 10, 12, 13, 14, 15], 7=[2, 3, 4, 5, 6, 7, 8, 9, 10, 12, 13, 14, 15], 4=[2, 3, 4, 5, 6, 7, 8, 9, 10, 12, 13, 14, 15], 2=[2, 3, 4, 5, 6, 7, 8, 9, 10, 12, 13, 14, 15], 3=[2, 3, 4, 5, 6, 9, 10, 12, 13, 14, 15], 6=[2, 3, 4, 5, 6, 7, 8, 9, 10, 12, 13, 14, 15]}, sizeBytes=93802000, zipfileParams=Optional.absent(), readOnlyParams=Optional.absent()}) for request # feu@b2ceef46
07-26 16:32:46.978 I/LanguagePackMaintenance(32240): Background downloading 0 packs, for an ideal set of 1 total packs
07-26 16:32:46.978 I/LanguagePackMaintenance(32240): Background downloading packs []
07-26 16:32:46.978 I/LanguagePackMaintenance(32240): Ideal set: [en-US_v3072]
07-26 16:32:46.979 I/LPRequestState(32240): [ManagerRequests] #resolveUnusedLanguagePacks
07-26 16:32:46.979 I/LPRequestState(32240): [ManagerRequests] #resolveDesiredLanguagePacks
07-26 16:32:46.979 I/DefaultLPManager(32240): #calculateRolledBackPacks
07-26 16:32:46.979 I/LPRequestState(32240): Assigning language pack Optional.of(LanguagePackDescriptor{locale=en_US, version=3072, installType=ZIPFILE_DOWNLOAD, applicationDomains=[1, 11, 5, 7, 4, 2, 3, 6], featuresForDomains={1=[2, 3, 4, 5, 6, 9, 10, 12, 13, 14, 15], 11=[2, 3, 4, 5, 6, 7, 8, 9, 10, 12, 13, 14, 15], 5=[2, 3, 4, 5, 6, 9, 10, 12, 13, 14, 15], 7=[2, 3, 4, 5, 6, 7, 8, 9, 10, 12, 13, 14, 15], 4=[2, 3, 4, 5, 6, 7, 8, 9, 10, 12, 13, 14, 15], 2=[2, 3, 4, 5, 6, 7, 8, 9, 10, 12, 13, 14, 15], 3=[2, 3, 4, 5, 6, 9, 10, 12, 13, 14, 15], 6=[2, 3, 4, 5, 6, 7, 8, 9, 10, 12, 13, 14, 15]}, sizeBytes=93802000, zipfileParams=Optional.absent(), readOnlyParams=Optional.absent()}) for request # feu@b2ceef46
07-26 16:32:46.980 I/LanguagePackMaintenance(32240): Background deleting 0 stale packs: 
07-26 16:32:46.980 I/LanguagePackMaintenance(32240): Background LanguagePack updates finished successfully
07-26 16:32:47.009 W/ratelimit( 8600): Single process limit 50/s drop 136 lines.
07-26 16:32:47.009 I/dkqc    ( 8600): No TDSID model found. Returning empty response. 
07-26 16:32:47.015 I/doiq    ( 8600): (REDACTED) The syncToken for corpus %s is %s and the syncRequestReason is %s
07-26 16:32:47.016 I/Finsky  (23988): [41233] SCH: Satisfied jobs for 9165 are: 20-23232323
07-26 16:32:47.017 I/doiq    ( 8600): (REDACTED) The syncToken for corpus %s is %s and the syncRequestReason is %s
07-26 16:32:47.019 I/AudioManager( 8600): In isBluetoothScoOn(), calling application: com.google.android.googlequicksearchbox
07-26 16:32:47.026 I/doiq    ( 8600): (REDACTED) The syncToken for corpus %s is %s and the syncRequestReason is %s
07-26 16:32:47.026 I/doiq    ( 8600): (REDACTED) The syncToken for corpus %s is %s and the syncRequestReason is %s
07-26 16:32:47.027 I/AudioManager( 8600): In isBluetoothScoOn(), calling application: com.google.android.googlequicksearchbox
07-26 16:32:47.031 I/doiq    ( 8600): (REDACTED) The syncToken for corpus %s is %s and the syncRequestReason is %s
07-26 16:32:47.031 I/doiq    ( 8600): (REDACTED) The syncToken for corpus %s is %s and the syncRequestReason is %s
07-26 16:32:47.034 I/AudioManager( 8600): In isBluetoothScoOn(), calling application: com.google.android.googlequicksearchbox
07-26 16:32:47.040 I/Finsky  (23988): [41232] SCH: Job 20-23232323 starting
07-26 16:32:47.044 I/doiq    ( 8600): (REDACTED) The syncToken for corpus %s is %s and the syncRequestReason is %s
07-26 16:32:47.048 I/doiq    ( 8600): (REDACTED) The syncToken for corpus %s is %s and the syncRequestReason is %s
07-26 16:32:47.051 I/bdhi    ( 8600): Configuring for the active keyboard. [SD]
07-26 16:32:47.052 I/doiq    ( 8600): (REDACTED) The syncToken for corpus %s is %s and the syncRequestReason is %s
07-26 16:32:47.053 W/eqrt    ( 8600): Couldn't calculate ClientInstanceId, no account name
07-26 16:32:47.054 I/doiq    ( 8600): (REDACTED) The syncToken for corpus %s is %s and the syncRequestReason is %s
07-26 16:32:47.062 I/AudioManager( 8600): In isBluetoothScoOn(), calling application: com.google.android.googlequicksearchbox
07-26 16:32:47.065 I/Finsky  (23988): [2] Running ArtProfilesUploadJob
07-26 16:32:47.069 I/bdhi    ( 8600): Configuring for the active keyboard. [SD]
07-26 16:32:47.069 I/cxkc    ( 8600): (REDACTED) Using GoogleAuthUtil for getToken for 1p app: %s
07-26 16:32:47.073 I/bdhi    ( 8600): Configuring for the active keyboard. [SD]
07-26 16:32:47.075 I/AudioManager( 8600): In isBluetoothScoOn(), calling application: com.google.android.googlequicksearchbox
07-26 16:32:47.084 I/fgiz    ( 8600): (REDACTED) Running synclets: %s
07-26 16:32:47.084 I/fgiz    ( 8600): Scheduling next wakeup
07-26 16:32:47.085 I/fgjv    ( 8600): Scheduling next periodic WorkManager workers
07-26 16:32:47.092 I/aiur    ( 8600): (REDACTED) Adding surface identity to the device capabilities for surface %s.
07-26 16:32:47.096 I/ertw    ( 8600): (REDACTED) AppFlow %s is about to be transmitted
07-26 16:32:47.104 I/fgiz    ( 8600): (REDACTED) Running synclets: %s
07-26 16:32:47.104 I/fgiz    ( 8600): Scheduling next wakeup
07-26 16:32:47.105 I/fgjv    ( 8600): Scheduling next periodic WorkManager workers
07-26 16:32:47.121 I/doiq    ( 8600): (REDACTED) The syncToken for corpus %s is %s and the syncRequestReason is %s
07-26 16:32:47.125 I/A       ( 8600): getVoiceMatchModels
07-26 16:32:47.127 I/ertw    ( 8600): (REDACTED) AppFlow %s is about to be transmitted
07-26 16:32:47.134 I/doiq    ( 8600): (REDACTED) The syncToken for corpus %s is %s and the syncRequestReason is %s
07-26 16:32:47.144 W/fxet    ( 8600): (REDACTED) Product id propagation is missing (traffic tag: %s).
07-26 16:32:47.385 I/cn_CronetUrlRequestContext(14281): destroyNativeStreamLocked org.chromium.net.impl.CronetBidirectionalStream@1b9fa9b
07-26 16:32:47.443 W/native  ( 8600): W0000 00:00:1753527767.443476    8639 enrollment_manager_impl.cc:600] GetVoiceMatchModels: Speaker not found: 0
07-26 16:32:47.456 I/fgiz    ( 8600): #sync(). Running Synclets and scheduling next sync.
07-26 16:32:47.467 I/doiq    ( 8600): (REDACTED) The syncToken for corpus %s is %s and the syncRequestReason is %s
07-26 16:32:47.470 I/doiq    ( 8600): (REDACTED) The syncToken for corpus %s is %s and the syncRequestReason is %s
07-26 16:32:47.471 I/doiq    ( 8600): (REDACTED) The syncToken for corpus %s is %s and the syncRequestReason is %s
07-26 16:32:47.608 I/doiq    ( 8600): (REDACTED) No previous syncToken for corpus %s found.
07-26 16:32:47.670 I/doiq    ( 8600): (REDACTED) The syncToken for corpus %s is %s and the syncRequestReason is %s
07-26 16:32:47.685 I/doiq    ( 8600): (REDACTED) The syncToken for corpus %s is %s and the syncRequestReason is %s
07-26 16:32:47.688 I/eqza    ( 8600): (REDACTED) deleted %d events
07-26 16:32:47.703 I/dkqc    ( 8600): No TDSID model found. Returning empty response. 
07-26 16:32:47.717 I/AudioManager( 8600): In isBluetoothScoOn(), calling application: com.google.android.googlequicksearchbox
07-26 16:32:47.731 I/Finsky  (23988): [41234] SCH: jobFinished: 20-23232323. TimeElapsed: 691ms.
07-26 16:32:47.757 I/doiq    ( 8600): (REDACTED) The syncToken for corpus %s is %s and the syncRequestReason is %s
07-26 16:32:47.758 I/doiq    ( 8600): (REDACTED) The syncToken for corpus %s is %s and the syncRequestReason is %s
07-26 16:32:47.758 I/doiq    ( 8600): (REDACTED) The syncToken for corpus %s is %s and the syncRequestReason is %s
07-26 16:32:47.759 I/doiq    ( 8600): (REDACTED) No previous syncToken for corpus %s found.
07-26 16:32:47.759 I/doiq    ( 8600): (REDACTED) The syncToken for corpus %s is %s and the syncRequestReason is %s
07-26 16:32:47.762 I/Finsky  (23988): [41013] SCH: no pending jobs to schedule.
07-26 16:32:47.765 I/Finsky  (23988): [41232] SCH: job service finished with id 9165.
07-26 16:32:47.862 I/Finsky  (23988): [2] XPF:creating profileStateService
07-26 16:32:47.875 I/Finsky  (23988): [41200] XPF:Registering listener 60650941 for user u0.
07-26 16:32:47.876 I/Finsky  (23988): [41200] XPF:User 0 finished enterprise setup, removing profile.
07-26 16:32:47.892 I/Finsky  (23988): [41200] XPF:0 profiles are currently in enterprise setup: []
07-26 16:32:47.894 I/Finsky  (23988): [41200] XPF: Initializing profiles from value store.
07-26 16:32:47.894 I/Finsky  (23988): [41200] IQ::HLD: Get the following profiles from PauseUpdatesProfilesValueStore [].
07-26 16:32:47.895 I/Finsky  (23988): [41200] XPF: 0 profiles are paused for app updates: []
07-26 16:32:47.906 I/Finsky  (23988): [41200] XPF:0 profiles are currently in enterprise setup: []
07-26 16:32:47.918 I/adbd    (16981): jdwp connection from 17601
07-26 16:32:48.001 E/Icing   ( 7511): Failed to remove thing with error code :error uri not found
07-26 16:32:48.026 W/ratelimit( 8600): Single process limit 50/s drop 28 lines.
07-26 16:32:48.026 W/admw    ( 8600): (REDACTED) Absent status for permission %s. Calling ensureCachedSettingsLoaded().
07-26 16:32:48.027 W/doiq    ( 8600): (REDACTED) Upload permissions denied for Corpus %s
07-26 16:32:48.045 W/native  ( 8600): W0000 00:00:1753527768.045768    8650 enrollment_manager_impl.cc:600] GetVoiceMatchModels: Speaker not found: 0
07-26 16:32:48.049 I/doiq    ( 8600): (REDACTED) The syncToken for corpus %s is %s and the syncRequestReason is %s
07-26 16:32:48.078 I/FacsCacheGmsModule( 7413): (REDACTED) Receiving API connection to FACS API from package '%s'...
07-26 16:32:48.086 I/FacsCacheGmsModule( 7413): API connection successful!
07-26 16:32:48.114 I/FacsCacheGmsModule( 7511): Receiving API connection to internal FACS API...
07-26 16:32:48.115 I/FacsCacheGmsModule( 7511): API connection successful!
07-26 16:32:48.141 I/doiq    ( 8600): (REDACTED) Starting batch sync for corpora: %s
07-26 16:32:48.161 I/dojb    ( 8600): (REDACTED) Reconciliation response has %s excessive items and %s missing elements for corpus: %s
07-26 16:32:48.161 I/dojb    ( 8600): (REDACTED) Committing response to db for corpus: %s
07-26 16:32:48.161 I/dojb    ( 8600): (REDACTED) Reconciliation response has %s excessive items and %s missing elements for corpus: %s
07-26 16:32:48.161 I/dojb    ( 8600): (REDACTED) Committing response to db for corpus: %s
07-26 16:32:48.161 I/dojb    ( 8600): (REDACTED) Reconciliation response has %s excessive items and %s missing elements for corpus: %s
07-26 16:32:48.161 I/dojb    ( 8600): (REDACTED) Committing response to db for corpus: %s
07-26 16:32:48.162 I/dkqc    ( 8600): No TDSID model found. Returning empty response. 
07-26 16:32:48.163 I/dojb    ( 8600): (REDACTED) Reconciliation response has %s excessive items and %s missing elements for corpus: %s
07-26 16:32:48.163 I/doiq    ( 8600): (REDACTED) Starting batch sync for corpora: %s
07-26 16:32:48.165 I/dojb    ( 8600): (REDACTED) Committing response to db for corpus: %s
07-26 16:32:48.165 I/doiq    ( 8600): (REDACTED) Starting batch sync for corpora: %s
07-26 16:32:48.166 I/dojb    ( 8600): (REDACTED) Reconciliation response has %s excessive items and %s missing elements for corpus: %s
07-26 16:32:48.166 I/dojb    ( 8600): (REDACTED) Committing response to db for corpus: %s
07-26 16:32:48.173 I/dojb    ( 8600): (REDACTED) Reconciliation response has %s excessive items and %s missing elements for corpus: %s
07-26 16:32:48.183 I/dojb    ( 8600): (REDACTED) Committing response to db for corpus: %s
07-26 16:32:48.184 I/A       ( 8600): getVoiceMatchModels
07-26 16:32:48.184 I/ewws    ( 8600): No Voice Match model to migrate.
07-26 16:32:48.186 W/admw    ( 8600): (REDACTED) Absent status for permission %s. Calling ensureCachedSettingsLoaded().
07-26 16:32:48.187 W/doiq    ( 8600): (REDACTED) Upload permissions denied for Corpus %s
07-26 16:32:48.188 I/doiq    ( 8600): (REDACTED) Starting batch sync for corpora: %s
07-26 16:32:48.188 I/doiq    ( 8600): (REDACTED) The syncToken for corpus %s is %s and the syncRequestReason is %s
07-26 16:32:48.188 I/FacsCacheGmsModule( 7413): (REDACTED) Receiving API connection to FACS API from package '%s'...
07-26 16:32:48.189 I/FacsCacheGmsModule( 7511): Receiving API connection to internal FACS API...
07-26 16:32:48.190 I/FacsCacheGmsModule( 7511): API connection successful!
07-26 16:32:48.189 I/doiq    ( 8600): (REDACTED) The syncToken for corpus %s is %s and the syncRequestReason is %s
07-26 16:32:48.190 I/doiq    ( 8600): (REDACTED) Starting batch sync for corpora: %s
07-26 16:32:48.190 I/doiq    ( 8600): (REDACTED) The syncToken for corpus %s is %s and the syncRequestReason is %s
07-26 16:32:48.190 I/doiq    ( 8600): (REDACTED) Starting batch sync for corpora: %s
07-26 16:32:48.191 I/doiq    ( 8600): (REDACTED) The syncToken for corpus %s is %s and the syncRequestReason is %s
07-26 16:32:48.191 I/doiq    ( 8600): (REDACTED) No previous syncToken for corpus %s found.
07-26 16:32:48.191 I/doiq    ( 8600): (REDACTED) The syncToken for corpus %s is %s and the syncRequestReason is %s
07-26 16:32:48.192 I/FacsCacheGmsModule( 7413): API connection successful!
07-26 16:32:48.200 I/emmp    ( 8600): (REDACTED) getting App Capabilities %s
07-26 16:32:48.200 I/emjs    ( 8600): Building Device Properties.
07-26 16:32:48.202 W/admw    ( 8600): (REDACTED) Absent status for permission %s. Calling ensureCachedSettingsLoaded().
07-26 16:32:48.204 W/doiq    ( 8600): (REDACTED) Upload permissions denied for Corpus %s
07-26 16:32:48.205 I/FacsCacheGmsModule( 7413): (REDACTED) Receiving API connection to FACS API from package '%s'...
07-26 16:32:48.207 I/FacsCacheGmsModule( 7511): Receiving API connection to internal FACS API...
07-26 16:32:48.208 I/FacsCacheGmsModule( 7511): API connection successful!
07-26 16:32:48.209 I/FacsCacheGmsModule( 7413): API connection successful!
07-26 16:32:48.225 W/native  ( 8600): W0000 00:00:1753527768.225589    8652 enrollment_manager_impl.cc:600] GetVoiceMatchModels: Speaker not found: 0
07-26 16:32:48.226 I/emmp    ( 8600): (REDACTED) getting App Capabilities %s
07-26 16:32:48.242 I/emjs    ( 8600): Building Device Properties.
07-26 16:32:48.244 I/doiq    ( 8600): (REDACTED) The syncToken for corpus %s is %s and the syncRequestReason is %s
07-26 16:32:48.244 I/emmp    ( 8600): (REDACTED) getting App Capabilities %s
07-26 16:32:48.276 I/doiq    ( 8600): (REDACTED) The syncToken for corpus %s is %s and the syncRequestReason is %s
07-26 16:32:48.276 I/emmp    ( 8600): (REDACTED) getting App Capabilities %s
07-26 16:32:48.277 I/doiq    ( 8600): (REDACTED) The syncToken for corpus %s is %s and the syncRequestReason is %s
07-26 16:32:48.277 I/doiq    ( 8600): (REDACTED) The syncToken for corpus %s is %s and the syncRequestReason is %s
07-26 16:32:48.278 I/doiq    ( 8600): (REDACTED) The syncToken for corpus %s is %s and the syncRequestReason is %s
07-26 16:32:48.278 I/doiq    ( 8600): (REDACTED) No previous syncToken for corpus %s found.
07-26 16:32:48.278 I/doiq    ( 8600): (REDACTED) The syncToken for corpus %s is %s and the syncRequestReason is %s
07-26 16:32:48.278 I/doiq    ( 8600): (REDACTED) No previous syncToken for corpus %s found.
07-26 16:32:48.362 W/arhead:provider(17601): Failed to find entry 'classes.dex': Entry not found
07-26 16:32:48.364 W/arhead:provider(17601): Failed to find entry 'classes.dex': Entry not found
07-26 16:32:48.365 W/arhead:provider(17601): Failed to find entry 'classes.dex': Entry not found
07-26 16:32:48.427 I/CAR.GH  (17601): onCreate
07-26 16:32:48.455 I/GH.PrimesMgr(17601): transmitting to prod
07-26 16:32:48.485 I/CAR.GH  (17601): Process: PROVIDER
07-26 16:32:48.499 I/FacsCacheGmsModule( 7413): (REDACTED) Receiving API connection to FACS API from package '%s'...
07-26 16:32:48.500 I/FacsCacheGmsModule( 7413): API connection successful!
07-26 16:32:48.500 I/FacsCacheGmsModule( 7511): Receiving API connection to internal FACS API...
07-26 16:32:48.500 I/FacsCacheGmsModule( 7511): API connection successful!
07-26 16:32:48.503 W/BatteryStatsService( 1799): Unknown sensor handle 0 received in noteWakeupSensorEvent
07-26 16:32:48.823 I/adbd    (16981): Remote process closed the socket (on MSG_PEEK)
07-26 16:32:48.879 I/Finsky  (23988): [2] DL: Data loader session turned off due to Incremental install not requested: com.google.android.as
07-26 16:32:48.917 I/Finsky  (23988): [2] IQ::HLD: if pauseAppUpdates is called now, it must wait for these ongoing installs: [[Package:com.google.android.as, isid:cqdpkVEORLWENiGgI7pfuA]]
07-26 16:32:48.918 I/Finsky  (23988): [2] IQ::HLD: previousAllInstallsDone is Optional.empty, allInstallationsDone is Optional[false]
07-26 16:32:48.918 I/Finsky  (23988): [2] IQ::HLD: Updating installations status true cross profiles
07-26 16:32:48.918 I/Finsky  (23988): [2] XPF:Binding for 114451164
07-26 16:32:48.921 I/Finsky  (23988): [41200] XPF:0 profiles are currently in enterprise setup: []
07-26 16:32:48.922 I/Finsky  (23988): [41200] XPF: 0 profiles are paused for app updates: []
07-26 16:32:48.922 I/Finsky  (23988): [41200] XPF:0 profiles are currently in enterprise setup: []
07-26 16:32:48.928 I/Finsky  (23988): [2] XPF:Registering listener 167118177 for user u0.
07-26 16:32:48.929 I/Finsky  (23988): [2] XPF:User 0 finished enterprise setup, removing profile.
07-26 16:32:48.931 I/Finsky  (23988): [2] XPF:User 0 is in installation, adding profile.
07-26 16:32:48.988 I/Finsky  (23988): [2] DL: Data loader session turned off due to Incremental install not requested: com.google.android.as
07-26 16:32:49.005 W/ratelimit( 8600): Single process limit 50/s drop 133 lines.
07-26 16:32:49.005 I/dolt    ( 8600): (REDACTED) Writing data for these Geller corpora: %s
07-26 16:32:49.010 I/dolt    ( 8600): (REDACTED) Writing data for these Geller corpora: %s
07-26 16:32:49.010 I/Finsky  (23988): [41001] AU2: Failure History successfully updated for package com.google.android.as, attempting to upgrade to version 10860962 with install reason AUTO_UPDATE and status_code 1122
07-26 16:32:49.011 I/Finsky  (23988): [2] IQ::HLD: previousAllInstallsDone is Optional[false], allInstallationsDone is Optional[true]
07-26 16:32:49.012 I/Finsky  (23988): [2] IQ::HLD: Updating installations status false cross profiles
07-26 16:32:49.012 I/Finsky  (23988): [2] XPF:Binding for 114451164
07-26 16:32:49.012 I/Finsky  (23988): [2] XPF:User 0 is not in installation anymore, removing profile.
07-26 16:32:49.013 I/Finsky  (23988): [2] XPF:Notifying user u0 that all installs are finished
07-26 16:32:49.015 I/dolt    ( 8600): (REDACTED) Writing metadata key: %s, corpus: %s
07-26 16:32:49.016 I/dolt    ( 8600): (REDACTED) Writing metadata key: %s, corpus: %s
07-26 16:32:49.018 I/dolt    ( 8600): (REDACTED) Writing metadata key: %s, corpus: %s
07-26 16:32:49.022 I/Finsky  (23988): [2] DL: Data loader session turned off due to Incremental install not requested: com.google.android.ims
07-26 16:32:49.024 I/dolt    ( 8600): (REDACTED) Writing data for these Geller corpora: %s
07-26 16:32:49.025 I/dolt    ( 8600): (REDACTED) Writing metadata key: %s, corpus: %s
07-26 16:32:49.028 I/dolt    ( 8600): (REDACTED) Writing metadata key: %s, corpus: %s
07-26 16:32:49.030 I/dolt    ( 8600): (REDACTED) Writing metadata key: %s, corpus: %s
07-26 16:32:49.033 I/dolt    ( 8600): (REDACTED) Writing data for these Geller corpora: %s
07-26 16:32:49.052 I/dolt    ( 8600): (REDACTED) Writing metadata key: %s, corpus: %s
07-26 16:32:49.054 I/dolt    ( 8600): (REDACTED) Writing metadata key: %s, corpus: %s
07-26 16:32:49.068 I/dolt    ( 8600): (REDACTED) Writing data for these Geller corpora: %s
07-26 16:32:49.069 I/dolt    ( 8600): (REDACTED) Writing metadata key: %s, corpus: %s
07-26 16:32:49.077 I/dolt    ( 8600): (REDACTED) Writing metadata key: %s, corpus: %s
07-26 16:32:49.082 I/dolt    ( 8600): (REDACTED) Writing metadata key: %s, corpus: %s
07-26 16:32:49.087 I/Finsky  (23988): [2] DL: Data loader session turned off due to Incremental install not requested: com.google.android.ims
07-26 16:32:49.097 I/Finsky  (23988): [41004] AU2: Failure History successfully updated for package com.google.android.ims, attempting to upgrade to version 31144015 with install reason AUTO_UPDATE and status_code 1122
