07-26 16:39:39.350 W/SoLoader[NativeDeps]( 8190): Falling back to custom ELF parsing when loading libpando-serialize-utils.so, this can be slow
07-26 16:39:39.352 W/SoLoader[NativeDeps]( 8190): Falling back to custom ELF parsing when loading libpando-core.so, this can be slow
07-26 16:39:39.356 W/SoLoader[NativeDeps]( 8190): Falling back to custom ELF parsing when loading libpando-active-fields.so, this can be slow
07-26 16:39:39.360 W/SoLoader[NativeDeps]( 8190): Falling back to custom ELF parsing when loading libpando-graphql-params.so, this can be slow
07-26 16:39:39.362 W/SoLoader[NativeDeps]( 8190): Falling back to custom ELF parsing when loading libxplat_third-party_yajl_yajlAndroid.so, this can be slow
07-26 16:39:39.366 W/SoLoader[NativeDeps]( 8190): Falling back to custom ELF parsing when loading libpando-graphql-ast-flatbuffers-runtime.so, this can be slow
07-26 16:39:39.369 W/SoLoader[NativeDeps]( 8190): Falling back to custom ELF parsing when loading libpando-graphql-service.so, this can be slow
07-26 16:39:39.371 W/SoLoader[NativeDeps]( 8190): Falling back to custom ELF parsing when loading libgraphutil.so, this can be slow
07-26 16:39:39.375 W/SoLoader[NativeDeps]( 8190): Falling back to custom ELF parsing when loading libpando-jni.so, this can be slow
07-26 16:39:39.378 W/SoLoader[NativeDeps]( 8190): Falling back to custom ELF parsing when loading libpando-consistency-analytics.so, this can be slow
07-26 16:39:39.380 W/SoLoader[NativeDeps]( 8190): Falling back to custom ELF parsing when loading libpando-tree-updater-utils.so, this can be slow
07-26 16:39:39.538 W/SoLoader[NativeDeps]( 8190): Falling back to custom ELF parsing when loading libaom.so, this can be slow
07-26 16:39:39.553 W/SoLoader[NativeDeps]( 8190): Falling back to custom ELF parsing when loading libwzav1.so, this can be slow
07-26 16:39:39.571 W/SQLiteLog( 8190): (28) double-quoted string literal: "101"
07-26 16:39:39.571 W/SQLiteLog( 8190): (28) double-quoted string literal: "102"
07-26 16:39:39.571 W/SQLiteLog( 8190): (28) double-quoted string literal: "103"
07-26 16:39:39.571 W/SQLiteLog( 8190): (28) double-quoted string literal: "104"
07-26 16:39:39.571 W/SQLiteLog( 8190): (28) double-quoted string literal: "401"
07-26 16:39:39.571 W/SQLiteLog( 8190): (28) double-quoted string literal: "402"
07-26 16:39:39.571 W/SQLiteLog( 8190): (28) double-quoted string literal: "403"
07-26 16:39:39.571 W/SQLiteLog( 8190): (28) double-quoted string literal: "404"
07-26 16:39:39.571 W/SQLiteLog( 8190): (28) double-quoted string literal: "410"
07-26 16:39:39.571 W/SQLiteLog( 8190): (28) double-quoted string literal: "411"
07-26 16:39:39.572 W/SQLiteLog( 8190): (28) double-quoted string literal: "413"
07-26 16:39:39.572 W/SQLiteLog( 8190): (28) double-quoted string literal: "601"
07-26 16:39:39.572 W/SQLiteLog( 8190): (28) double-quoted string literal: "602"
07-26 16:39:39.572 W/SQLiteLog( 8190): (28) double-quoted string literal: "603"
07-26 16:39:39.572 W/SQLiteLog( 8190): (28) double-quoted string literal: "425"
07-26 16:39:39.572 W/SQLiteLog( 8190): (28) double-quoted string literal: "11"
07-26 16:39:39.572 W/SQLiteLog( 8190): (28) double-quoted string literal: "12"
07-26 16:39:39.572 W/SQLiteLog( 8190): (28) double-quoted string literal: "608"
07-26 16:39:39.572 W/SQLiteLog( 8190): (28) double-quoted string literal: "2"
07-26 16:39:39.572 W/SQLiteLog( 8190): (28) double-quoted string literal: "1"
07-26 16:39:39.572 W/SQLiteLog( 8190): (28) double-quoted string literal: "200"
07-26 16:39:39.572 W/SQLiteLog( 8190): (28) double-quoted string literal: "100"
07-26 16:39:39.572 W/SQLiteLog( 8190): (28) double-quoted string literal: "20"
07-26 16:39:39.572 W/SQLiteLog( 8190): (28) double-quoted string literal: "10"
07-26 16:39:39.572 W/SQLiteLog( 8190): (28) double-quoted string literal: "6"
07-26 16:39:39.572 W/SQLiteLog( 8190): (28) double-quoted string literal: "7"
07-26 16:39:39.573 W/SQLiteLog( 8190): (28) double-quoted string literal: "8"
07-26 16:39:39.771 I/com.whatsapp( 8190): JIT allocated 63KB for compiled code of void X.Hub.A0Z()
07-26 16:39:39.772 I/com.whatsapp( 8190): Compiler allocated 7759KB to compile void X.Hub.A0Z()
07-26 16:39:39.805 W/fbservices:InitStatus(30428): Not blocking Service (156452180)
07-26 16:39:39.805 W/fbservices:InitStatus(30428): Not blocking Service (156452180)
07-26 16:39:40.048 I/com.whatsapp( 8190): Compiler allocated 5601KB to compile X.87w X.1Sh.A02(android.database.Cursor, X.175, boolean, boolean)
07-26 16:39:40.333 I/com.whatsapp( 8190): Compiler allocated 9193KB to compile void X.AMJ.run()
07-26 16:39:40.544 I/com.whatsapp( 8190): JIT allocated 65KB for compiled code of void X.AMJ.run()
07-26 16:39:40.544 I/com.whatsapp( 8190): Compiler allocated 11MB to compile void X.AMJ.run()
07-26 16:39:40.680 I/Wear_Controller( 7413): Wearable module requires a companion app to be installed.
07-26 16:39:40.681 I/WearableService( 7413): onCreate: Wearable Services not starting. Wear is not available on this device.
07-26 16:39:40.681 W/GoogleCertificatesImpl( 7413): Source stamp verification failed, package: com.whatsapp status: NO_STAMP
07-26 16:39:40.682 W/WearableService( 7413): onGetService: Wear is not available on this device.
07-26 16:39:40.792 I/AiAiTextClassifier( 5901): onCreateTextClassificationSession = TextClassificationSessionId {acb4e8ff-b450-4f1c-9903-1134df4bed90}
07-26 16:39:40.794 I/AiAiTextClassifier( 5901): AiaiTextClassifierService.onSuggestConversationActions
07-26 16:39:40.827 I/AiAiTextClassifier( 5901): onDestroyTextClassificationSession = TextClassificationSessionId {acb4e8ff-b450-4f1c-9903-1134df4bed90}
07-26 16:39:42.065 I/com.whatsapp( 8190): Background concurrent copying GC freed 43MB AllocSpace bytes, 214(6040KB) LOS objects, 50% free, 20MB/41MB, paused 189us,35us total 160.788ms
07-26 16:39:46.850 I/evxf    (15939): (REDACTED) appOpsListener %s %s
07-26 16:39:46.850 I/evxf    (15939): (REDACTED) Ignoring irrelevant audio permission changes for package %s
07-26 16:39:59.396 I/WM-WorkerWrapper(11401): Worker result SUCCESS for Work [ id=d7a8d549-7974-4ca6-b501-ee23b30e2501, tags={ slack.telemetry.internal.FlushTelemetryEventsWork,app_scope,cancel_on_logout } ]
07-26 16:40:01.803 W/BatteryStatsService( 1799): Unknown sensor handle 0 received in noteWakeupSensorEvent
07-26 16:40:09.087 I/WM-WorkerWrapper( 8190): Worker result SUCCESS for Work [ id=6c73fa51-d698-42c2-b82a-cb25af765b9d, tags={ com.whatsapp.messaging.xmpp.XmppLifecycleWorker } ]
07-26 16:40:10.114 I/evxf    (15939): (REDACTED) appOpsListener %s %s
07-26 16:40:10.115 I/evxf    (15939): (REDACTED) Ignoring irrelevant audio permission changes for package %s
07-26 16:40:11.882 W/BatteryStatsService( 1799): Unknown sensor handle 0 received in noteWakeupSensorEvent
07-26 16:40:22.730 I/evxf    (15939): (REDACTED) appOpsListener %s %s
07-26 16:40:22.730 I/evxf    (15939): (REDACTED) Ignoring irrelevant audio permission changes for package %s
07-26 16:40:22.806 I/evxf    (15939): (REDACTED) appOpsListener %s %s
07-26 16:40:22.806 I/evxf    (15939): (REDACTED) Ignoring irrelevant audio permission changes for package %s
07-26 16:40:22.853 I/com.whatsapp( 8190): Waiting for a blocking GC ProfileSaver
07-26 16:40:22.894 I/com.whatsapp( 8190): Background concurrent copying GC freed 25MB AllocSpace bytes, 9(308KB) LOS objects, 50% free, 16MB/33MB, paused 57us,35us total 160.799ms
07-26 16:40:22.896 I/com.whatsapp( 8190): WaitForGcToComplete blocked ProfileSaver on Background for 43.238ms
07-26 16:40:28.852 I/evxf    (15939): (REDACTED) appOpsListener %s %s
07-26 16:40:28.852 I/evxf    (15939): (REDACTED) Ignoring irrelevant audio permission changes for package %s
07-26 16:40:29.411 I/WM-WorkerWrapper(11401): Worker result SUCCESS for Work [ id=5920fac5-63ce-486b-badc-99091517c3d7, tags={ slack.telemetry.internal.FlushTelemetryEventsWork,app_scope,cancel_on_logout } ]
07-26 16:40:37.179 I/bawi    (15939): (REDACTED) getHotwordActive::active query: %s, watch: %s, devices connected: %s
07-26 16:40:52.774 I/WM-WorkerWrapper( 8190): Worker result SUCCESS for Work [ id=a3465021-ed35-4b44-bd2b-f65e4dedac71, tags={ com.whatsapp.messaging.xmpp.XmppLifecycleWorker } ]
07-26 16:40:52.893 I/.gms.persistent(26549): Explicit concurrent copying GC freed 1195KB AllocSpace bytes, 10(520KB) LOS objects, 49% free, 9574KB/18MB, paused 378us,109us total 259.844ms
07-26 16:40:53.793 I/evxf    (15939): (REDACTED) appOpsListener %s %s
07-26 16:40:53.794 I/evxf    (15939): (REDACTED) Ignoring irrelevant audio permission changes for package %s
07-26 16:40:59.149 E/com.whatsapp( 8190): hiddenapi: Accessing hidden method Lcom/android/org/conscrypt/OpenSSLSocketImpl;->setUseSessionTickets(Z)V (runtime_flags=CorePlatformApi, domain=core-platform, api=max-target-q,core-platform-api) from LX/18J; (domain=app) using reflection: denied
07-26 16:40:59.150 E/com.whatsapp( 8190): hiddenapi: Accessing hidden method Lcom/android/org/conscrypt/AbstractConscryptSocket;->setUseSessionTickets(Z)V (runtime_flags=0, domain=core-platform, api=max-target-q) from LX/18J; (domain=app) using reflection: denied
07-26 16:40:59.224 I/WM-WorkerWrapper( 8190): Worker result SUCCESS for Work [ id=ff363113-e654-46da-ab0e-de2def407bf5, tags={ com.whatsapp.stickers.stickerpack.FetchDownloadableStickerPackWorker } ]
07-26 16:40:59.429 I/WM-WorkerWrapper(11401): Worker result SUCCESS for Work [ id=7c04d862-23ce-4897-bc20-db0041391d31, tags={ slack.telemetry.internal.FlushTelemetryEventsWork,app_scope,cancel_on_logout } ]
07-26 16:41:02.278 W/BatteryStatsService( 1799): Unknown sensor handle 0 received in noteWakeupSensorEvent
07-26 16:41:07.019 I/DeviceStatusMonitor(15342): DeviceStatusMonitor.handleBroadcast():123 onReceive() : Action = android.intent.action.SCREEN_ON
07-26 16:41:07.020 I/DeviceStatusMonitor(15342): DeviceStatusMonitor.updateCountryInfo():139 updateCountryInfo(), notifyAnyway = false
07-26 16:41:07.061 V/BaseBle (30122): MyNotificationListenerService isEnabled=true
07-26 16:41:07.080 E/fmrn    ( 7413): Unable to stop autobatch scan. [CONTEXT service_id=284 ]
07-26 16:41:07.080 E/fmrn    ( 7413): fmyu: BLE scanner is not available
07-26 16:41:07.080 E/fmrn    ( 7413): 	at fmrn.h(:com.google.android.gms@252931029@25.29.31 (190400-786286943):16)
07-26 16:41:07.080 E/fmrn    ( 7413): 	at fmrn.c(:com.google.android.gms@252931029@25.29.31 (190400-786286943):1)
07-26 16:41:07.080 E/fmrn    ( 7413): 	at bneq.run(:com.google.android.gms@252931029@25.29.31 (190400-786286943):9)
07-26 16:41:07.080 E/fmrn    ( 7413): 	at fzvu.run(:com.google.android.gms@252931029@25.29.31 (190400-786286943):21)
07-26 16:41:07.080 E/fmrn    ( 7413): 	at java.util.concurrent.Executors$RunnableAdapter.call(Executors.java:524)
07-26 16:41:07.080 E/fmrn    ( 7413): 	at gibi.a(:com.google.android.gms@252931029@25.29.31 (190400-786286943):3)
07-26 16:41:07.080 E/fmrn    ( 7413): 	at giai.run(:com.google.android.gms@252931029@25.29.31 (190400-786286943):19)
07-26 16:41:07.080 E/fmrn    ( 7413): 	at gibj.run(:com.google.android.gms@252931029@25.29.31 (190400-786286943):5)
07-26 16:41:07.080 E/fmrn    ( 7413): 	at giay.run(:com.google.android.gms@252931029@25.29.31 (190400-786286943):3)
07-26 16:41:07.080 E/fmrn    ( 7413): 	at giaz.run(:com.google.android.gms@252931029@25.29.31 (190400-786286943):64)
07-26 16:41:07.080 E/fmrn    ( 7413): 	at azxx.c(:com.google.android.gms@252931029@25.29.31 (190400-786286943):50)
07-26 16:41:07.080 E/fmrn    ( 7413): 	at azxx.run(:com.google.android.gms@252931029@25.29.31 (190400-786286943):70)
07-26 16:41:07.080 E/fmrn    ( 7413): 	at java.util.concurrent.ThreadPoolExecutor.runWorker(ThreadPoolExecutor.java:1156)
07-26 16:41:07.080 E/fmrn    ( 7413): 	at java.util.concurrent.ThreadPoolExecutor$Worker.run(ThreadPoolExecutor.java:651)
07-26 16:41:07.080 E/fmrn    ( 7413): 	at badq.run(:com.google.android.gms@252931029@25.29.31 (190400-786286943):8)
07-26 16:41:07.080 E/fmrn    ( 7413): 	at java.lang.Thread.run(Thread.java:1119)
07-26 16:41:07.138 I/NullBinder( 7413): NullBinder for android.net.action.RECOMMEND_NETWORKS triggering remote TransactionTooLargeException due to Service without Chimera impl, calling uid: 1000, calling pid: 0
07-26 16:41:07.138 W/.gms.persistent( 7413): Large reply transaction of 4227072 bytes, interface descriptor , code 1
07-26 16:41:07.177 I/NetworkScheduler.Stats( 7413): (REDACTED) Task %s/%s started execution. cause:%s exec_start_elapsed_seconds: %s
07-26 16:41:07.303 D/BoundBrokerSvc( 7413): onRebind: Intent { act=com.google.android.gms.auth.aang.events.services.START dat=chimera-action:/... cmp=com.google.android.gms/.chimera.PersistentApiService }
07-26 16:41:07.605 I/NearbySharing( 7413): Network state changed: NetworkState(isRestricted=false, isOnline=true, isCongested=false, isMetered=false, isWifiConnected=true)
07-26 16:41:08.679 D/BatteryStatsService( 1799): notePemString  noteWhich: 49,arg1: -2, arg2: -1, arg3: 3501, arg4: 672, name: com.android.systemui
07-26 16:41:08.805 D/BatteryStatsService( 1799): notePemString  noteWhich: 49,arg1: 1080, arg2: 2400, arg3: 3501, arg4: 322, name: com.android.systemui
07-26 16:41:08.821 D/BatteryStatsService( 1799): notePemString  noteWhich: 49,arg1: 1080, arg2: 2400, arg3: 3501, arg4: 322, name: com.android.systemui
07-26 16:41:08.877 I/ukf     (15939): Disconnecting from SysUi, flag disabled [IVR-C]
07-26 16:41:08.877 I/ukf     (15939): Disconnecting from SysUi, VM not enabled [IVR-C]
07-26 16:41:08.878 I/uka     (15939): No binding to unbind [IVR-C]
07-26 16:41:08.878 I/uka     (15939): Disconnected from SysUi [IVR-C]
07-26 16:41:08.888 D/BatteryStatsService( 1799): notePemString  noteWhich: 49,arg1: -2, arg2: -1, arg3: 3501, arg4: 322, name: com.android.systemui
07-26 16:41:08.888 D/BatteryStatsService( 1799): notePemString  noteWhich: 49,arg1: -2, arg2: -1, arg3: 3501, arg4: 672, name: com.android.systemui
07-26 16:41:08.888 D/BatteryStatsService( 1799): notePemString  noteWhich: 49,arg1: -2, arg2: -1, arg3: 3501, arg4: 322, name: com.android.systemui
07-26 16:41:08.892 I/fehd    (15939): (REDACTED) O received %s
07-26 16:41:08.914 D/BatteryStatsService( 1799): notePemString  noteWhich: 49,arg1: 1080, arg2: 2400, arg3: 3501, arg4: 322, name: com.android.systemui
07-26 16:41:08.935 I/NearbySharing( 7413): Screen is unlocked
07-26 16:41:08.941 I/NearbySharing( 7413): Uwb feature is off.
07-26 16:41:08.941 I/NearbySharing( 7413): Uwb feature is off.
07-26 16:41:08.941 I/NearbySharing( 7413): Stopping scanning because Bluetooth is disabled.
07-26 16:41:08.954 I/NearbySharing( 7413): Stopping Fast Init advertisement because Bluetooth is off.
07-26 16:41:08.954 I/NearbySharing( 7413): Stopping advertising because Bluetooth is disabled.
07-26 16:41:08.966 W/fbservices:InitStatus(30428): Not blocking Service (156452180)
07-26 16:41:08.966 W/fbservices:InitStatus(30428): Not blocking Service (156452180)
07-26 16:41:08.969 I/NearbySharing( 7413): Fast Initiation Scanning has stopped
07-26 16:41:08.969 I/NearbySharing( 7413): Stopping FastInitiation scanning because Bluetooth is disabled.
07-26 16:41:08.975 I/NearbySharing( 7413): Dismissing HUN as there's no device nearby.
07-26 16:41:08.977 I/GoogleInputMethodService(15342): GoogleInputMethodService.onStartInput():1248 onStartInput(EditorInfo{EditorInfo{packageName=com.android.settings, inputType=0, inputTypeString=NULL, enableLearning=false, autoCorrection=false, autoComplete=false, imeOptions=0, privateImeOptions=null, actionName=UNSPECIFIED, actionLabel=null, initialSelStart=-1, initialSelEnd=-1, initialCapsMode=0, label=null, fieldId=0, fieldName=null, extras=null, hintText=null, hintLocales=[]}}, false)
07-26 16:41:08.979 I/DeviceLockTags(15342): DeviceLockTags.notifyDeviceLockStatusChanged():108 notifyDeviceLockStatusChanged(): deviceLocked=false, blockPersonalData=false
07-26 16:41:08.979 I/Module  (15342): DeviceLockedStatusModuleProvider$Module.updateDeviceLockedStatus():100 repeatCheckTimes = 1, locked = false
07-26 16:41:08.982 I/ClipboardDataHandler(15342): ClipboardDataHandler.updateScreenshotsContentObserver():299 Enable the feature of handling screenshots in the clipboard.
07-26 16:41:08.983 W/NotificationCenter(15342): NotificationCenter.unregisterListener():480 Listener ghj@2e2b1c9 was not registered for notification class xlg
07-26 16:41:08.986 I/AbstractOpenableExtension(15342): AbstractOpenableExtension.createKeyboardGroupManagerListenableFuture():121 Create keyboard group manager listenable future in hxw
07-26 16:41:08.987 I/AbstractOpenableExtension(15342): AbstractOpenableExtension.createKeyboardGroupManagerListenableFuture():121 Create keyboard group manager listenable future in myf
07-26 16:41:08.987 I/EmojifyExtensionImpl(15342): EmojifyExtensionImpl.onCreate():600 Creating Emojify extension hvu@b717c3d.
07-26 16:41:08.988 I/HardKeyTracker(15342): HardKeyTracker.unregisterKeySequence():182 Unregister key sequence ynb{labelResId=2132020319, callback=sik@ff13d72, lastModifier=2, keyCodes=[37], actions=[0]}
07-26 16:41:08.988 I/HardKeyTracker(15342): HardKeyTracker.registerKeySequence():138 Register key sequence ynb{labelResId=2132020319, callback=sik@5a0f5f5, lastModifier=2, keyCodes=[37], actions=[0]}
07-26 16:41:08.988 I/HardKeyTracker(15342): HardKeyTracker.unregisterKeySequence():182 Unregister key sequence ynb{labelResId=2132020320, callback=sik@e204b1f, lastModifier=65536, keyCodes=[76], actions=[0]}
07-26 16:41:08.988 I/HardKeyTracker(15342): HardKeyTracker.registerKeySequence():138 Register key sequence ynb{labelResId=2132020320, callback=sik@471a56, lastModifier=65536, keyCodes=[76], actions=[0]}
07-26 16:41:08.989 I/HardKeyTracker(15342): HardKeyTracker.unregisterKeySequence():182 Unregister key sequence ynb{labelResId=2132020321, callback=sik@3fc3558, lastModifier=2, keyCodes=[48], actions=[0]}
07-26 16:41:08.989 I/HardKeyTracker(15342): HardKeyTracker.registerKeySequence():138 Register key sequence ynb{labelResId=2132020321, callback=sik@1a0d73, lastModifier=2, keyCodes=[48], actions=[0]}
07-26 16:41:08.989 I/HardKeyTracker(15342): HardKeyTracker.unregisterKeySequence():182 Unregister key sequence ynb{labelResId=2132020316, callback=sik@41c0ced, lastModifier=2, keyCodes=[50], actions=[0]}
07-26 16:41:08.989 I/HardKeyTracker(15342): HardKeyTracker.registerKeySequence():138 Register key sequence ynb{labelResId=2132020316, callback=sik@dfb235c, lastModifier=2, keyCodes=[50], actions=[0]}
07-26 16:41:08.989 I/HardKeyTracker(15342): HardKeyTracker.unregisterKeySequence():182 Unregister key sequence ynb{labelResId=2132020321, callback=sik@c09536e, lastModifier=2, keyCodes=[48], actions=[0]}
07-26 16:41:08.989 I/HardKeyTracker(15342): HardKeyTracker.registerKeySequence():138 Register key sequence ynb{labelResId=2132020321, callback=sik@54fe3e1, lastModifier=2, keyCodes=[48], actions=[0]}
07-26 16:41:08.989 I/HardKeyTracker(15342): HardKeyTracker.unregisterKeySequence():182 Unregister key sequence ynb{labelResId=2132020319, callback=sik@d88682b, lastModifier=2, keyCodes=[37], actions=[0]}
07-26 16:41:08.989 I/HardKeyTracker(15342): HardKeyTracker.registerKeySequence():138 Register key sequence ynb{labelResId=2132020319, callback=sik@54c2b92, lastModifier=2, keyCodes=[37], actions=[0]}
07-26 16:41:08.989 I/HardKeyTracker(15342): HardKeyTracker.unregisterKeySequence():182 Unregister key sequence ynb{labelResId=2132020316, callback=sik@828134, lastModifier=2, keyCodes=[50], actions=[0]}
07-26 16:41:08.989 I/HardKeyTracker(15342): HardKeyTracker.registerKeySequence():138 Register key sequence ynb{labelResId=2132020316, callback=sik@9e408bf, lastModifier=2, keyCodes=[50], actions=[0]}
07-26 16:41:08.990 I/KeyboardGroupDefParser(15342): KeyboardGroupDefParser.parseKeyboardGroupDef():86 parseKeyboardGroupDef() 2132213989 -> 0_resource_name_obfuscated : WaitTime = 3 ms : RunTime = 0 ms
07-26 16:41:08.990 I/KeyboardGroupDefParser(15342): KeyboardGroupDefParser.parseKeyboardGroupDef():86 parseKeyboardGroupDef() 2132213981 -> 0_resource_name_obfuscated : WaitTime = 4 ms : RunTime = 1 ms
07-26 16:41:08.991 I/KeyboardGroupDefParser(15342): KeyboardGroupDefParser.parseKeyboardGroupDef():86 parseKeyboardGroupDef() 2132213988 -> 0_resource_name_obfuscated : WaitTime = 3 ms : RunTime = 2 ms
07-26 16:41:08.996 D/BatteryStatsService( 1799): notePemString  noteWhich: 49,arg1: -2, arg2: -1, arg3: 3501, arg4: 322, name: com.android.systemui
07-26 16:41:09.003 I/ahqe    ( 8600): getLocaleToModelSpecsMap
07-26 16:41:09.003 I/ahqe    ( 8600): Fetching latest config from MDD...
07-26 16:41:09.003 I/ahqe    ( 8600): (REDACTED) Found map of size: %d
07-26 16:41:09.009 D/BatteryStatsService( 1799): notePemString  noteWhich: 49,arg1: -2, arg2: -1, arg3: 3501, arg4: 672, name: com.android.systemui
07-26 16:41:09.010 D/BatteryStatsService( 1799): notePemString  noteWhich: 49,arg1: -2, arg2: -1, arg3: 3501, arg4: 322, name: com.android.systemui
07-26 16:41:09.027 D/BatteryStatsService( 1799): notePemString  noteWhich: 49,arg1: 1080, arg2: 2400, arg3: 3501, arg4: 322, name: com.android.systemui
07-26 16:41:09.064 I/NearbyMediums( 7413): ModuleInitializer handles incoming intent android.intent.action.USER_PRESENT
07-26 16:41:09.072 I/Nearby  ( 7413): (REDACTED) Beginning attempt #%d out of %d for %s...
07-26 16:41:09.072 I/RCNIntentOperation( 7413): RCN is disabled on this network.
07-26 16:41:09.074 I/NearbyMediums( 7413): BluetoothAdapter's name was not set by Nearby Connections, ignoring call to restore default scan mode.
07-26 16:41:09.076 I/NearbyMediums( 7413): BluetoothAdapter's name was not set by Nearby Connections, ignoring call to restore device name
07-26 16:41:09.080 I/NearbyMediums(26549): ModuleInitializer handles incoming intent android.intent.action.USER_PRESENT
07-26 16:41:09.088 I/PersonalSafety( 7511): ConnectivityProtectionLockingIntentOperation: cancelled task [CONTEXT service_id=310 ]
07-26 16:41:09.092 I/Nearby  (26549): (REDACTED) Beginning attempt #%d out of %d for %s...
07-26 16:41:09.097 D/BoundBrokerSvc(29916): onBind: Intent { act=com.google.android.gms.auth.cryptauth.cryptauthservice.START dat=chimera-action:/... cmp=com.google.android.gms/.chimera.GmsBoundBrokerService }
07-26 16:41:09.097 D/BoundBrokerSvc(29916): Loading bound service for intent: Intent { act=com.google.android.gms.auth.cryptauth.cryptauthservice.START dat=chimera-action:/... cmp=com.google.android.gms/.chimera.GmsBoundBrokerService }
07-26 16:41:09.100 I/SystemUpdate(29916): [Control,UpdateReminderDialogControl] System update management not enabled in this context. Ignoring intent: Intent { act=android.intent.action.USER_PRESENT flg=0x4200010 pkg=com.google.android.gms }
07-26 16:41:09.100 I/NearbyMediums(26549): BluetoothAdapter's name was not set by Nearby Connections, ignoring call to restore default scan mode.
07-26 16:41:09.105 I/NearbyMediums(26549): BluetoothAdapter's name was not set by Nearby Connections, ignoring call to restore device name
07-26 16:41:09.106 D/BoundBrokerSvc(29916): onBind: Intent { act=com.google.android.gms.pay.service.BIND dat=chimera-action:/... cmp=com.google.android.gms/.chimera.GmsApiService }
07-26 16:41:09.106 D/BoundBrokerSvc(29916): Loading bound service for intent: Intent { act=com.google.android.gms.pay.service.BIND dat=chimera-action:/... cmp=com.google.android.gms/.chimera.GmsApiService }
07-26 16:41:09.109 I/RCNIntentOperation(26549): RCN is disabled on this network.
07-26 16:41:09.111 D/BoundBrokerSvc(26549): onRebind: Intent { act=com.google.android.gms.auth.aang.events.services.START dat=chimera-action:/... cmp=com.google.android.gms/.chimera.PersistentApiService }
07-26 16:41:09.144 I/NetworkScheduler.Stats( 7413): (REDACTED) Task %s/%s finished executing. cause:%s result: %s elapsed_millis: %s uptime_millis: %s exec_start_elapsed_seconds: %s
07-26 16:41:09.365 W/libc    ( 8600): Access denied finding property "vendor.display.enable_optimal_refresh_rate"
07-26 16:41:09.367 E/OpenGLRenderer( 8600): Unable to match the desired swap behavior.
07-26 16:41:09.385 W/fbservices:InitStatus(30428): Not blocking Service (156452180)
07-26 16:41:09.385 W/fbservices:InitStatus(30428): Not blocking Service (156452180)
07-26 16:41:09.386 I/cnsc    ( 8600): onStart
07-26 16:41:09.391 I/clpy    ( 8600): (REDACTED) [%s] onStart()
07-26 16:41:09.391 I/clsd    ( 8600): Reloading theme data
07-26 16:41:09.395 I/cnsc    ( 8600): onResume
07-26 16:41:09.409 D/BoundBrokerSvc( 7511): onBind: Intent { act=com.google.android.gms.inappreach.service.START dat=chimera-action:/... cmp=com.google.android.gms/.chimera.GmsApiService }
07-26 16:41:09.410 D/BoundBrokerSvc( 7511): Loading bound service for intent: Intent { act=com.google.android.gms.inappreach.service.START dat=chimera-action:/... cmp=com.google.android.gms/.chimera.GmsApiService }
07-26 16:41:09.522 I/GoogleInputMethodService(15342): GoogleInputMethodService.onFinishInput():1984 
07-26 16:41:09.523 I/Module  (15342): DeviceLockedStatusModuleProvider$Module.updateDeviceLockedStatus():100 repeatCheckTimes = 0, locked = false
07-26 16:41:09.524 I/GoogleInputMethodService(15342): GoogleInputMethodService.onStartInput():1248 onStartInput(EditorInfo{EditorInfo{packageName=com.android.launcher3, inputType=0, inputTypeString=NULL, enableLearning=false, autoCorrection=false, autoComplete=false, imeOptions=0, privateImeOptions=null, actionName=UNSPECIFIED, actionLabel=null, initialSelStart=-1, initialSelEnd=-1, initialCapsMode=0, label=null, fieldId=0, fieldName=null, extras=null, hintText=null, hintLocales=[]}}, false)
07-26 16:41:09.527 I/Module  (15342): DeviceLockedStatusModuleProvider$Module.updateDeviceLockedStatus():100 repeatCheckTimes = 1, locked = false
07-26 16:41:09.778 D/BatteryStatsService( 1799): notePemString  noteWhich: 49,arg1: -1, arg2: -1, arg3: 4277, arg4: 9809, name: com.vivo.fingerprintui
07-26 16:41:10.094 I/evxf    (15939): (REDACTED) appOpsListener %s %s
07-26 16:41:10.094 I/evxf    (15939): (REDACTED) Ignoring irrelevant audio permission changes for package %s
07-26 16:41:10.115 D/AppCompatDelegate( 8190): Checking for metadata for AppLocalesMetadataHolderService : Service not found
07-26 16:41:10.170 D/VivoConfigStore( 8190): key:vivo.software.multilandscape isCached is true and value is true
07-26 16:41:10.171 D/VivoConfigStore( 8190): key:vivo.software.ml.freedrag isCached is false and normal value is false
07-26 16:41:10.172 D/VivoConfigStore( 8190): key:vivo.software.ml.unasso isCached is false and normal value is false
07-26 16:41:10.172 D/VivoConfigStore( 8190): key:vivo.software.virtualmultilands isCached is true and value is true
07-26 16:41:10.174 D/VivoConfigStore( 8190): key:vivo.software.hovermode isCached is false and normal value is false
07-26 16:41:10.200 I/cnsc    ( 8600): onPause
07-26 16:41:10.226 D/VivoConfigStore( 8190): key:vivo.software.freeform isCached is true and value is true
07-26 16:41:10.293 D/CompatibilityChangeReporter( 8190): Compat change id reported: 171228096; UID 10398; state: ENABLED
07-26 16:41:10.294 I/AppCompatViewInflater( 8190): app:theme is now deprecated. Please move to using android:theme instead.
07-26 16:41:10.316 D/CompatibilityChangeReporter( 8190): Compat change id reported: 210923482; UID 10398; state: ENABLED
07-26 16:41:10.327 I/ContentCaptureHelper( 8190): Setting logging level to OFF
07-26 16:41:10.340 D/CompatibilityChangeReporter( 8190): Compat change id reported: 237531167; UID 10398; state: DISABLED
07-26 16:41:10.367 D/VivoConfigStore( 8190): key:vivo.software.springeffect isCached is true and value is true
07-26 16:41:10.441 W/libc    ( 8190): Access denied finding property "vendor.display.enable_optimal_refresh_rate"
07-26 16:41:10.441 W/com.whatsapp( 8190): type=1400 audit(0.0:1672065): avc:  denied  { read } for  name="u:object_r:vendor_display_prop:s0" dev="tmpfs" ino=10030 scontext=u:r:untrusted_app:s0:c142,c257,c512,c768 tcontext=u:object_r:vendor_display_prop:s0 tclass=file permissive=0 app=com.whatsapp
07-26 16:41:10.441 I/AdrenoGLES-0( 8190): QUALCOMM build                   : 954c274f64, I3b030ac11d
07-26 16:41:10.441 I/AdrenoGLES-0( 8190): Build Date                       : 11/15/21
07-26 16:41:10.441 I/AdrenoGLES-0( 8190): OpenGL ES Shader Compiler Version: EV031.32.02.06
07-26 16:41:10.441 I/AdrenoGLES-0( 8190): Local Branch                     : 
07-26 16:41:10.441 I/AdrenoGLES-0( 8190): Remote Branch                    : 
07-26 16:41:10.441 I/AdrenoGLES-0( 8190): Remote Branch                    : 
07-26 16:41:10.441 I/AdrenoGLES-0( 8190): Reconstruct Branch               : 
07-26 16:41:10.442 I/AdrenoGLES-0( 8190): Build Config                     : S P 10.0.7 AArch64
07-26 16:41:10.442 I/AdrenoGLES-0( 8190): Driver Path                      : /vendor/lib64/egl/libGLESv2_adreno.so
07-26 16:41:10.443 W/RecyclerView( 8190): No adapter attached; skipping layout
07-26 16:41:10.445 I/AdrenoGLES-0( 8190): PFP: 0x016dd091, ME: 0x00000000
07-26 16:41:10.461 W/RenderThread( 8190): type=1400 audit(0.0:1672066): avc:  denied  { search } for  name="vivo-common" dev="dm-46" ino=20 scontext=u:r:untrusted_app:s0:c142,c257,c512,c768 tcontext=u:object_r:vivo_data_file:s0 tclass=dir permissive=0 app=com.whatsapp
07-26 16:41:10.466 E/OpenGLRenderer( 8190): Unable to match the desired swap behavior.
07-26 16:41:10.556 W/RecyclerView( 8190): No adapter attached; skipping layout
07-26 16:41:10.575 W/TextView( 8190): onProvideContentCaptureStructure(): calling assumeLayout()
07-26 16:41:10.575 W/TextView( 8190): onProvideContentCaptureStructure(): calling assumeLayout()
07-26 16:41:10.576 W/TextView( 8190): onProvideContentCaptureStructure(): calling assumeLayout()
07-26 16:41:10.576 W/TextView( 8190): onProvideContentCaptureStructure(): calling assumeLayout()
07-26 16:41:10.576 W/TextView( 8190): onProvideContentCaptureStructure(): calling assumeLayout()
07-26 16:41:10.576 W/TextView( 8190): onProvideContentCaptureStructure(): calling assumeLayout()
07-26 16:41:10.576 W/TextView( 8190): onProvideContentCaptureStructure(): calling assumeLayout()
07-26 16:41:10.576 W/TextView( 8190): onProvideContentCaptureStructure(): calling assumeLayout()
07-26 16:41:10.586 I/ActivityTaskManager( 1799): Displayed com.whatsapp/.home.ui.HomeActivity for user 0: +515ms
07-26 16:41:10.587 W/View    ( 8190): requestLayout() improperly called by androidx.appcompat.widget.ActionMenuView{44e7e54 V.E...... ......ID 837,0-1080,154} during layout: running second layout pass
07-26 16:41:10.671 W/SQLiteLog( 8190): (28) double-quoted string literal: "20"
07-26 16:41:10.671 W/SQLiteLog( 8190): (28) double-quoted string literal: "40"
07-26 16:41:10.741 I/cnsc    ( 8600): onStop
07-26 16:41:10.762 V/ImeFocusController( 8190): onWindowFocus: DecorView@b565ec9[HomeActivity] softInputMode=STATE_UNSPECIFIED|ADJUST_RESIZE|IS_FORWARD_NAVIGATION
07-26 16:41:10.772 I/GoogleInputMethodService(15342): GoogleInputMethodService.onFinishInput():1984 
07-26 16:41:10.774 W/View    ( 8190): requestLayout() improperly called by androidx.appcompat.widget.ActionMenuView{44e7e54 V.E...... ......ID 837,0-1080,154 aid=1073741992} during layout: running second layout pass
07-26 16:41:10.776 I/Module  (15342): DeviceLockedStatusModuleProvider$Module.updateDeviceLockedStatus():100 repeatCheckTimes = 0, locked = false
07-26 16:41:10.776 I/GoogleInputMethodService(15342): GoogleInputMethodService.onStartInput():1248 onStartInput(EditorInfo{EditorInfo{packageName=com.whatsapp, inputType=0, inputTypeString=NULL, enableLearning=false, autoCorrection=false, autoComplete=false, imeOptions=0, privateImeOptions=null, actionName=UNSPECIFIED, actionLabel=null, initialSelStart=-1, initialSelEnd=-1, initialCapsMode=0, label=null, fieldId=0, fieldName=null, extras=null, hintText=null, hintLocales=[]}}, false)
07-26 16:41:10.778 I/Module  (15342): DeviceLockedStatusModuleProvider$Module.updateDeviceLockedStatus():100 repeatCheckTimes = 1, locked = false
07-26 16:41:10.895 I/com.whatsapp( 8190): Compiler allocated 6829KB to compile java.util.concurrent.ConcurrentHashMap X.18w.A01(X.18w, X.175)
07-26 16:41:10.956 I/ContentCaptureHelper( 8190): Setting logging level to OFF
07-26 16:41:10.977 W/View    ( 8190): requestLayout() improperly called by androidx.appcompat.widget.ActionMenuView{44e7e54 V.E...... ......ID 837,0-1080,154 aid=1073741992} during layout: running second layout pass
07-26 16:41:10.988 W/RecyclerView( 8190): No adapter attached; skipping layout
07-26 16:41:11.175 W/View    ( 8190): requestLayout() improperly called by androidx.appcompat.widget.ActionMenuView{44e7e54 V.E...... ......ID 705,0-1080,154 aid=1073741992} during layout: running second layout pass
07-26 16:41:11.176 W/SoLoader[NativeDeps]( 8190): Falling back to custom ELF parsing when loading libgifimage.so, this can be slow
07-26 16:41:11.179 D/nativeloader( 8190): Load /data/data/com.whatsapp/files/decompressed/libs.spo/libgifimage.so using class loader ns clns-5 (caller=/data/app/~~8xyMVmOt34F-6njCFgvM8A==/com.whatsapp-_6sK_ThKErDJFGuOeWsJng==/base.apk!classes2.dex): ok
07-26 16:41:11.177 W/pool-20-thread-( 8190): type=1400 audit(0.0:1672067): avc:  granted  { execute } for  path="/data/data/com.whatsapp/files/decompressed/libs.spo/libgifimage.so" dev="dm-46" ino=83113 scontext=u:r:untrusted_app:s0:c142,c257,c512,c768 tcontext=u:object_r:app_data_file:s0:c142,c257,c512,c768 tclass=file app=com.whatsapp
07-26 16:41:12.338 W/BatteryStatsService( 1799): Unknown sensor handle 0 received in noteWakeupSensorEvent
07-26 16:41:15.947 E/FbnsAIDLClientManager(11905): Max Try reached for binding to FbnsAIDLService, threadId 41642
07-26 16:41:15.948 E/FbnsAIDLClientManager(11905): Fbns AIDL request got RemoteException
07-26 16:41:15.948 E/FbnsAIDLClientManager(11905): android.os.RemoteException: AIDLService is not bound
07-26 16:41:15.948 E/FbnsAIDLClientManager(11905): 	at X.5oL.A00(:21)
07-26 16:41:15.948 E/FbnsAIDLClientManager(11905): 	at X.BQb.call(:302)
07-26 16:41:15.948 E/FbnsAIDLClientManager(11905): 	at java.util.concurrent.FutureTask.run(FutureTask.java:317)
07-26 16:41:15.948 E/FbnsAIDLClientManager(11905): 	at java.util.concurrent.ThreadPoolExecutor.runWorker(ThreadPoolExecutor.java:1156)
07-26 16:41:15.948 E/FbnsAIDLClientManager(11905): 	at java.util.concurrent.ThreadPoolExecutor$Worker.run(ThreadPoolExecutor.java:651)
07-26 16:41:15.948 E/FbnsAIDLClientManager(11905): 	at java.lang.Thread.run(Thread.java:1119)
07-26 16:41:17.067 I/NearbyPresence(26549): (REDACTED) %s verified [==] new request %s equals to the old request
07-26 16:41:17.074 I/NearbyPresence( 7413): (REDACTED) %s verified [==] new request %s equals to the old request
07-26 16:41:18.431 I/AppCompatViewInflater( 8190): app:theme is now deprecated. Please move to using android:theme instead.
07-26 16:41:18.444 E/com.whatsapp( 8190): Invalid resource ID 0x00000000.
07-26 16:41:18.445 E/com.whatsapp( 8190): Invalid resource ID 0x00000000.
07-26 16:41:18.446 E/com.whatsapp( 8190): Invalid resource ID 0x00000000.
07-26 16:41:18.446 E/com.whatsapp( 8190): Invalid resource ID 0x00000000.
07-26 16:41:18.446 E/com.whatsapp( 8190): Invalid resource ID 0x00000000.
07-26 16:41:18.446 E/com.whatsapp( 8190): Invalid resource ID 0x00000000.
07-26 16:41:18.448 E/com.whatsapp( 8190): Invalid resource ID 0x00000000.
07-26 16:41:18.448 E/com.whatsapp( 8190): Invalid resource ID 0x00000000.
07-26 16:41:18.448 E/com.whatsapp( 8190): Invalid resource ID 0x00000000.
07-26 16:41:18.448 E/com.whatsapp( 8190): Invalid resource ID 0x00000000.
07-26 16:41:18.448 E/com.whatsapp( 8190): Invalid resource ID 0x00000000.
07-26 16:41:18.448 E/com.whatsapp( 8190): Invalid resource ID 0x00000000.
07-26 16:41:18.448 E/com.whatsapp( 8190): Invalid resource ID 0x00000000.
07-26 16:41:18.449 E/com.whatsapp( 8190): Invalid resource ID 0x00000000.
07-26 16:41:18.449 E/com.whatsapp( 8190): Invalid resource ID 0x00000000.
07-26 16:41:18.449 E/com.whatsapp( 8190): Invalid resource ID 0x00000000.
07-26 16:41:18.449 E/com.whatsapp( 8190): Invalid resource ID 0x00000000.
07-26 16:41:18.449 E/com.whatsapp( 8190): Invalid resource ID 0x00000000.
07-26 16:41:18.494 I/ContentCaptureHelper( 8190): Setting logging level to OFF
07-26 16:41:18.497 I/AiAiConversations( 5901): [MessageActivityBroadcaster][component=ComponentInfo{com.whatsapp/com.whatsapp.Conversation}][sessionId=778231044][taskLocusId=] Enter Conversation
07-26 16:41:18.516 W/libc    ( 8190): Access denied finding property "vendor.display.enable_optimal_refresh_rate"
07-26 16:41:18.513 W/com.whatsapp( 8190): type=1400 audit(0.0:1672071): avc:  denied  { read } for  name="u:object_r:vendor_display_prop:s0" dev="tmpfs" ino=10030 scontext=u:r:untrusted_app:s0:c142,c257,c512,c768 tcontext=u:object_r:vendor_display_prop:s0 tclass=file permissive=0 app=com.whatsapp
07-26 16:41:18.518 E/OpenGLRenderer( 8190): Unable to match the desired swap behavior.
07-26 16:41:18.649 W/TextView( 8190): onProvideContentCaptureStructure(): calling assumeLayout()
07-26 16:41:18.650 W/TextView( 8190): onProvideContentCaptureStructure(): calling assumeLayout()
07-26 16:41:18.650 W/TextView( 8190): onProvideContentCaptureStructure(): calling assumeLayout()
07-26 16:41:18.650 W/TextView( 8190): onProvideContentCaptureStructure(): calling assumeLayout()
07-26 16:41:18.650 W/TextView( 8190): onProvideContentCaptureStructure(): calling assumeLayout()
07-26 16:41:18.651 W/TextView( 8190): onProvideContentCaptureStructure(): calling assumeLayout()
07-26 16:41:18.651 W/TextView( 8190): onProvideContentCaptureStructure(): calling assumeLayout()
07-26 16:41:18.651 W/TextView( 8190): onProvideContentCaptureStructure(): calling assumeLayout()
07-26 16:41:18.651 W/TextView( 8190): onProvideContentCaptureStructure(): calling assumeLayout()
07-26 16:41:18.651 W/TextView( 8190): onProvideContentCaptureStructure(): calling assumeLayout()
07-26 16:41:18.651 W/TextView( 8190): onProvideContentCaptureStructure(): calling assumeLayout()
07-26 16:41:18.652 W/TextView( 8190): onProvideContentCaptureStructure(): calling assumeLayout()
07-26 16:41:18.652 W/TextView( 8190): onProvideContentCaptureStructure(): calling assumeLayout()
07-26 16:41:18.652 D/CompatibilityChangeReporter( 8190): Compat change id reported: 163400105; UID 10398; state: ENABLED
07-26 16:41:18.658 I/ActivityTaskManager( 1799): Displayed com.whatsapp/.Conversation for user 0: +289ms
07-26 16:41:18.683 W/View    ( 8190): requestLayout() improperly called by androidx.appcompat.widget.ActionMenuView{bb31482 V.E...... ......ID 705,0-1080,154} during layout: running second layout pass
07-26 16:41:18.707 D/CompatibilityChangeReporter( 8190): Compat change id reported: 289878283; UID 10398; state: ENABLED
07-26 16:41:18.711 V/ImeFocusController( 8190): onWindowFocus: com.whatsapp.mentions.MentionableEntry{81cc4de VFED.VCL. .F...... 121,24-535,107 #7f0b0de7 app:id/entry aid=1073741985} softInputMode=STATE_UNCHANGED|ADJUST_RESIZE|IS_FORWARD_NAVIGATION
07-26 16:41:18.714 W/SoLoader[NativeDeps]( 8190): Falling back to custom ELF parsing when loading libstatic-webp.so, this can be slow
07-26 16:41:18.717 I/GoogleInputMethodService(15342): GoogleInputMethodService.onFinishInput():1984 
07-26 16:41:18.720 I/Module  (15342): DeviceLockedStatusModuleProvider$Module.updateDeviceLockedStatus():100 repeatCheckTimes = 0, locked = false
07-26 16:41:18.720 I/GoogleInputMethodService(15342): GoogleInputMethodService.onStartInput():1248 onStartInput(EditorInfo{EditorInfo{packageName=com.whatsapp, inputType=2c001, inputTypeString=Normal[MultiLine|CapSentences|AutoCorrect], enableLearning=true, autoCorrection=true, autoComplete=true, imeOptions=40000006, privateImeOptions=null, actionName=DONE, actionLabel=null, initialSelStart=0, initialSelEnd=0, initialCapsMode=2000, label=null, fieldId=2131430887, fieldName=null, extras=null, hintText=null, hintLocales=[]}}, false)
07-26 16:41:18.721 I/Module  (15342): DeviceLockedStatusModuleProvider$Module.updateDeviceLockedStatus():100 repeatCheckTimes = 1, locked = false
07-26 16:41:18.725 W/StickerImageFil( 8190): type=1400 audit(0.0:1672072): avc:  granted  { execute } for  path="/data/data/com.whatsapp/files/decompressed/libs.spo/libstatic-webp.so" dev="dm-46" ino=82554 scontext=u:r:untrusted_app:s0:c142,c257,c512,c768 tcontext=u:object_r:app_data_file:s0:c142,c257,c512,c768 tclass=file app=com.whatsapp
07-26 16:41:18.734 D/nativeloader( 8190): Load /data/data/com.whatsapp/files/decompressed/libs.spo/libstatic-webp.so using class loader ns clns-5 (caller=/data/app/~~8xyMVmOt34F-6njCFgvM8A==/com.whatsapp-_6sK_ThKErDJFGuOeWsJng==/base.apk!classes2.dex): ok
07-26 16:41:18.783 D/WM-SystemJobScheduler( 8190): Scheduling work ID 1982c424-44da-4455-afa6-45a473b8b049Job ID 273686
07-26 16:41:18.787 D/WM-GreedyScheduler( 8190): Starting tracking for 1982c424-44da-4455-afa6-45a473b8b049
07-26 16:41:18.790 D/WM-ConstraintTracker( 8190): E9I: initial state = NetworkState(isConnected=true, isValidated=true, isMetered=false, isNotRoaming=true)
07-26 16:41:18.790 D/WM-NetworkStateTracker( 8190): Registering network callback
07-26 16:41:18.791 D/WM-GreedyScheduler( 8190): Constraints met: Scheduling work ID WorkGenerationalId(workSpecId=1982c424-44da-4455-afa6-45a473b8b049, generation=0)
07-26 16:41:18.792 D/WM-Processor( 8190): E9O: processing WorkGenerationalId(workSpecId=1982c424-44da-4455-afa6-45a473b8b049, generation=0)
07-26 16:41:18.795 D/WM-SystemJobService( 8190): onStartJob for WorkGenerationalId(workSpecId=1982c424-44da-4455-afa6-45a473b8b049, generation=0)
07-26 16:41:18.796 D/WM-WorkerWrapper( 8190): Starting work for com.whatsapp.messaging.xmpp.XmppLifecycleWorker
07-26 16:41:18.796 D/WM-NetworkStateTracker( 8190): Network capabilities changed: [ Transports: WIFI Capabilities: NOT_METERED&INTERNET&NOT_RESTRICTED&TRUSTED&NOT_VPN&VALIDATED&NOT_ROAMING&FOREGROUND&NOT_CONGESTED&NOT_SUSPENDED&NOT_VCN_MANAGED LinkUpBandwidth>=27876Kbps LinkDnBandwidth>=33974Kbps TransportInfo: <SSID: <unknown ssid>, BSSID: 02:**:**:**:00:00, MAC: 02:**:**:**:00:00, Security type: 2, Supplicant state: COMPLETED, Wi-Fi standard: 4, RSSI: -69, Link speed: 144Mbps, Tx Link speed: 39Mbps, Max Supported Tx Link speed: 300Mbps, Rx Link speed: 78Mbps, Max Supported Rx Link speed: 300Mbps, Frequency: 2462MHz, Net ID: -1, Metered hint: false, score: 60, isUsable: true, CarrierMerged: false, SubscriptionId: -1, IsPrimary: -1, Trusted: true, Restricted: false, Ephemeral: false, OEM paid: false, OEM private: false, OSU AP: false, FQDN: <none>, Provider friendly name: <none>, Requesting package name: <none><none>MLO Information: , Is TID-To-Link negotiation supported by the AP: false, AP MLD Address: <none>, AP MLO Link Id: <none>, AP MLO Affiliated links: <none>> SignalStrength: -69 UnderlyingNetworks: Null]
07-26 16:41:18.807 D/WM-Processor( 8190): Work WorkGenerationalId(workSpecId=1982c424-44da-4455-afa6-45a473b8b049, generation=0) is already enqueued for processing
07-26 16:41:18.866 I/AiAiPeople( 5901): [1] fragments remain to process, dispatched event [32]
07-26 16:41:18.867 I/AiAiPeople( 5901): [0] fragments remain to process, dispatched event [32]
07-26 16:41:19.034 D/OpenGLRenderer( 8190): endAllActiveAnimators on 0xb400007674c61a60 (RippleDrawable) with handle 0xb400007694b759c0
07-26 16:41:19.975 I/AiAiTextClassifier( 5901): Initialize textClassifierLib, privileged changed = [true], TC null = [false]
07-26 16:41:24.144 D/BoundBrokerSvc(29916): onUnbind: Intent { act=com.google.android.gms.pay.service.BIND dat=chimera-action:/... cmp=com.google.android.gms/.chimera.GmsApiService }
07-26 16:41:24.160 D/BoundBrokerSvc(29916): onUnbind: Intent { act=com.google.android.gms.auth.cryptauth.cryptauthservice.START dat=chimera-action:/... cmp=com.google.android.gms/.chimera.GmsBoundBrokerService }
07-26 16:41:24.166 D/BoundBrokerSvc(26549): onUnbind: Intent { act=com.google.android.gms.auth.aang.events.services.START dat=chimera-action:/... cmp=com.google.android.gms/.chimera.PersistentApiService }
07-26 16:41:24.684 I/Authzen ( 7511): [DeviceStateSyncManager] The server is in sync with current state. Nothing to do
07-26 16:41:24.706 I/Authzen (29916): [DeviceStateSyncManager] The server is in sync with current state. Nothing to do
07-26 16:41:25.756 I/AiAiConversations( 5901): [MessageActivityBroadcaster][component=ComponentInfo{com.whatsapp/com.whatsapp.Conversation}][sessionId=778231044][exitReason=DEFAULT][requiresDeletion=false] Exit Conversation
07-26 16:41:25.758 I/AiAiPeople( 5901): [0] fragments remain to process, dispatched event [32]
07-26 16:41:25.777 W/libc    ( 8190): Access denied finding property "vendor.display.enable_optimal_refresh_rate"
07-26 16:41:25.777 W/com.whatsapp( 8190): type=1400 audit(0.0:1672073): avc:  denied  { read } for  name="u:object_r:vendor_display_prop:s0" dev="tmpfs" ino=10030 scontext=u:r:untrusted_app:s0:c142,c257,c512,c768 tcontext=u:object_r:vendor_display_prop:s0 tclass=file permissive=0 app=com.whatsapp
07-26 16:41:25.781 E/OpenGLRenderer( 8190): Unable to match the desired swap behavior.
07-26 16:41:25.838 V/ImeFocusController( 8190): onWindowFocus: DecorView@b565ec9[HomeActivity] softInputMode=STATE_UNSPECIFIED|ADJUST_RESIZE
07-26 16:41:25.840 I/GoogleInputMethodService(15342): GoogleInputMethodService.onFinishInput():1984 
07-26 16:41:25.843 I/Module  (15342): DeviceLockedStatusModuleProvider$Module.updateDeviceLockedStatus():100 repeatCheckTimes = 0, locked = false
07-26 16:41:25.844 I/GoogleInputMethodService(15342): GoogleInputMethodService.onStartInput():1248 onStartInput(EditorInfo{EditorInfo{packageName=com.whatsapp, inputType=0, inputTypeString=NULL, enableLearning=false, autoCorrection=false, autoComplete=false, imeOptions=0, privateImeOptions=null, actionName=UNSPECIFIED, actionLabel=null, initialSelStart=-1, initialSelEnd=-1, initialCapsMode=0, label=null, fieldId=0, fieldName=null, extras=null, hintText=null, hintLocales=[]}}, false)
07-26 16:41:25.844 I/Module  (15342): DeviceLockedStatusModuleProvider$Module.updateDeviceLockedStatus():100 repeatCheckTimes = 1, locked = false
07-26 16:41:25.859 D/BoundBrokerSvc( 7511): onUnbind: Intent { act=com.google.android.gms.inappreach.service.START dat=chimera-action:/... cmp=com.google.android.gms/.chimera.GmsApiService }
07-26 16:41:26.082 I/ImeTracker( 8190): com.whatsapp:4fc770c1: onRequestHide at ORIGIN_CLIENT_HIDE_SOFT_INPUT reason HIDE_SOFT_INPUT
07-26 16:41:26.082 I/ImeTracker( 8190): com.whatsapp:4fc770c1: onFailed at PHASE_CLIENT_VIEW_SERVED
07-26 16:41:26.092 W/WindowOnBackDispatcher( 8190): sendCancelIfRunning: isInProgress=falsecallback=android.view.ViewRootImpl$$ExternalSyntheticLambda17@1890ec5
07-26 16:41:26.102 W/ContentCaptureEvent( 5901): Text is not a SpannableString.
07-26 16:41:26.102 W/ContentCaptureEvent( 5901): Text is not a SpannableString.
07-26 16:41:27.616 W/View    ( 8190): requestLayout() improperly called by androidx.appcompat.widget.ActionMenuView{44e7e54 V.E...... ......ID 705,0-1080,154 aid=1073741992} during layout: running second layout pass
07-26 16:41:27.659 W/com.whatsapp( 8190): Missing inline cache for boolean X.65J.A05(int, int)
07-26 16:41:28.421 I/ContentCaptureHelper( 8190): Setting logging level to OFF
07-26 16:41:28.489 W/com.whatsapp( 8190): type=1400 audit(0.0:1672074): avc:  denied  { read } for  name="u:object_r:vendor_display_prop:s0" dev="tmpfs" ino=10030 scontext=u:r:untrusted_app:s0:c142,c257,c512,c768 tcontext=u:object_r:vendor_display_prop:s0 tclass=file permissive=0 app=com.whatsapp
07-26 16:41:28.491 W/libc    ( 8190): Access denied finding property "vendor.display.enable_optimal_refresh_rate"
07-26 16:41:28.492 E/OpenGLRenderer( 8190): Unable to match the desired swap behavior.
07-26 16:41:28.495 D/BatteryStatsService( 1799): notePemString  noteWhich: 49,arg1: -2, arg2: -1, arg3: 3501, arg4: 322, name: com.android.systemui
07-26 16:41:28.520 W/TextView( 8190): onProvideContentCaptureStructure(): calling assumeLayout()
07-26 16:41:28.521 W/TextView( 8190): onProvideContentCaptureStructure(): calling assumeLayout()
07-26 16:41:28.521 W/TextView( 8190): onProvideContentCaptureStructure(): calling assumeLayout()
07-26 16:41:28.521 W/TextView( 8190): onProvideContentCaptureStructure(): calling assumeLayout()
07-26 16:41:28.526 I/ActivityTaskManager( 1799): Displayed com.whatsapp/.status.playback.StatusPlaybackActivity for user 0: +143ms
07-26 16:41:28.551 W/BottomSheetBehavior( 8190): BottomSheetBehavior now supports multiple callbacks. `setBottomSheetCallback()` removes all existing callbacks, including ones set internally by library authors, which may result in unintended behavior. This may change in the future. Please use `addBottomSheetCallback()` and `removeBottomSheetCallback()` instead to set your own callbacks.
07-26 16:41:28.551 W/BottomSheetBehavior( 8190): BottomSheetBehavior now supports multiple callbacks. `setBottomSheetCallback()` removes all existing callbacks, including ones set internally by library authors, which may result in unintended behavior. This may change in the future. Please use `addBottomSheetCallback()` and `removeBottomSheetCallback()` instead to set your own callbacks.
07-26 16:41:28.569 W/BottomSheetBehavior( 8190): BottomSheetBehavior now supports multiple callbacks. `setBottomSheetCallback()` removes all existing callbacks, including ones set internally by library authors, which may result in unintended behavior. This may change in the future. Please use `addBottomSheetCallback()` and `removeBottomSheetCallback()` instead to set your own callbacks.
07-26 16:41:28.569 W/BottomSheetBehavior( 8190): BottomSheetBehavior now supports multiple callbacks. `setBottomSheetCallback()` removes all existing callbacks, including ones set internally by library authors, which may result in unintended behavior. This may change in the future. Please use `addBottomSheetCallback()` and `removeBottomSheetCallback()` instead to set your own callbacks.
